#! /c/Source/iverilog-install/bin/vvp
:ivl_version "12.0 (devel)" "(s20150603-1110-g18392a46)";
:ivl_delay_selection "TYPICAL";
:vpi_time_precision - 12;
:vpi_module "C:\iverilog\lib\ivl\system.vpi";
:vpi_module "C:\iverilog\lib\ivl\vhdl_sys.vpi";
:vpi_module "C:\iverilog\lib\ivl\vhdl_textio.vpi";
:vpi_module "C:\iverilog\lib\ivl\v2005_math.vpi";
:vpi_module "C:\iverilog\lib\ivl\va_math.vpi";
S_000001f8f3c604c0 .scope module, "tb_async_fifo" "tb_async_fifo" 2 3;
 .timescale -9 -12;
P_000001f8f3be7f20 .param/l "ADDRSIZE" 0 2 6, +C4<00000000000000000000000000000100>;
P_000001f8f3be7f58 .param/l "DATASIZE" 0 2 5, +C4<00000000000000000000000000001000>;
v000001f8f3cbc430_0 .var/i "i", 31 0;
v000001f8f3cbc610_0 .var "rclk", 0 0;
v000001f8f3cbb850_0 .net "rdata", 7 0, L_000001f8f3c310e0;  1 drivers
v000001f8f3cbbf30_0 .net "rempty", 0 0, v000001f8f3c61dc0_0;  1 drivers
v000001f8f3cbb490_0 .var "rinc", 0 0;
v000001f8f3cbb8f0_0 .var "rrst_n", 0 0;
v000001f8f3cbb3f0_0 .var "wclk", 0 0;
v000001f8f3cbbd50_0 .var "wdata", 7 0;
v000001f8f3cbc6b0_0 .net "wfull", 0 0, v000001f8f3cbb2b0_0;  1 drivers
v000001f8f3cbc750_0 .var "winc", 0 0;
v000001f8f3cbc7f0_0 .var "wrst_n", 0 0;
E_000001f8f3c5c2d0 .event posedge, v000001f8f3c61d20_0;
S_000001f8f3c43910 .scope module, "dut" "async_fifo" 2 37, 3 3 0, S_000001f8f3c604c0;
 .timescale -9 -12;
    .port_info 0 /INPUT 1 "wclk";
    .port_info 1 /INPUT 1 "wrst_n";
    .port_info 2 /INPUT 1 "winc";
    .port_info 3 /INPUT 8 "wdata";
    .port_info 4 /OUTPUT 1 "wfull";
    .port_info 5 /INPUT 1 "rclk";
    .port_info 6 /INPUT 1 "rrst_n";
    .port_info 7 /INPUT 1 "rinc";
    .port_info 8 /OUTPUT 8 "rdata";
    .port_info 9 /OUTPUT 1 "rempty";
P_000001f8f3be7ba0 .param/l "ADDRSIZE" 0 3 6, +C4<00000000000000000000000000000100>;
P_000001f8f3be7bd8 .param/l "DATASIZE" 0 3 5, +C4<00000000000000000000000000001000>;
v000001f8f3cbca70_0 .net "raddr", 3 0, L_000001f8f3cbf090;  1 drivers
v000001f8f3cbb030_0 .net "rbin", 4 0, v000001f8f3c622c0_0;  1 drivers
v000001f8f3cbbcb0_0 .net "rclk", 0 0, v000001f8f3cbc610_0;  1 drivers
v000001f8f3cbaf90_0 .net "rdata", 7 0, L_000001f8f3c310e0;  alias, 1 drivers
v000001f8f3cbc4d0_0 .net "rempty", 0 0, v000001f8f3c61dc0_0;  alias, 1 drivers
v000001f8f3cbb670_0 .net "rinc", 0 0, v000001f8f3cbb490_0;  1 drivers
v000001f8f3cbccf0_0 .net "rptr", 4 0, v000001f8f3c63120_0;  1 drivers
v000001f8f3cbc250_0 .net "rq2_wptr", 4 0, v000001f8f3c62a40_0;  1 drivers
v000001f8f3cbc2f0_0 .net "rrst_n", 0 0, v000001f8f3cbb8f0_0;  1 drivers
v000001f8f3cbc070_0 .net "waddr", 3 0, L_000001f8f3cbbdf0;  1 drivers
v000001f8f3cbb210_0 .net "wbin", 4 0, v000001f8f3cbc390_0;  1 drivers
v000001f8f3cbbfd0_0 .net "wclk", 0 0, v000001f8f3cbb3f0_0;  1 drivers
v000001f8f3cbbe90_0 .net "wdata", 7 0, v000001f8f3cbbd50_0;  1 drivers
v000001f8f3cbce30_0 .net "wfull", 0 0, v000001f8f3cbb2b0_0;  alias, 1 drivers
v000001f8f3cbc570_0 .net "winc", 0 0, v000001f8f3cbc750_0;  1 drivers
v000001f8f3cbc110_0 .net "wptr", 4 0, v000001f8f3cbbc10_0;  1 drivers
v000001f8f3cbb710_0 .net "wq2_rptr", 4 0, v000001f8f3c62540_0;  1 drivers
v000001f8f3cbb7b0_0 .net "wrst_n", 0 0, v000001f8f3cbc7f0_0;  1 drivers
S_000001f8f3c43aa0 .scope module, "u_mem" "fifomem" 3 45, 4 3 0, S_000001f8f3c43910;
 .timescale -9 -12;
    .port_info 0 /INPUT 1 "wclk";
    .port_info 1 /INPUT 1 "wclken";
    .port_info 2 /INPUT 1 "wfull";
    .port_info 3 /INPUT 4 "waddr";
    .port_info 4 /INPUT 4 "raddr";
    .port_info 5 /INPUT 8 "wdata";
    .port_info 6 /OUTPUT 8 "rdata";
P_000001f8f3be7420 .param/l "ADDRSIZE" 0 4 6, +C4<00000000000000000000000000000100>;
P_000001f8f3be7458 .param/l "DATASIZE" 0 4 5, +C4<00000000000000000000000000001000>;
L_000001f8f3c310e0 .functor BUFZ 8, L_000001f8f3cbc890, C4<00000000>, C4<00000000>, C4<00000000>;
v000001f8f3c62ea0_0 .net *"_ivl_0", 7 0, L_000001f8f3cbc890;  1 drivers
v000001f8f3c63800_0 .net *"_ivl_2", 5 0, L_000001f8f3cbc930;  1 drivers
L_000001f8f3cf0088 .functor BUFT 1, C4<00>, C4<0>, C4<0>, C4<0>;
v000001f8f3c63760_0 .net *"_ivl_5", 1 0, L_000001f8f3cf0088;  1 drivers
v000001f8f3c61e60 .array "mem", 15 0, 7 0;
v000001f8f3c620e0_0 .net "raddr", 3 0, L_000001f8f3cbf090;  alias, 1 drivers
v000001f8f3c62860_0 .net "rdata", 7 0, L_000001f8f3c310e0;  alias, 1 drivers
v000001f8f3c62720_0 .net "waddr", 3 0, L_000001f8f3cbbdf0;  alias, 1 drivers
v000001f8f3c61c80_0 .net "wclk", 0 0, v000001f8f3cbb3f0_0;  alias, 1 drivers
v000001f8f3c62680_0 .net "wclken", 0 0, v000001f8f3cbc750_0;  alias, 1 drivers
v000001f8f3c62fe0_0 .net "wdata", 7 0, v000001f8f3cbbd50_0;  alias, 1 drivers
v000001f8f3c61b40_0 .net "wfull", 0 0, v000001f8f3cbb2b0_0;  alias, 1 drivers
E_000001f8f3c5cc90 .event posedge, v000001f8f3c61c80_0;
L_000001f8f3cbc890 .array/port v000001f8f3c61e60, L_000001f8f3cbc930;
L_000001f8f3cbc930 .concat [ 4 2 0 0], L_000001f8f3cbf090, L_000001f8f3cf0088;
S_000001f8f3c43c30 .scope module, "u_rptr" "rptr_empty" 3 110, 5 3 0, S_000001f8f3c43910;
 .timescale -9 -12;
    .port_info 0 /INPUT 1 "rclk";
    .port_info 1 /INPUT 1 "rrst_n";
    .port_info 2 /INPUT 1 "rinc";
    .port_info 3 /INPUT 5 "rq2_wptr";
    .port_info 4 /OUTPUT 1 "rempty";
    .port_info 5 /OUTPUT 5 "rptr";
    .port_info 6 /OUTPUT 5 "rbin";
    .port_info 7 /OUTPUT 4 "raddr";
P_000001f8f3c5cc10 .param/l "ADDRSIZE" 0 5 5, +C4<00000000000000000000000000000100>;
L_000001f8f3c31b60 .functor NOT 5, L_000001f8f3cbe410, C4<00000>, C4<00000>, C4<00000>;
L_000001f8f3c314d0 .functor AND 5, L_000001f8f3cbe730, L_000001f8f3c31b60, C4<11111>, C4<11111>;
L_000001f8f3c31540 .functor XOR 5, L_000001f8f3cbe9b0, L_000001f8f3cbf130, C4<00000>, C4<00000>;
v000001f8f3c62ae0_0 .net *"_ivl_10", 4 0, L_000001f8f3c31b60;  1 drivers
v000001f8f3c63620_0 .net *"_ivl_12", 4 0, L_000001f8f3c314d0;  1 drivers
v000001f8f3c62040_0 .net *"_ivl_16", 4 0, L_000001f8f3cbe9b0;  1 drivers
v000001f8f3c63580_0 .net *"_ivl_18", 3 0, L_000001f8f3cbe0f0;  1 drivers
v000001f8f3c62900_0 .net *"_ivl_2", 4 0, L_000001f8f3cbe730;  1 drivers
L_000001f8f3cf0238 .functor BUFT 1, C4<0>, C4<0>, C4<0>, C4<0>;
v000001f8f3c627c0_0 .net *"_ivl_20", 0 0, L_000001f8f3cf0238;  1 drivers
L_000001f8f3cf01a8 .functor BUFT 1, C4<0000>, C4<0>, C4<0>, C4<0>;
v000001f8f3c61fa0_0 .net *"_ivl_5", 3 0, L_000001f8f3cf01a8;  1 drivers
v000001f8f3c62180_0 .net *"_ivl_6", 4 0, L_000001f8f3cbe410;  1 drivers
L_000001f8f3cf01f0 .functor BUFT 1, C4<0000>, C4<0>, C4<0>, C4<0>;
v000001f8f3c62400_0 .net *"_ivl_9", 3 0, L_000001f8f3cf01f0;  1 drivers
v000001f8f3c62220_0 .net "raddr", 3 0, L_000001f8f3cbf090;  alias, 1 drivers
v000001f8f3c622c0_0 .var "rbin", 4 0;
v000001f8f3c61be0_0 .net "rbinnext", 4 0, L_000001f8f3cbf130;  1 drivers
v000001f8f3c61d20_0 .net "rclk", 0 0, v000001f8f3cbc610_0;  alias, 1 drivers
v000001f8f3c61dc0_0 .var "rempty", 0 0;
v000001f8f3c63080_0 .net "rempty_val", 0 0, L_000001f8f3cbecd0;  1 drivers
v000001f8f3c638a0_0 .net "rgraynext", 4 0, L_000001f8f3c31540;  1 drivers
v000001f8f3c62360_0 .net "rinc", 0 0, v000001f8f3cbb490_0;  alias, 1 drivers
v000001f8f3c63120_0 .var "rptr", 4 0;
v000001f8f3c636c0_0 .net "rq2_wptr", 4 0, v000001f8f3c62a40_0;  alias, 1 drivers
v000001f8f3c63260_0 .net "rrst_n", 0 0, v000001f8f3cbb8f0_0;  alias, 1 drivers
E_000001f8f3c5c050/0 .event negedge, v000001f8f3c63260_0;
E_000001f8f3c5c050/1 .event posedge, v000001f8f3c61d20_0;
E_000001f8f3c5c050 .event/or E_000001f8f3c5c050/0, E_000001f8f3c5c050/1;
L_000001f8f3cbf090 .part v000001f8f3c622c0_0, 0, 4;
L_000001f8f3cbe730 .concat [ 1 4 0 0], v000001f8f3cbb490_0, L_000001f8f3cf01a8;
L_000001f8f3cbe410 .concat [ 1 4 0 0], v000001f8f3c61dc0_0, L_000001f8f3cf01f0;
L_000001f8f3cbf130 .arith/sum 5, v000001f8f3c622c0_0, L_000001f8f3c314d0;
L_000001f8f3cbe0f0 .part L_000001f8f3cbf130, 1, 4;
L_000001f8f3cbe9b0 .concat [ 4 1 0 0], L_000001f8f3cbe0f0, L_000001f8f3cf0238;
L_000001f8f3cbecd0 .cmp/eq 5, L_000001f8f3c31540, v000001f8f3c62a40_0;
S_000001f8f3c3d680 .scope module, "u_sync_r2w" "sync_r2w" 3 62, 6 3 0, S_000001f8f3c43910;
 .timescale -9 -12;
    .port_info 0 /INPUT 1 "wclk";
    .port_info 1 /INPUT 1 "wrst_n";
    .port_info 2 /INPUT 5 "rptr";
    .port_info 3 /OUTPUT 5 "wq2_rptr";
P_000001f8f3c5d0d0 .param/l "ADDRSIZE" 0 6 5, +C4<00000000000000000000000000000100>;
v000001f8f3c63940_0 .net "rptr", 4 0, v000001f8f3c63120_0;  alias, 1 drivers
v000001f8f3c631c0_0 .net "wclk", 0 0, v000001f8f3cbb3f0_0;  alias, 1 drivers
v000001f8f3c624a0_0 .var "wq1_rptr", 4 0;
v000001f8f3c62540_0 .var "wq2_rptr", 4 0;
v000001f8f3c62cc0_0 .net "wrst_n", 0 0, v000001f8f3cbc7f0_0;  alias, 1 drivers
E_000001f8f3c5d2d0/0 .event negedge, v000001f8f3c62cc0_0;
E_000001f8f3c5d2d0/1 .event posedge, v000001f8f3c61c80_0;
E_000001f8f3c5d2d0 .event/or E_000001f8f3c5d2d0/0, E_000001f8f3c5d2d0/1;
S_000001f8f3c3d810 .scope module, "u_sync_w2r" "sync_w2r" 3 76, 7 3 0, S_000001f8f3c43910;
 .timescale -9 -12;
    .port_info 0 /INPUT 1 "rclk";
    .port_info 1 /INPUT 1 "rrst_n";
    .port_info 2 /INPUT 5 "wptr";
    .port_info 3 /OUTPUT 5 "rq2_wptr";
P_000001f8f3c5dc10 .param/l "ADDRSIZE" 0 7 5, +C4<00000000000000000000000000000100>;
v000001f8f3c625e0_0 .net "rclk", 0 0, v000001f8f3cbc610_0;  alias, 1 drivers
v000001f8f3c629a0_0 .var "rq1_wptr", 4 0;
v000001f8f3c62a40_0 .var "rq2_wptr", 4 0;
v000001f8f3c62b80_0 .net "rrst_n", 0 0, v000001f8f3cbb8f0_0;  alias, 1 drivers
v000001f8f3c639e0_0 .net "wptr", 4 0, v000001f8f3cbbc10_0;  alias, 1 drivers
S_000001f8f3c3d9a0 .scope module, "u_wptr" "wptr_full" 3 90, 8 3 0, S_000001f8f3c43910;
 .timescale -9 -12;
    .port_info 0 /INPUT 1 "wclk";
    .port_info 1 /INPUT 1 "wrst_n";
    .port_info 2 /INPUT 1 "winc";
    .port_info 3 /INPUT 5 "wq2_rptr";
    .port_info 4 /OUTPUT 1 "wfull";
    .port_info 5 /OUTPUT 5 "wptr";
    .port_info 6 /OUTPUT 5 "wbin";
    .port_info 7 /OUTPUT 4 "waddr";
P_000001f8f3c5cfd0 .param/l "ADDRSIZE" 0 8 5, +C4<00000000000000000000000000000100>;
L_000001f8f3c311c0 .functor NOT 5, L_000001f8f3cbb990, C4<00000>, C4<00000>, C4<00000>;
L_000001f8f3c313f0 .functor AND 5, L_000001f8f3cbc9d0, L_000001f8f3c311c0, C4<11111>, C4<11111>;
L_000001f8f3c31460 .functor XOR 5, L_000001f8f3cbcd90, L_000001f8f3cbcb10, C4<00000>, C4<00000>;
L_000001f8f3c317e0 .functor NOT 2, L_000001f8f3cbba30, C4<00>, C4<00>, C4<00>;
v000001f8f3c63300_0 .net *"_ivl_10", 4 0, L_000001f8f3c311c0;  1 drivers
v000001f8f3c633a0_0 .net *"_ivl_12", 4 0, L_000001f8f3c313f0;  1 drivers
v000001f8f3c62c20_0 .net *"_ivl_16", 4 0, L_000001f8f3cbcd90;  1 drivers
v000001f8f3c62d60_0 .net *"_ivl_18", 3 0, L_000001f8f3cbcbb0;  1 drivers
v000001f8f3c634e0_0 .net *"_ivl_2", 4 0, L_000001f8f3cbc9d0;  1 drivers
L_000001f8f3cf0160 .functor BUFT 1, C4<0>, C4<0>, C4<0>, C4<0>;
v000001f8f3c63440_0 .net *"_ivl_20", 0 0, L_000001f8f3cf0160;  1 drivers
v000001f8f3c62e00_0 .net *"_ivl_25", 1 0, L_000001f8f3cbba30;  1 drivers
v000001f8f3c62f40_0 .net *"_ivl_26", 1 0, L_000001f8f3c317e0;  1 drivers
v000001f8f3c30aa0_0 .net *"_ivl_29", 2 0, L_000001f8f3cbbad0;  1 drivers
v000001f8f3c30640_0 .net *"_ivl_30", 4 0, L_000001f8f3cbf9f0;  1 drivers
L_000001f8f3cf00d0 .functor BUFT 1, C4<0000>, C4<0>, C4<0>, C4<0>;
v000001f8f3c30780_0 .net *"_ivl_5", 3 0, L_000001f8f3cf00d0;  1 drivers
v000001f8f3c2fec0_0 .net *"_ivl_6", 4 0, L_000001f8f3cbb990;  1 drivers
L_000001f8f3cf0118 .functor BUFT 1, C4<0000>, C4<0>, C4<0>, C4<0>;
v000001f8f3c300a0_0 .net *"_ivl_9", 3 0, L_000001f8f3cf0118;  1 drivers
v000001f8f3cbb530_0 .net "waddr", 3 0, L_000001f8f3cbbdf0;  alias, 1 drivers
v000001f8f3cbc390_0 .var "wbin", 4 0;
v000001f8f3cbcc50_0 .net "wbinnext", 4 0, L_000001f8f3cbcb10;  1 drivers
v000001f8f3cbb0d0_0 .net "wclk", 0 0, v000001f8f3cbb3f0_0;  alias, 1 drivers
v000001f8f3cbb2b0_0 .var "wfull", 0 0;
v000001f8f3cbb5d0_0 .net "wfull_val", 0 0, L_000001f8f3cbfdb0;  1 drivers
v000001f8f3cbc1b0_0 .net "wgraynext", 4 0, L_000001f8f3c31460;  1 drivers
v000001f8f3cbbb70_0 .net "winc", 0 0, v000001f8f3cbc750_0;  alias, 1 drivers
v000001f8f3cbbc10_0 .var "wptr", 4 0;
v000001f8f3cbb170_0 .net "wq2_rptr", 4 0, v000001f8f3c62540_0;  alias, 1 drivers
v000001f8f3cbb350_0 .net "wrst_n", 0 0, v000001f8f3cbc7f0_0;  alias, 1 drivers
L_000001f8f3cbbdf0 .part v000001f8f3cbc390_0, 0, 4;
L_000001f8f3cbc9d0 .concat [ 1 4 0 0], v000001f8f3cbc750_0, L_000001f8f3cf00d0;
L_000001f8f3cbb990 .concat [ 1 4 0 0], v000001f8f3cbb2b0_0, L_000001f8f3cf0118;
L_000001f8f3cbcb10 .arith/sum 5, v000001f8f3cbc390_0, L_000001f8f3c313f0;
L_000001f8f3cbcbb0 .part L_000001f8f3cbcb10, 1, 4;
L_000001f8f3cbcd90 .concat [ 4 1 0 0], L_000001f8f3cbcbb0, L_000001f8f3cf0160;
L_000001f8f3cbba30 .part v000001f8f3c62540_0, 3, 2;
L_000001f8f3cbbad0 .part v000001f8f3c62540_0, 0, 3;
L_000001f8f3cbf9f0 .concat [ 3 2 0 0], L_000001f8f3cbbad0, L_000001f8f3c317e0;
L_000001f8f3cbfdb0 .cmp/eq 5, L_000001f8f3c31460, L_000001f8f3cbf9f0;
    .scope S_000001f8f3c43aa0;
T_0 ;
    %wait E_000001f8f3c5cc90;
    %load/vec4 v000001f8f3c62680_0;
    %load/vec4 v000001f8f3c61b40_0;
    %nor/r;
    %and;
    %flag_set/vec4 8;
    %jmp/0xz  T_0.0, 8;
    %load/vec4 v000001f8f3c62fe0_0;
    %load/vec4 v000001f8f3c62720_0;
    %pad/u 6;
    %ix/vec4 3;
    %ix/load 4, 0, 0; Constant delay
    %assign/vec4/a/d v000001f8f3c61e60, 0, 4;
T_0.0 ;
    %jmp T_0;
    .thread T_0;
    .scope S_000001f8f3c3d680;
T_1 ;
    %wait E_000001f8f3c5d2d0;
    %load/vec4 v000001f8f3c62cc0_0;
    %nor/r;
    %flag_set/vec4 8;
    %jmp/0xz  T_1.0, 8;
    %pushi/vec4 0, 0, 5;
    %assign/vec4 v000001f8f3c624a0_0, 0;
    %pushi/vec4 0, 0, 5;
    %assign/vec4 v000001f8f3c62540_0, 0;
    %jmp T_1.1;
T_1.0 ;
    %load/vec4 v000001f8f3c63940_0;
    %assign/vec4 v000001f8f3c624a0_0, 0;
    %load/vec4 v000001f8f3c624a0_0;
    %assign/vec4 v000001f8f3c62540_0, 0;
T_1.1 ;
    %jmp T_1;
    .thread T_1;
    .scope S_000001f8f3c3d810;
T_2 ;
    %wait E_000001f8f3c5c050;
    %load/vec4 v000001f8f3c62b80_0;
    %nor/r;
    %flag_set/vec4 8;
    %jmp/0xz  T_2.0, 8;
    %pushi/vec4 0, 0, 5;
    %assign/vec4 v000001f8f3c629a0_0, 0;
    %pushi/vec4 0, 0, 5;
    %assign/vec4 v000001f8f3c62a40_0, 0;
    %jmp T_2.1;
T_2.0 ;
    %load/vec4 v000001f8f3c639e0_0;
    %assign/vec4 v000001f8f3c629a0_0, 0;
    %load/vec4 v000001f8f3c629a0_0;
    %assign/vec4 v000001f8f3c62a40_0, 0;
T_2.1 ;
    %jmp T_2;
    .thread T_2;
    .scope S_000001f8f3c3d9a0;
T_3 ;
    %wait E_000001f8f3c5d2d0;
    %load/vec4 v000001f8f3cbb350_0;
    %nor/r;
    %flag_set/vec4 8;
    %jmp/0xz  T_3.0, 8;
    %pushi/vec4 0, 0, 5;
    %assign/vec4 v000001f8f3cbc390_0, 0;
    %pushi/vec4 0, 0, 5;
    %assign/vec4 v000001f8f3cbbc10_0, 0;
    %pushi/vec4 0, 0, 1;
    %assign/vec4 v000001f8f3cbb2b0_0, 0;
    %jmp T_3.1;
T_3.0 ;
    %load/vec4 v000001f8f3cbcc50_0;
    %assign/vec4 v000001f8f3cbc390_0, 0;
    %load/vec4 v000001f8f3cbc1b0_0;
    %assign/vec4 v000001f8f3cbbc10_0, 0;
    %load/vec4 v000001f8f3cbb5d0_0;
    %assign/vec4 v000001f8f3cbb2b0_0, 0;
T_3.1 ;
    %jmp T_3;
    .thread T_3;
    .scope S_000001f8f3c43c30;
T_4 ;
    %wait E_000001f8f3c5c050;
    %load/vec4 v000001f8f3c63260_0;
    %nor/r;
    %flag_set/vec4 8;
    %jmp/0xz  T_4.0, 8;
    %pushi/vec4 0, 0, 5;
    %assign/vec4 v000001f8f3c622c0_0, 0;
    %pushi/vec4 0, 0, 5;
    %assign/vec4 v000001f8f3c63120_0, 0;
    %pushi/vec4 1, 0, 1;
    %assign/vec4 v000001f8f3c61dc0_0, 0;
    %jmp T_4.1;
T_4.0 ;
    %load/vec4 v000001f8f3c61be0_0;
    %assign/vec4 v000001f8f3c622c0_0, 0;
    %load/vec4 v000001f8f3c638a0_0;
    %assign/vec4 v000001f8f3c63120_0, 0;
    %load/vec4 v000001f8f3c63080_0;
    %assign/vec4 v000001f8f3c61dc0_0, 0;
T_4.1 ;
    %jmp T_4;
    .thread T_4;
    .scope S_000001f8f3c604c0;
T_5 ;
    %pushi/vec4 0, 0, 1;
    %store/vec4 v000001f8f3cbb3f0_0, 0, 1;
T_5.0 ;
    %delay 5000, 0;
    %load/vec4 v000001f8f3cbb3f0_0;
    %inv;
    %store/vec4 v000001f8f3cbb3f0_0, 0, 1;
    %jmp T_5.0;
    %end;
    .thread T_5;
    .scope S_000001f8f3c604c0;
T_6 ;
    %pushi/vec4 0, 0, 1;
    %store/vec4 v000001f8f3cbc610_0, 0, 1;
T_6.0 ;
    %delay 7000, 0;
    %load/vec4 v000001f8f3cbc610_0;
    %inv;
    %store/vec4 v000001f8f3cbc610_0, 0, 1;
    %jmp T_6.0;
    %end;
    .thread T_6;
    .scope S_000001f8f3c604c0;
T_7 ;
    %vpi_call 2 78 "$dumpfile", "fifo.vcd" {0 0 0};
    %vpi_call 2 79 "$dumpvars", 32'sb00000000000000000000000000000000, S_000001f8f3c604c0 {0 0 0};
    %end;
    .thread T_7;
    .scope S_000001f8f3c604c0;
T_8 ;
    %pushi/vec4 0, 0, 1;
    %store/vec4 v000001f8f3cbc7f0_0, 0, 1;
    %pushi/vec4 0, 0, 1;
    %store/vec4 v000001f8f3cbb8f0_0, 0, 1;
    %pushi/vec4 0, 0, 1;
    %store/vec4 v000001f8f3cbc750_0, 0, 1;
    %pushi/vec4 0, 0, 1;
    %store/vec4 v000001f8f3cbb490_0, 0, 1;
    %pushi/vec4 0, 0, 8;
    %store/vec4 v000001f8f3cbbd50_0, 0, 8;
    %delay 30000, 0;
    %pushi/vec4 1, 0, 1;
    %store/vec4 v000001f8f3cbc7f0_0, 0, 1;
    %pushi/vec4 1, 0, 1;
    %store/vec4 v000001f8f3cbb8f0_0, 0, 1;
    %pushi/vec4 0, 0, 32;
    %store/vec4 v000001f8f3cbc430_0, 0, 32;
T_8.0 ;
    %load/vec4 v000001f8f3cbc430_0;
    %cmpi/s 8, 0, 32;
    %jmp/0xz T_8.1, 5;
    %wait E_000001f8f3c5cc90;
    %load/vec4 v000001f8f3cbc6b0_0;
    %nor/r;
    %flag_set/vec4 8;
    %jmp/0xz  T_8.2, 8;
    %pushi/vec4 1, 0, 1;
    %store/vec4 v000001f8f3cbc750_0, 0, 1;
    %load/vec4 v000001f8f3cbc430_0;
    %addi 17, 0, 32;
    %pad/u 8;
    %store/vec4 v000001f8f3cbbd50_0, 0, 8;
    %vpi_call 2 118 "$display", "[WRITE] Time=%0t Data=%h", $time, v000001f8f3cbbd50_0 {0 0 0};
T_8.2 ;
    %load/vec4 v000001f8f3cbc430_0;
    %addi 1, 0, 32;
    %store/vec4 v000001f8f3cbc430_0, 0, 32;
    %jmp T_8.0;
T_8.1 ;
    %wait E_000001f8f3c5cc90;
    %pushi/vec4 0, 0, 1;
    %store/vec4 v000001f8f3cbc750_0, 0, 1;
    %pushi/vec4 3, 0, 32;
T_8.4 %dup/vec4;
    %pushi/vec4 0, 0, 32;
    %cmp/s;
    %jmp/1xz T_8.5, 5;
    %jmp/1 T_8.5, 4;
    %pushi/vec4 1, 0, 32;
    %sub;
    %wait E_000001f8f3c5c2d0;
    %jmp T_8.4;
T_8.5 ;
    %pop/vec4 1;
    %pushi/vec4 0, 0, 32;
    %store/vec4 v000001f8f3cbc430_0, 0, 32;
T_8.6 ;
    %load/vec4 v000001f8f3cbc430_0;
    %cmpi/s 8, 0, 32;
    %jmp/0xz T_8.7, 5;
    %wait E_000001f8f3c5c2d0;
    %load/vec4 v000001f8f3cbbf30_0;
    %nor/r;
    %flag_set/vec4 8;
    %jmp/0xz  T_8.8, 8;
    %pushi/vec4 1, 0, 1;
    %store/vec4 v000001f8f3cbb490_0, 0, 1;
T_8.8 ;
    %wait E_000001f8f3c5c2d0;
    %pushi/vec4 0, 0, 1;
    %store/vec4 v000001f8f3cbb490_0, 0, 1;
    %delay 1000, 0;
    %vpi_call 2 156 "$display", "[READ ] Time=%0t Data=%h", $time, v000001f8f3cbb850_0 {0 0 0};
    %load/vec4 v000001f8f3cbc430_0;
    %addi 1, 0, 32;
    %store/vec4 v000001f8f3cbc430_0, 0, 32;
    %jmp T_8.6;
T_8.7 ;
    %wait E_000001f8f3c5c2d0;
    %pushi/vec4 0, 0, 1;
    %store/vec4 v000001f8f3cbb490_0, 0, 1;
    %delay 100000, 0;
    %vpi_call 2 169 "$finish" {0 0 0};
    %end;
    .thread T_8;
# The file index is used to find the file name in the following table.
:file_names 9;
    "N/A";
    "<interactive>";
    "tb_async_fifo.v";
    "async_fifo.v";
    "fifomem.v";
    "rptr_empty.v";
    "sync_r2w.v";
    "sync_w2r.v";
    "wptr_full.v";
