#! /c/Source/iverilog-install/bin/vvp
:ivl_version "12.0 (devel)" "(s20150603-1110-g18392a46)";
:ivl_delay_selection "TYPICAL";
:vpi_time_precision - 12;
:vpi_module "C:\iverilog\lib\ivl\system.vpi";
:vpi_module "C:\iverilog\lib\ivl\vhdl_sys.vpi";
:vpi_module "C:\iverilog\lib\ivl\vhdl_textio.vpi";
:vpi_module "C:\iverilog\lib\ivl\v2005_math.vpi";
:vpi_module "C:\iverilog\lib\ivl\va_math.vpi";
S_00000287d2224e70 .scope module, "tb_async_fifo_advanced" "tb_async_fifo_advanced" 2 3;
 .timescale -9 -12;
P_00000287d224b350 .param/l "ADDRSIZE" 0 2 6, +C4<00000000000000000000000000000100>;
P_00000287d224b388 .param/l "DATASIZE" 0 2 5, +C4<00000000000000000000000000001000>;
v00000287d22b3040_0 .var/i "i", 31 0;
v00000287d22b2dc0_0 .var "rclk", 0 0;
v00000287d22b2e60_0 .net "rdata", 7 0, L_00000287d221a800;  1 drivers
v00000287d22b2f00_0 .net "rempty", 0 0, v00000287d2257340_0;  1 drivers
v00000287d22b3d60_0 .var "rinc", 0 0;
v00000287d22b35e0_0 .var "rrst_n", 0 0;
v00000287d22b2640_0 .var "wclk", 0 0;
v00000287d22b26e0_0 .var "wdata", 7 0;
v00000287d22b2960_0 .net "wfull", 0 0, v00000287d22b3f40_0;  1 drivers
v00000287d22b3ea0_0 .var "winc", 0 0;
v00000287d22b2aa0_0 .var "wrst_n", 0 0;
E_00000287d2222b00 .event negedge, v00000287d2258740_0;
E_00000287d2222ec0 .event posedge, v00000287d2258740_0;
E_00000287d22223c0 .event negedge, v00000287d2256c60_0;
S_00000287d22252e0 .scope module, "dut" "async_fifo" 2 31, 3 3 0, S_00000287d2224e70;
 .timescale -9 -12;
    .port_info 0 /INPUT 1 "wclk";
    .port_info 1 /INPUT 1 "wrst_n";
    .port_info 2 /INPUT 1 "winc";
    .port_info 3 /INPUT 8 "wdata";
    .port_info 4 /OUTPUT 1 "wfull";
    .port_info 5 /INPUT 1 "rclk";
    .port_info 6 /INPUT 1 "rrst_n";
    .port_info 7 /INPUT 1 "rinc";
    .port_info 8 /OUTPUT 8 "rdata";
    .port_info 9 /OUTPUT 1 "rempty";
P_00000287d224c1d0 .param/l "ADDRSIZE" 0 3 6, +C4<00000000000000000000000000000100>;
P_00000287d224c208 .param/l "DATASIZE" 0 3 5, +C4<00000000000000000000000000001000>;
v00000287d22b23c0_0 .net "raddr", 3 0, L_00000287d22b5550;  1 drivers
v00000287d22b2c80_0 .net "rbin", 4 0, v00000287d2256f80_0;  1 drivers
v00000287d22b3cc0_0 .net "rclk", 0 0, v00000287d22b2dc0_0;  1 drivers
v00000287d22b3e00_0 .net "rdata", 7 0, L_00000287d221a800;  alias, 1 drivers
v00000287d22b3fe0_0 .net "rempty", 0 0, v00000287d2257340_0;  alias, 1 drivers
v00000287d22b32c0_0 .net "rinc", 0 0, v00000287d22b3d60_0;  1 drivers
v00000287d22b2460_0 .net "rptr", 4 0, v00000287d22582e0_0;  1 drivers
v00000287d22b3540_0 .net "rq2_wptr", 4 0, v00000287d2258560_0;  1 drivers
v00000287d22b2320_0 .net "rrst_n", 0 0, v00000287d22b35e0_0;  1 drivers
v00000287d22b4080_0 .net "waddr", 3 0, L_00000287d22b2fa0;  1 drivers
v00000287d22b3900_0 .net "wbin", 4 0, v00000287d22b3860_0;  1 drivers
v00000287d22b2be0_0 .net "wclk", 0 0, v00000287d22b2640_0;  1 drivers
v00000287d22b30e0_0 .net "wdata", 7 0, v00000287d22b26e0_0;  1 drivers
v00000287d22b2820_0 .net "wfull", 0 0, v00000287d22b3f40_0;  alias, 1 drivers
v00000287d22b2d20_0 .net "winc", 0 0, v00000287d22b3ea0_0;  1 drivers
v00000287d22b39a0_0 .net "wptr", 4 0, v00000287d22b3680_0;  1 drivers
v00000287d22b28c0_0 .net "wq2_rptr", 4 0, v00000287d2257a20_0;  1 drivers
v00000287d22b25a0_0 .net "wrst_n", 0 0, v00000287d22b2aa0_0;  1 drivers
S_00000287d2225470 .scope module, "u_mem" "fifomem" 3 45, 4 3 0, S_00000287d22252e0;
 .timescale -9 -12;
    .port_info 0 /INPUT 1 "wclk";
    .port_info 1 /INPUT 1 "wclken";
    .port_info 2 /INPUT 1 "wfull";
    .port_info 3 /INPUT 4 "waddr";
    .port_info 4 /INPUT 4 "raddr";
    .port_info 5 /INPUT 8 "wdata";
    .port_info 6 /OUTPUT 8 "rdata";
P_00000287d224ba50 .param/l "ADDRSIZE" 0 4 6, +C4<00000000000000000000000000000100>;
P_00000287d224ba88 .param/l "DATASIZE" 0 4 5, +C4<00000000000000000000000000001000>;
L_00000287d221a800 .functor BUFZ 8, L_00000287d22b3c20, C4<00000000>, C4<00000000>, C4<00000000>;
v00000287d2257660_0 .net *"_ivl_0", 7 0, L_00000287d22b3c20;  1 drivers
v00000287d22570c0_0 .net *"_ivl_2", 5 0, L_00000287d22b2b40;  1 drivers
L_00000287d2300088 .functor BUFT 1, C4<00>, C4<0>, C4<0>, C4<0>;
v00000287d2257f20_0 .net *"_ivl_5", 1 0, L_00000287d2300088;  1 drivers
v00000287d22584c0 .array "mem", 15 0, 7 0;
v00000287d2256bc0_0 .net "raddr", 3 0, L_00000287d22b5550;  alias, 1 drivers
v00000287d2257fc0_0 .net "rdata", 7 0, L_00000287d221a800;  alias, 1 drivers
v00000287d2258920_0 .net "waddr", 3 0, L_00000287d22b2fa0;  alias, 1 drivers
v00000287d2256c60_0 .net "wclk", 0 0, v00000287d22b2640_0;  alias, 1 drivers
v00000287d2258600_0 .net "wclken", 0 0, v00000287d22b3ea0_0;  alias, 1 drivers
v00000287d2258880_0 .net "wdata", 7 0, v00000287d22b26e0_0;  alias, 1 drivers
v00000287d2256d00_0 .net "wfull", 0 0, v00000287d22b3f40_0;  alias, 1 drivers
E_00000287d22222c0 .event posedge, v00000287d2256c60_0;
L_00000287d22b3c20 .array/port v00000287d22584c0, L_00000287d22b2b40;
L_00000287d22b2b40 .concat [ 4 2 0 0], L_00000287d22b5550, L_00000287d2300088;
S_00000287d223f760 .scope module, "u_rptr" "rptr_empty" 3 110, 5 3 0, S_00000287d22252e0;
 .timescale -9 -12;
    .port_info 0 /INPUT 1 "rclk";
    .port_info 1 /INPUT 1 "rrst_n";
    .port_info 2 /INPUT 1 "rinc";
    .port_info 3 /INPUT 5 "rq2_wptr";
    .port_info 4 /OUTPUT 1 "rempty";
    .port_info 5 /OUTPUT 5 "rptr";
    .port_info 6 /OUTPUT 5 "rbin";
    .port_info 7 /OUTPUT 4 "raddr";
P_00000287d2222f40 .param/l "ADDRSIZE" 0 5 5, +C4<00000000000000000000000000000100>;
L_00000287d221ab80 .functor NOT 5, L_00000287d22b4ab0, C4<00000>, C4<00000>, C4<00000>;
L_00000287d221b3d0 .functor AND 5, L_00000287d22b4a10, L_00000287d221ab80, C4<11111>, C4<11111>;
L_00000287d221b4b0 .functor XOR 5, L_00000287d22b52d0, L_00000287d22b5190, C4<00000>, C4<00000>;
v00000287d2258240_0 .net *"_ivl_10", 4 0, L_00000287d221ab80;  1 drivers
v00000287d22589c0_0 .net *"_ivl_12", 4 0, L_00000287d221b3d0;  1 drivers
v00000287d22586a0_0 .net *"_ivl_16", 4 0, L_00000287d22b52d0;  1 drivers
v00000287d2257480_0 .net *"_ivl_18", 3 0, L_00000287d22b5730;  1 drivers
v00000287d2258420_0 .net *"_ivl_2", 4 0, L_00000287d22b4a10;  1 drivers
L_00000287d2300238 .functor BUFT 1, C4<0>, C4<0>, C4<0>, C4<0>;
v00000287d2257200_0 .net *"_ivl_20", 0 0, L_00000287d2300238;  1 drivers
L_00000287d23001a8 .functor BUFT 1, C4<0000>, C4<0>, C4<0>, C4<0>;
v00000287d2256ee0_0 .net *"_ivl_5", 3 0, L_00000287d23001a8;  1 drivers
v00000287d22581a0_0 .net *"_ivl_6", 4 0, L_00000287d22b4ab0;  1 drivers
L_00000287d23001f0 .functor BUFT 1, C4<0000>, C4<0>, C4<0>, C4<0>;
v00000287d22572a0_0 .net *"_ivl_9", 3 0, L_00000287d23001f0;  1 drivers
v00000287d2257520_0 .net "raddr", 3 0, L_00000287d22b5550;  alias, 1 drivers
v00000287d2256f80_0 .var "rbin", 4 0;
v00000287d2257de0_0 .net "rbinnext", 4 0, L_00000287d22b5190;  1 drivers
v00000287d2258740_0 .net "rclk", 0 0, v00000287d22b2dc0_0;  alias, 1 drivers
v00000287d2257340_0 .var "rempty", 0 0;
v00000287d22575c0_0 .net "rempty_val", 0 0, L_00000287d22b5410;  1 drivers
v00000287d2257160_0 .net "rgraynext", 4 0, L_00000287d221b4b0;  1 drivers
v00000287d22573e0_0 .net "rinc", 0 0, v00000287d22b3d60_0;  alias, 1 drivers
v00000287d22582e0_0 .var "rptr", 4 0;
v00000287d2257ac0_0 .net "rq2_wptr", 4 0, v00000287d2258560_0;  alias, 1 drivers
v00000287d2256b20_0 .net "rrst_n", 0 0, v00000287d22b35e0_0;  alias, 1 drivers
E_00000287d2222000/0 .event negedge, v00000287d2256b20_0;
E_00000287d2222000/1 .event posedge, v00000287d2258740_0;
E_00000287d2222000 .event/or E_00000287d2222000/0, E_00000287d2222000/1;
L_00000287d22b5550 .part v00000287d2256f80_0, 0, 4;
L_00000287d22b4a10 .concat [ 1 4 0 0], v00000287d22b3d60_0, L_00000287d23001a8;
L_00000287d22b4ab0 .concat [ 1 4 0 0], v00000287d2257340_0, L_00000287d23001f0;
L_00000287d22b5190 .arith/sum 5, v00000287d2256f80_0, L_00000287d221b3d0;
L_00000287d22b5730 .part L_00000287d22b5190, 1, 4;
L_00000287d22b52d0 .concat [ 4 1 0 0], L_00000287d22b5730, L_00000287d2300238;
L_00000287d22b5410 .cmp/eq 5, L_00000287d221b4b0, v00000287d2258560_0;
S_00000287d223f8f0 .scope module, "u_sync_r2w" "sync_r2w" 3 62, 6 3 0, S_00000287d22252e0;
 .timescale -9 -12;
    .port_info 0 /INPUT 1 "wclk";
    .port_info 1 /INPUT 1 "wrst_n";
    .port_info 2 /INPUT 5 "rptr";
    .port_info 3 /OUTPUT 5 "wq2_rptr";
P_00000287d2221240 .param/l "ADDRSIZE" 0 6 5, +C4<00000000000000000000000000000100>;
v00000287d2256da0_0 .net "rptr", 4 0, v00000287d22582e0_0;  alias, 1 drivers
v00000287d2257020_0 .net "wclk", 0 0, v00000287d22b2640_0;  alias, 1 drivers
v00000287d2258380_0 .var "wq1_rptr", 4 0;
v00000287d2257a20_0 .var "wq2_rptr", 4 0;
v00000287d2256e40_0 .net "wrst_n", 0 0, v00000287d22b2aa0_0;  alias, 1 drivers
E_00000287d2222040/0 .event negedge, v00000287d2256e40_0;
E_00000287d2222040/1 .event posedge, v00000287d2256c60_0;
E_00000287d2222040 .event/or E_00000287d2222040/0, E_00000287d2222040/1;
S_00000287d223fa80 .scope module, "u_sync_w2r" "sync_w2r" 3 76, 7 3 0, S_00000287d22252e0;
 .timescale -9 -12;
    .port_info 0 /INPUT 1 "rclk";
    .port_info 1 /INPUT 1 "rrst_n";
    .port_info 2 /INPUT 5 "wptr";
    .port_info 3 /OUTPUT 5 "rq2_wptr";
P_00000287d2221900 .param/l "ADDRSIZE" 0 7 5, +C4<00000000000000000000000000000100>;
v00000287d2257700_0 .net "rclk", 0 0, v00000287d22b2dc0_0;  alias, 1 drivers
v00000287d22577a0_0 .var "rq1_wptr", 4 0;
v00000287d2258560_0 .var "rq2_wptr", 4 0;
v00000287d2257e80_0 .net "rrst_n", 0 0, v00000287d22b35e0_0;  alias, 1 drivers
v00000287d2257b60_0 .net "wptr", 4 0, v00000287d22b3680_0;  alias, 1 drivers
S_00000287d222d680 .scope module, "u_wptr" "wptr_full" 3 90, 8 3 0, S_00000287d22252e0;
 .timescale -9 -12;
    .port_info 0 /INPUT 1 "wclk";
    .port_info 1 /INPUT 1 "wrst_n";
    .port_info 2 /INPUT 1 "winc";
    .port_info 3 /INPUT 5 "wq2_rptr";
    .port_info 4 /OUTPUT 1 "wfull";
    .port_info 5 /OUTPUT 5 "wptr";
    .port_info 6 /OUTPUT 5 "wbin";
    .port_info 7 /OUTPUT 4 "waddr";
P_00000287d22218c0 .param/l "ADDRSIZE" 0 8 5, +C4<00000000000000000000000000000100>;
L_00000287d221b2f0 .functor NOT 5, L_00000287d22b3360, C4<00000>, C4<00000>, C4<00000>;
L_00000287d221b590 .functor AND 5, L_00000287d22b3220, L_00000287d221b2f0, C4<11111>, C4<11111>;
L_00000287d221a790 .functor XOR 5, L_00000287d22b3b80, L_00000287d22b34a0, C4<00000>, C4<00000>;
L_00000287d221ac60 .functor NOT 2, L_00000287d22b5d70, C4<00>, C4<00>, C4<00>;
v00000287d2257c00_0 .net *"_ivl_10", 4 0, L_00000287d221b2f0;  1 drivers
v00000287d2257840_0 .net *"_ivl_12", 4 0, L_00000287d221b590;  1 drivers
v00000287d2258060_0 .net *"_ivl_16", 4 0, L_00000287d22b3b80;  1 drivers
v00000287d22578e0_0 .net *"_ivl_18", 3 0, L_00000287d22b37c0;  1 drivers
v00000287d2257ca0_0 .net *"_ivl_2", 4 0, L_00000287d22b3220;  1 drivers
L_00000287d2300160 .functor BUFT 1, C4<0>, C4<0>, C4<0>, C4<0>;
v00000287d2258100_0 .net *"_ivl_20", 0 0, L_00000287d2300160;  1 drivers
v00000287d221cef0_0 .net *"_ivl_25", 1 0, L_00000287d22b5d70;  1 drivers
v00000287d221d490_0 .net *"_ivl_26", 1 0, L_00000287d221ac60;  1 drivers
v00000287d221d030_0 .net *"_ivl_29", 2 0, L_00000287d22b59b0;  1 drivers
v00000287d221d0d0_0 .net *"_ivl_30", 4 0, L_00000287d22b4f10;  1 drivers
L_00000287d23000d0 .functor BUFT 1, C4<0000>, C4<0>, C4<0>, C4<0>;
v00000287d221d2b0_0 .net *"_ivl_5", 3 0, L_00000287d23000d0;  1 drivers
v00000287d22b2780_0 .net *"_ivl_6", 4 0, L_00000287d22b3360;  1 drivers
L_00000287d2300118 .functor BUFT 1, C4<0000>, C4<0>, C4<0>, C4<0>;
v00000287d22b3180_0 .net *"_ivl_9", 3 0, L_00000287d2300118;  1 drivers
v00000287d22b2a00_0 .net "waddr", 3 0, L_00000287d22b2fa0;  alias, 1 drivers
v00000287d22b3860_0 .var "wbin", 4 0;
v00000287d22b2500_0 .net "wbinnext", 4 0, L_00000287d22b34a0;  1 drivers
v00000287d22b3a40_0 .net "wclk", 0 0, v00000287d22b2640_0;  alias, 1 drivers
v00000287d22b3f40_0 .var "wfull", 0 0;
v00000287d22b3ae0_0 .net "wfull_val", 0 0, L_00000287d22b5230;  1 drivers
v00000287d22b4120_0 .net "wgraynext", 4 0, L_00000287d221a790;  1 drivers
v00000287d22b3400_0 .net "winc", 0 0, v00000287d22b3ea0_0;  alias, 1 drivers
v00000287d22b3680_0 .var "wptr", 4 0;
v00000287d22b3720_0 .net "wq2_rptr", 4 0, v00000287d2257a20_0;  alias, 1 drivers
v00000287d22b41c0_0 .net "wrst_n", 0 0, v00000287d22b2aa0_0;  alias, 1 drivers
L_00000287d22b2fa0 .part v00000287d22b3860_0, 0, 4;
L_00000287d22b3220 .concat [ 1 4 0 0], v00000287d22b3ea0_0, L_00000287d23000d0;
L_00000287d22b3360 .concat [ 1 4 0 0], v00000287d22b3f40_0, L_00000287d2300118;
L_00000287d22b34a0 .arith/sum 5, v00000287d22b3860_0, L_00000287d221b590;
L_00000287d22b37c0 .part L_00000287d22b34a0, 1, 4;
L_00000287d22b3b80 .concat [ 4 1 0 0], L_00000287d22b37c0, L_00000287d2300160;
L_00000287d22b5d70 .part v00000287d2257a20_0, 3, 2;
L_00000287d22b59b0 .part v00000287d2257a20_0, 0, 3;
L_00000287d22b4f10 .concat [ 3 2 0 0], L_00000287d22b59b0, L_00000287d221ac60;
L_00000287d22b5230 .cmp/eq 5, L_00000287d221a790, L_00000287d22b4f10;
    .scope S_00000287d2225470;
T_0 ;
    %wait E_00000287d22222c0;
    %load/vec4 v00000287d2258600_0;
    %load/vec4 v00000287d2256d00_0;
    %nor/r;
    %and;
    %flag_set/vec4 8;
    %jmp/0xz  T_0.0, 8;
    %load/vec4 v00000287d2258880_0;
    %load/vec4 v00000287d2258920_0;
    %pad/u 6;
    %ix/vec4 3;
    %ix/load 4, 0, 0; Constant delay
    %assign/vec4/a/d v00000287d22584c0, 0, 4;
T_0.0 ;
    %jmp T_0;
    .thread T_0;
    .scope S_00000287d223f8f0;
T_1 ;
    %wait E_00000287d2222040;
    %load/vec4 v00000287d2256e40_0;
    %nor/r;
    %flag_set/vec4 8;
    %jmp/0xz  T_1.0, 8;
    %pushi/vec4 0, 0, 5;
    %assign/vec4 v00000287d2258380_0, 0;
    %pushi/vec4 0, 0, 5;
    %assign/vec4 v00000287d2257a20_0, 0;
    %jmp T_1.1;
T_1.0 ;
    %load/vec4 v00000287d2256da0_0;
    %assign/vec4 v00000287d2258380_0, 0;
    %load/vec4 v00000287d2258380_0;
    %assign/vec4 v00000287d2257a20_0, 0;
T_1.1 ;
    %jmp T_1;
    .thread T_1;
    .scope S_00000287d223fa80;
T_2 ;
    %wait E_00000287d2222000;
    %load/vec4 v00000287d2257e80_0;
    %nor/r;
    %flag_set/vec4 8;
    %jmp/0xz  T_2.0, 8;
    %pushi/vec4 0, 0, 5;
    %assign/vec4 v00000287d22577a0_0, 0;
    %pushi/vec4 0, 0, 5;
    %assign/vec4 v00000287d2258560_0, 0;
    %jmp T_2.1;
T_2.0 ;
    %load/vec4 v00000287d2257b60_0;
    %assign/vec4 v00000287d22577a0_0, 0;
    %load/vec4 v00000287d22577a0_0;
    %assign/vec4 v00000287d2258560_0, 0;
T_2.1 ;
    %jmp T_2;
    .thread T_2;
    .scope S_00000287d222d680;
T_3 ;
    %wait E_00000287d2222040;
    %load/vec4 v00000287d22b41c0_0;
    %nor/r;
    %flag_set/vec4 8;
    %jmp/0xz  T_3.0, 8;
    %pushi/vec4 0, 0, 5;
    %assign/vec4 v00000287d22b3860_0, 0;
    %pushi/vec4 0, 0, 5;
    %assign/vec4 v00000287d22b3680_0, 0;
    %pushi/vec4 0, 0, 1;
    %assign/vec4 v00000287d22b3f40_0, 0;
    %jmp T_3.1;
T_3.0 ;
    %load/vec4 v00000287d22b2500_0;
    %assign/vec4 v00000287d22b3860_0, 0;
    %load/vec4 v00000287d22b4120_0;
    %assign/vec4 v00000287d22b3680_0, 0;
    %load/vec4 v00000287d22b3ae0_0;
    %assign/vec4 v00000287d22b3f40_0, 0;
T_3.1 ;
    %jmp T_3;
    .thread T_3;
    .scope S_00000287d223f760;
T_4 ;
    %wait E_00000287d2222000;
    %load/vec4 v00000287d2256b20_0;
    %nor/r;
    %flag_set/vec4 8;
    %jmp/0xz  T_4.0, 8;
    %pushi/vec4 0, 0, 5;
    %assign/vec4 v00000287d2256f80_0, 0;
    %pushi/vec4 0, 0, 5;
    %assign/vec4 v00000287d22582e0_0, 0;
    %pushi/vec4 1, 0, 1;
    %assign/vec4 v00000287d2257340_0, 0;
    %jmp T_4.1;
T_4.0 ;
    %load/vec4 v00000287d2257de0_0;
    %assign/vec4 v00000287d2256f80_0, 0;
    %load/vec4 v00000287d2257160_0;
    %assign/vec4 v00000287d22582e0_0, 0;
    %load/vec4 v00000287d22575c0_0;
    %assign/vec4 v00000287d2257340_0, 0;
T_4.1 ;
    %jmp T_4;
    .thread T_4;
    .scope S_00000287d2224e70;
T_5 ;
    %pushi/vec4 0, 0, 1;
    %store/vec4 v00000287d22b2640_0, 0, 1;
T_5.0 ;
    %delay 5000, 0;
    %load/vec4 v00000287d22b2640_0;
    %inv;
    %store/vec4 v00000287d22b2640_0, 0, 1;
    %jmp T_5.0;
    %end;
    .thread T_5;
    .scope S_00000287d2224e70;
T_6 ;
    %pushi/vec4 0, 0, 1;
    %store/vec4 v00000287d22b2dc0_0, 0, 1;
T_6.0 ;
    %delay 7000, 0;
    %load/vec4 v00000287d22b2dc0_0;
    %inv;
    %store/vec4 v00000287d22b2dc0_0, 0, 1;
    %jmp T_6.0;
    %end;
    .thread T_6;
    .scope S_00000287d2224e70;
T_7 ;
    %vpi_call 2 68 "$dumpfile", "fifo_advanced.vcd" {0 0 0};
    %vpi_call 2 69 "$dumpvars", 32'sb00000000000000000000000000000000, S_00000287d2224e70 {0 0 0};
    %end;
    .thread T_7;
    .scope S_00000287d2224e70;
T_8 ;
    %pushi/vec4 0, 0, 1;
    %store/vec4 v00000287d22b2aa0_0, 0, 1;
    %pushi/vec4 0, 0, 1;
    %store/vec4 v00000287d22b35e0_0, 0, 1;
    %pushi/vec4 0, 0, 1;
    %store/vec4 v00000287d22b3ea0_0, 0, 1;
    %pushi/vec4 0, 0, 1;
    %store/vec4 v00000287d22b3d60_0, 0, 1;
    %pushi/vec4 0, 0, 8;
    %store/vec4 v00000287d22b26e0_0, 0, 8;
    %delay 30000, 0;
    %pushi/vec4 1, 0, 1;
    %store/vec4 v00000287d22b2aa0_0, 0, 1;
    %pushi/vec4 1, 0, 1;
    %store/vec4 v00000287d22b35e0_0, 0, 1;
    %vpi_call 2 96 "$display", "\012TEST1 : Filling FIFO\012" {0 0 0};
    %pushi/vec4 0, 0, 32;
    %store/vec4 v00000287d22b3040_0, 0, 32;
T_8.0 ;
    %load/vec4 v00000287d22b3040_0;
    %cmpi/s 16, 0, 32;
    %jmp/0xz T_8.1, 5;
    %wait E_00000287d22222c0;
    %load/vec4 v00000287d22b2960_0;
    %nor/r;
    %flag_set/vec4 8;
    %jmp/0xz  T_8.2, 8;
    %pushi/vec4 1, 0, 1;
    %store/vec4 v00000287d22b3ea0_0, 0, 1;
    %load/vec4 v00000287d22b3040_0;
    %pad/s 8;
    %store/vec4 v00000287d22b26e0_0, 0, 8;
    %vpi_call 2 107 "$display", "WRITE %0d", v00000287d22b3040_0 {0 0 0};
T_8.2 ;
    %load/vec4 v00000287d22b3040_0;
    %addi 1, 0, 32;
    %store/vec4 v00000287d22b3040_0, 0, 32;
    %jmp T_8.0;
T_8.1 ;
    %wait E_00000287d22222c0;
    %pushi/vec4 0, 0, 1;
    %store/vec4 v00000287d22b3ea0_0, 0, 1;
    %pushi/vec4 4, 0, 32;
T_8.4 %dup/vec4;
    %pushi/vec4 0, 0, 32;
    %cmp/s;
    %jmp/1xz T_8.5, 5;
    %jmp/1 T_8.5, 4;
    %pushi/vec4 1, 0, 32;
    %sub;
    %wait E_00000287d2222ec0;
    %jmp T_8.4;
T_8.5 ;
    %pop/vec4 1;
    %vpi_call 2 124 "$display", "\012TEST2 : Extra Write\012" {0 0 0};
    %wait E_00000287d22222c0;
    %pushi/vec4 1, 0, 1;
    %store/vec4 v00000287d22b3ea0_0, 0, 1;
    %pushi/vec4 170, 0, 8;
    %store/vec4 v00000287d22b26e0_0, 0, 8;
    %wait E_00000287d22222c0;
    %pushi/vec4 0, 0, 1;
    %store/vec4 v00000287d22b3ea0_0, 0, 1;
    %load/vec4 v00000287d22b2960_0;
    %flag_set/vec4 8;
    %jmp/0xz  T_8.6, 8;
    %vpi_call 2 136 "$display", "PASS : FULL asserted" {0 0 0};
    %jmp T_8.7;
T_8.6 ;
    %vpi_call 2 138 "$display", "FAIL : FULL not asserted" {0 0 0};
T_8.7 ;
    %vpi_call 2 144 "$display", "\012TEST3 : Reading FIFO\012" {0 0 0};
T_8.8 ;
    %load/vec4 v00000287d22b2f00_0;
    %nor/r;
    %flag_set/vec4 8;
    %jmp/0xz T_8.9, 8;
    %wait E_00000287d2222ec0;
    %pushi/vec4 1, 0, 1;
    %store/vec4 v00000287d22b3d60_0, 0, 1;
    %delay 1000, 0;
    %vpi_call 2 155 "$display", "READ %h", v00000287d22b2e60_0 {0 0 0};
    %jmp T_8.8;
T_8.9 ;
    %pushi/vec4 0, 0, 1;
    %store/vec4 v00000287d22b3d60_0, 0, 1;
    %wait E_00000287d2222ec0;
    %pushi/vec4 1, 0, 1;
    %store/vec4 v00000287d22b3d60_0, 0, 1;
    %wait E_00000287d2222ec0;
    %pushi/vec4 0, 0, 1;
    %store/vec4 v00000287d22b3d60_0, 0, 1;
    %load/vec4 v00000287d22b2f00_0;
    %flag_set/vec4 8;
    %jmp/0xz  T_8.10, 8;
    %vpi_call 2 174 "$display", "PASS : EMPTY asserted" {0 0 0};
    %jmp T_8.11;
T_8.10 ;
    %vpi_call 2 176 "$display", "FAIL : EMPTY not asserted" {0 0 0};
T_8.11 ;
    %vpi_call 2 182 "$display", "\012TEST4 : Simultaneous Read/Write\012" {0 0 0};
    %fork t_1, S_00000287d2224e70;
    %fork t_2, S_00000287d2224e70;
    %join;
    %join;
    %jmp t_0;
t_1 ;
    %pushi/vec4 0, 0, 32;
    %store/vec4 v00000287d22b3040_0, 0, 32;
T_8.12 ;
    %load/vec4 v00000287d22b3040_0;
    %cmpi/s 10, 0, 32;
    %jmp/0xz T_8.13, 5;
    %wait E_00000287d22222c0;
    %load/vec4 v00000287d22b2960_0;
    %nor/r;
    %flag_set/vec4 8;
    %jmp/0xz  T_8.14, 8;
    %pushi/vec4 1, 0, 1;
    %store/vec4 v00000287d22b3ea0_0, 0, 1;
    %load/vec4 v00000287d22b3040_0;
    %addi 50, 0, 32;
    %pad/s 8;
    %store/vec4 v00000287d22b26e0_0, 0, 8;
T_8.14 ;
    %wait E_00000287d22223c0;
    %pushi/vec4 0, 0, 1;
    %store/vec4 v00000287d22b3ea0_0, 0, 1;
    %load/vec4 v00000287d22b3040_0;
    %addi 1, 0, 32;
    %store/vec4 v00000287d22b3040_0, 0, 32;
    %jmp T_8.12;
T_8.13 ;
    %end;
t_2 ;
    %pushi/vec4 3, 0, 32;
T_8.16 %dup/vec4;
    %pushi/vec4 0, 0, 32;
    %cmp/s;
    %jmp/1xz T_8.17, 5;
    %jmp/1 T_8.17, 4;
    %pushi/vec4 1, 0, 32;
    %sub;
    %wait E_00000287d2222ec0;
    %jmp T_8.16;
T_8.17 ;
    %pop/vec4 1;
    %pushi/vec4 0, 0, 32;
    %store/vec4 v00000287d22b3040_0, 0, 32;
T_8.18 ;
    %load/vec4 v00000287d22b3040_0;
    %cmpi/s 10, 0, 32;
    %jmp/0xz T_8.19, 5;
    %wait E_00000287d2222ec0;
    %load/vec4 v00000287d22b2f00_0;
    %nor/r;
    %flag_set/vec4 8;
    %jmp/0xz  T_8.20, 8;
    %pushi/vec4 1, 0, 1;
    %store/vec4 v00000287d22b3d60_0, 0, 1;
T_8.20 ;
    %wait E_00000287d2222b00;
    %pushi/vec4 0, 0, 1;
    %store/vec4 v00000287d22b3d60_0, 0, 1;
    %load/vec4 v00000287d22b3040_0;
    %addi 1, 0, 32;
    %store/vec4 v00000287d22b3040_0, 0, 32;
    %jmp T_8.18;
T_8.19 ;
    %end;
    .scope S_00000287d2224e70;
t_0 ;
    %delay 100000, 0;
    %vpi_call 2 223 "$display", "\012Simulation Finished\012" {0 0 0};
    %vpi_call 2 225 "$finish" {0 0 0};
    %end;
    .thread T_8;
# The file index is used to find the file name in the following table.
:file_names 9;
    "N/A";
    "<interactive>";
    "tb_async_fifo_advanced.v";
    "async_fifo.v";
    "fifomem.v";
    "rptr_empty.v";
    "sync_r2w.v";
    "sync_w2r.v";
    "wptr_full.v";
