#! /c/Source/iverilog-install/bin/vvp
:ivl_version "12.0 (devel)" "(s20150603-1110-g18392a46)";
:ivl_delay_selection "TYPICAL";
:vpi_time_precision - 12;
:vpi_module "C:\iverilog\lib\ivl\system.vpi";
:vpi_module "C:\iverilog\lib\ivl\vhdl_sys.vpi";
:vpi_module "C:\iverilog\lib\ivl\vhdl_textio.vpi";
:vpi_module "C:\iverilog\lib\ivl\v2005_math.vpi";
:vpi_module "C:\iverilog\lib\ivl\va_math.vpi";
S_00000211fbe69d70 .scope module, "tb" "tb" 2 3;
 .timescale -9 -12;
v00000211fbf81400_0 .var "clk", 0 0;
v00000211fbf81ea0_0 .var "rst", 0 0;
S_00000211fbe2ebf0 .scope module, "dut" "Pipeline_Top" 2 45, 3 1 0, S_00000211fbe69d70;
 .timescale 0 0;
    .port_info 0 /INPUT 1 "clk";
    .port_info 1 /INPUT 1 "rst";
L_00000211fbfe13f0 .functor BUFZ 1, L_00000211fbfe17e0, C4<0>, C4<0>, C4<0>;
v00000211fbf79680_0 .net "ALUControlD", 3 0, v00000211fbf65fa0_0;  1 drivers
v00000211fbf78820_0 .net "ALUControlE", 3 0, v00000211fbf636d0_0;  1 drivers
v00000211fbf79720_0 .net "ALUResultE", 31 0, v00000211fbf0e130_0;  1 drivers
v00000211fbf797c0_0 .net "ALUResultM", 31 0, v00000211fbf0d870_0;  1 drivers
v00000211fbf79a40_0 .net "ALUResultW", 31 0, v00000211fbf79220_0;  1 drivers
v00000211fbf788c0_0 .net "ALUSrcD", 0 0, L_00000211fbeecc10;  1 drivers
v00000211fbf7a760_0 .net "ALUSrcE", 0 0, v00000211fbf64ad0_0;  1 drivers
v00000211fbf79ae0_0 .net "BranchD", 0 0, L_00000211fbf81040;  1 drivers
v00000211fbf79b80_0 .net "BranchE", 0 0, v00000211fbf63d10_0;  1 drivers
v00000211fbf79cc0_0 .net "FlushD", 0 0, L_00000211fbfe13f0;  1 drivers
v00000211fbf79d60_0 .net "FlushE", 0 0, L_00000211fbfe1e70;  1 drivers
v00000211fbf78a00_0 .net "ForwardAE", 1 0, v00000211fbf633b0_0;  1 drivers
v00000211fbf78140_0 .net "ForwardBE", 1 0, v00000211fbf643f0_0;  1 drivers
v00000211fbf79e00_0 .net "ImmExtD", 31 0, v00000211fbf74140_0;  1 drivers
v00000211fbf79ea0_0 .net "ImmExtE", 31 0, v00000211fbf63310_0;  1 drivers
v00000211fbf79f40_0 .net "InstrD", 31 0, v00000211fbf769e0_0;  1 drivers
v00000211fbf79fe0_0 .net "InstrE", 31 0, v00000211fbf63770_0;  1 drivers
v00000211fbf781e0_0 .net "InstrF", 31 0, L_00000211fbf81220;  1 drivers
v00000211fbf7a260_0 .net "InstrM", 31 0, v00000211fbf0cfb0_0;  1 drivers
v00000211fbf7a300_0 .net "InstrW", 31 0, v00000211fbf7a3a0_0;  1 drivers
v00000211fbf7a580_0 .net "JumpD", 0 0, L_00000211fbf81360;  1 drivers
v00000211fbf7a620_0 .net "JumpE", 0 0, v00000211fbf665e0_0;  1 drivers
v00000211fbf7a6c0_0 .net "MemWriteD", 0 0, L_00000211fbf828a0;  1 drivers
v00000211fbf78280_0 .net "MemWriteE", 0 0, v00000211fbf66860_0;  1 drivers
v00000211fbf78aa0_0 .net "MemWriteM", 0 0, v00000211fbf0d9b0_0;  1 drivers
v00000211fbf7b0c0_0 .net "PCD", 31 0, v00000211fbf77980_0;  1 drivers
v00000211fbf7bc00_0 .net "PCD_Out", 31 0, L_00000211fbeec200;  1 drivers
v00000211fbf7b200_0 .net "PCE", 31 0, v00000211fbf65e60_0;  1 drivers
v00000211fbf7b2a0_0 .net "PCF", 31 0, v00000211fbf76d00_0;  1 drivers
v00000211fbf7b660_0 .net "PCPlus4D", 31 0, v00000211fbf77c00_0;  1 drivers
v00000211fbf7b3e0_0 .net "PCPlus4D_Out", 31 0, L_00000211fbeec430;  1 drivers
v00000211fbf7ac60_0 .net "PCPlus4E", 31 0, v00000211fbf65820_0;  1 drivers
v00000211fbf7af80_0 .net "PCPlus4F", 31 0, L_00000211fbf81540;  1 drivers
v00000211fbf7b840_0 .net "PCPlus4M", 31 0, v00000211fbf0e3b0_0;  1 drivers
v00000211fbf7b340_0 .net "PCPlus4W", 31 0, v00000211fbf78d20_0;  1 drivers
v00000211fbf7b7a0_0 .net "PCSrcE", 0 0, L_00000211fbfe17e0;  1 drivers
v00000211fbf7a800_0 .net "PCTargetE", 31 0, L_00000211fbf83ca0;  1 drivers
v00000211fbf7b160_0 .net "PCWrite", 0 0, L_00000211fbfe2960;  1 drivers
v00000211fbf7ae40_0 .net "RD1_D", 31 0, L_00000211fbf812c0;  1 drivers
v00000211fbf7b480_0 .net "RD1_E", 31 0, v00000211fbf66540_0;  1 drivers
v00000211fbf7b520_0 .net "RD2_D", 31 0, L_00000211fbf82e40;  1 drivers
v00000211fbf7be80_0 .net "RD2_E", 31 0, v00000211fbf655a0_0;  1 drivers
v00000211fbf7ada0_0 .net "RD_D", 4 0, L_00000211fbf835c0;  1 drivers
v00000211fbf7b5c0_0 .net "RD_E", 4 0, v00000211fbf66680_0;  1 drivers
v00000211fbf7b020_0 .net "RD_M", 4 0, v00000211fbf0d190_0;  1 drivers
v00000211fbf7bca0_0 .net "RD_W", 4 0, v00000211fbf78640_0;  1 drivers
v00000211fbf7aee0_0 .net "RS1_D", 4 0, L_00000211fbf81ae0;  1 drivers
v00000211fbf7b700_0 .net "RS1_E", 4 0, v00000211fbf65960_0;  1 drivers
v00000211fbf7b8e0_0 .net "RS2_D", 4 0, L_00000211fbf81f40;  1 drivers
v00000211fbf7bd40_0 .net "RS2_E", 4 0, v00000211fbf66360_0;  1 drivers
v00000211fbf7b980_0 .net "ReadDataM", 31 0, L_00000211fbfe26c0;  1 drivers
v00000211fbf7ad00_0 .net "ReadDataW", 31 0, v00000211fbf78c80_0;  1 drivers
v00000211fbf7a8a0_0 .net "RegWriteD", 0 0, L_00000211fbeeceb0;  1 drivers
v00000211fbf7bac0_0 .net "RegWriteE", 0 0, v00000211fbf656e0_0;  1 drivers
v00000211fbf7abc0_0 .net "RegWriteM", 0 0, v00000211fbf0cf10_0;  1 drivers
v00000211fbf7bde0_0 .net "RegWriteW", 0 0, v00000211fbf79860_0;  1 drivers
v00000211fbf7ba20_0 .net "ResultSrcD", 1 0, L_00000211fbf815e0;  1 drivers
v00000211fbf7bb60_0 .net "ResultSrcE", 1 0, v00000211fbf65be0_0;  1 drivers
v00000211fbf7a940_0 .net "ResultSrcM", 1 0, v00000211fbf0cdd0_0;  1 drivers
v00000211fbf7a9e0_0 .net "ResultSrcW", 1 0, v00000211fbf79c20_0;  1 drivers
v00000211fbf7aa80_0 .net "ResultW", 31 0, v00000211fbf78dc0_0;  1 drivers
v00000211fbf7ab20_0 .net "StallD", 0 0, L_00000211fbfe1b60;  1 drivers
v00000211fbf83020_0 .net "WriteDataE", 31 0, L_00000211fbfe20a0;  1 drivers
v00000211fbf83480_0 .net "WriteDataM", 31 0, v00000211fbf0de10_0;  1 drivers
v00000211fbf81fe0_0 .net "clk", 0 0, v00000211fbf81400_0;  1 drivers
v00000211fbf81c20_0 .net "rst", 0 0, v00000211fbf81ea0_0;  1 drivers
S_00000211fbe2ed80 .scope module, "EX_MEM_REG" "EX_MEM" 3 338, 4 1 0, S_00000211fbe2ebf0;
 .timescale 0 0;
    .port_info 0 /INPUT 1 "clk";
    .port_info 1 /INPUT 1 "rst";
    .port_info 2 /INPUT 1 "RegWriteE";
    .port_info 3 /INPUT 1 "MemWriteE";
    .port_info 4 /INPUT 2 "ResultSrcE";
    .port_info 5 /INPUT 32 "ALUResultE";
    .port_info 6 /INPUT 32 "WriteDataE";
    .port_info 7 /INPUT 32 "PCPlus4E";
    .port_info 8 /INPUT 32 "InstrE";
    .port_info 9 /INPUT 5 "RD_E";
    .port_info 10 /OUTPUT 1 "RegWriteM";
    .port_info 11 /OUTPUT 1 "MemWriteM";
    .port_info 12 /OUTPUT 2 "ResultSrcM";
    .port_info 13 /OUTPUT 32 "ALUResultM";
    .port_info 14 /OUTPUT 32 "WriteDataM";
    .port_info 15 /OUTPUT 32 "PCPlus4M";
    .port_info 16 /OUTPUT 32 "InstrM";
    .port_info 17 /OUTPUT 5 "RD_M";
v00000211fbf0d370_0 .net "ALUResultE", 31 0, v00000211fbf0e130_0;  alias, 1 drivers
v00000211fbf0d870_0 .var "ALUResultM", 31 0;
v00000211fbf0e810_0 .net "InstrE", 31 0, v00000211fbf63770_0;  alias, 1 drivers
v00000211fbf0cfb0_0 .var "InstrM", 31 0;
v00000211fbf0da50_0 .net "MemWriteE", 0 0, v00000211fbf66860_0;  alias, 1 drivers
v00000211fbf0d9b0_0 .var "MemWriteM", 0 0;
v00000211fbf0deb0_0 .net "PCPlus4E", 31 0, v00000211fbf65820_0;  alias, 1 drivers
v00000211fbf0e3b0_0 .var "PCPlus4M", 31 0;
v00000211fbf0e270_0 .net "RD_E", 4 0, v00000211fbf66680_0;  alias, 1 drivers
v00000211fbf0d190_0 .var "RD_M", 4 0;
v00000211fbf0d910_0 .net "RegWriteE", 0 0, v00000211fbf656e0_0;  alias, 1 drivers
v00000211fbf0cf10_0 .var "RegWriteM", 0 0;
v00000211fbf0daf0_0 .net "ResultSrcE", 1 0, v00000211fbf65be0_0;  alias, 1 drivers
v00000211fbf0cdd0_0 .var "ResultSrcM", 1 0;
v00000211fbf0d410_0 .net "WriteDataE", 31 0, L_00000211fbfe20a0;  alias, 1 drivers
v00000211fbf0de10_0 .var "WriteDataM", 31 0;
v00000211fbf0dcd0_0 .net "clk", 0 0, v00000211fbf81400_0;  alias, 1 drivers
v00000211fbf0d230_0 .net "rst", 0 0, v00000211fbf81ea0_0;  alias, 1 drivers
E_00000211fbf0f060/0 .event negedge, v00000211fbf0d230_0;
E_00000211fbf0f060/1 .event posedge, v00000211fbf0dcd0_0;
E_00000211fbf0f060 .event/or E_00000211fbf0f060/0, E_00000211fbf0f060/1;
S_00000211fbe26fb0 .scope module, "EX_STAGE" "EX_Stage" 3 296, 5 1 0, S_00000211fbe2ebf0;
 .timescale 0 0;
    .port_info 0 /INPUT 1 "BranchE";
    .port_info 1 /INPUT 1 "JumpE";
    .port_info 2 /INPUT 1 "ALUSrcE";
    .port_info 3 /INPUT 4 "ALUControlE";
    .port_info 4 /INPUT 32 "RD1_E";
    .port_info 5 /INPUT 32 "RD2_E";
    .port_info 6 /INPUT 32 "ImmExtE";
    .port_info 7 /INPUT 32 "PCE";
    .port_info 8 /INPUT 32 "ALUResultM";
    .port_info 9 /INPUT 32 "ResultW";
    .port_info 10 /INPUT 2 "ForwardAE";
    .port_info 11 /INPUT 2 "ForwardBE";
    .port_info 12 /OUTPUT 1 "PCSrcE";
    .port_info 13 /OUTPUT 32 "PCTargetE";
    .port_info 14 /OUTPUT 32 "ALUResultE";
    .port_info 15 /OUTPUT 32 "WriteDataE";
L_00000211fbfe17e0 .functor OR 1, v00000211fbf665e0_0, L_00000211fbea8ac0, C4<0>, C4<0>;
L_00000211fbfe20a0 .functor BUFZ 32, v00000211fbf0e6d0_0, C4<00000000000000000000000000000000>, C4<00000000000000000000000000000000>, C4<00000000000000000000000000000000>;
v00000211fbef6130_0 .net "ALUControlE", 3 0, v00000211fbf636d0_0;  alias, 1 drivers
v00000211fbef52d0_0 .net "ALUResultE", 31 0, v00000211fbf0e130_0;  alias, 1 drivers
v00000211fbe563c0_0 .net "ALUResultM", 31 0, v00000211fbf0d870_0;  alias, 1 drivers
v00000211fbe56780_0 .net "ALUSrcE", 0 0, v00000211fbf64ad0_0;  alias, 1 drivers
v00000211fbe56820_0 .net "BranchE", 0 0, v00000211fbf63d10_0;  alias, 1 drivers
v00000211fbe55ba0_0 .net "BranchTaken", 0 0, L_00000211fbea8ac0;  1 drivers
v00000211fbee21c0_0 .net "ForwardAE", 1 0, v00000211fbf633b0_0;  alias, 1 drivers
v00000211fbf64850_0 .net "ForwardBE", 1 0, v00000211fbf643f0_0;  alias, 1 drivers
v00000211fbf64990_0 .net "ImmExtE", 31 0, v00000211fbf63310_0;  alias, 1 drivers
v00000211fbf638b0_0 .net "JumpE", 0 0, v00000211fbf665e0_0;  alias, 1 drivers
v00000211fbf647b0_0 .net "PCE", 31 0, v00000211fbf65e60_0;  alias, 1 drivers
v00000211fbf64a30_0 .net "PCSrcE", 0 0, L_00000211fbfe17e0;  alias, 1 drivers
v00000211fbf64350_0 .net "PCTargetE", 31 0, L_00000211fbf83ca0;  alias, 1 drivers
v00000211fbf63e50_0 .net "RD1_E", 31 0, v00000211fbf66540_0;  alias, 1 drivers
v00000211fbf62ff0_0 .net "RD2_E", 31 0, v00000211fbf655a0_0;  alias, 1 drivers
v00000211fbf63090_0 .net "ResultW", 31 0, v00000211fbf78dc0_0;  alias, 1 drivers
v00000211fbf63ef0_0 .net "SrcA", 31 0, v00000211fbf0d690_0;  1 drivers
v00000211fbf64cb0_0 .net "SrcB", 31 0, L_00000211fbf82bc0;  1 drivers
v00000211fbf63db0_0 .net "SrcBForward", 31 0, v00000211fbf0e6d0_0;  1 drivers
v00000211fbf648f0_0 .net "WriteDataE", 31 0, L_00000211fbfe20a0;  alias, 1 drivers
v00000211fbf64d50_0 .net "Zero", 0 0, L_00000211fbf84ba0;  1 drivers
S_00000211fbe27140 .scope module, "ALUSrc_Mux" "Mux2" 5 77, 6 1 0, S_00000211fbe26fb0;
 .timescale 0 0;
    .port_info 0 /INPUT 32 "a";
    .port_info 1 /INPUT 32 "b";
    .port_info 2 /INPUT 1 "s";
    .port_info 3 /OUTPUT 32 "c";
v00000211fbf0e450_0 .net "a", 31 0, v00000211fbf0e6d0_0;  alias, 1 drivers
v00000211fbf0e630_0 .net "b", 31 0, v00000211fbf63310_0;  alias, 1 drivers
v00000211fbf0d550_0 .net "c", 31 0, L_00000211fbf82bc0;  alias, 1 drivers
v00000211fbf0d5f0_0 .net "s", 0 0, v00000211fbf64ad0_0;  alias, 1 drivers
L_00000211fbf82bc0 .functor MUXZ 32, v00000211fbf0e6d0_0, v00000211fbf63310_0, v00000211fbf64ad0_0, C4<>;
S_00000211fbe272d0 .scope module, "BC" "Branch_Control" 5 118, 7 1 0, S_00000211fbe26fb0;
 .timescale 0 0;
    .port_info 0 /INPUT 1 "Branch";
    .port_info 1 /INPUT 1 "Zero";
    .port_info 2 /OUTPUT 1 "PCSrc";
L_00000211fbea8ac0 .functor AND 1, v00000211fbf63d10_0, L_00000211fbf84ba0, C4<1>, C4<1>;
v00000211fbf0dc30_0 .net "Branch", 0 0, v00000211fbf63d10_0;  alias, 1 drivers
v00000211fbf0e4f0_0 .net "PCSrc", 0 0, L_00000211fbea8ac0;  alias, 1 drivers
v00000211fbf0e090_0 .net "Zero", 0 0, L_00000211fbf84ba0;  alias, 1 drivers
S_00000211fbe56a20 .scope module, "ForwardA_Mux" "Mux3" 5 47, 6 20 0, S_00000211fbe26fb0;
 .timescale 0 0;
    .port_info 0 /INPUT 32 "a";
    .port_info 1 /INPUT 32 "b";
    .port_info 2 /INPUT 32 "c";
    .port_info 3 /INPUT 2 "s";
    .port_info 4 /OUTPUT 32 "d";
v00000211fbf0cb50_0 .net "a", 31 0, v00000211fbf66540_0;  alias, 1 drivers
v00000211fbf0ce70_0 .net "b", 31 0, v00000211fbf78dc0_0;  alias, 1 drivers
v00000211fbf0cd30_0 .net "c", 31 0, v00000211fbf0d870_0;  alias, 1 drivers
v00000211fbf0d690_0 .var "d", 31 0;
v00000211fbf0dd70_0 .net "s", 1 0, v00000211fbf633b0_0;  alias, 1 drivers
E_00000211fbf0f6a0 .event anyedge, v00000211fbf0dd70_0, v00000211fbf0cb50_0, v00000211fbf0ce70_0, v00000211fbf0d870_0;
S_00000211fbe56bb0 .scope module, "ForwardB_Mux" "Mux3" 5 62, 6 20 0, S_00000211fbe26fb0;
 .timescale 0 0;
    .port_info 0 /INPUT 32 "a";
    .port_info 1 /INPUT 32 "b";
    .port_info 2 /INPUT 32 "c";
    .port_info 3 /INPUT 2 "s";
    .port_info 4 /OUTPUT 32 "d";
v00000211fbf0d730_0 .net "a", 31 0, v00000211fbf655a0_0;  alias, 1 drivers
v00000211fbf0cbf0_0 .net "b", 31 0, v00000211fbf78dc0_0;  alias, 1 drivers
v00000211fbf0e590_0 .net "c", 31 0, v00000211fbf0d870_0;  alias, 1 drivers
v00000211fbf0e6d0_0 .var "d", 31 0;
v00000211fbf0e770_0 .net "s", 1 0, v00000211fbf643f0_0;  alias, 1 drivers
E_00000211fbf0f160 .event anyedge, v00000211fbf0e770_0, v00000211fbf0d730_0, v00000211fbf0ce70_0, v00000211fbf0d870_0;
S_00000211fbe56d40 .scope module, "TargetAdder" "PC_Target_Adder" 5 106, 8 1 0, S_00000211fbe26fb0;
 .timescale 0 0;
    .port_info 0 /INPUT 32 "PC";
    .port_info 1 /INPUT 32 "ImmExt";
    .port_info 2 /OUTPUT 32 "PCTarget";
v00000211fbf0d7d0_0 .net "ImmExt", 31 0, v00000211fbf63310_0;  alias, 1 drivers
v00000211fbf0db90_0 .net "PC", 31 0, v00000211fbf65e60_0;  alias, 1 drivers
v00000211fbf0df50_0 .net "PCTarget", 31 0, L_00000211fbf83ca0;  alias, 1 drivers
L_00000211fbf83ca0 .arith/sum 32, v00000211fbf65e60_0, v00000211fbf63310_0;
S_00000211fbe25eb0 .scope module, "alu" "ALU" 5 91, 9 1 0, S_00000211fbe26fb0;
 .timescale 0 0;
    .port_info 0 /INPUT 32 "A";
    .port_info 1 /INPUT 32 "B";
    .port_info 2 /INPUT 4 "ALUControl";
    .port_info 3 /OUTPUT 32 "Result";
    .port_info 4 /OUTPUT 1 "Zero";
P_00000211fbe26040 .param/l "ADD" 1 9 15, C4<0000>;
P_00000211fbe26078 .param/l "AND" 1 9 17, C4<0010>;
P_00000211fbe260b0 .param/l "OR" 1 9 18, C4<0011>;
P_00000211fbe260e8 .param/l "SLL" 1 9 21, C4<0110>;
P_00000211fbe26120 .param/l "SLT" 1 9 20, C4<0101>;
P_00000211fbe26158 .param/l "SRA" 1 9 23, C4<1000>;
P_00000211fbe26190 .param/l "SRL" 1 9 22, C4<0111>;
P_00000211fbe261c8 .param/l "SUB" 1 9 16, C4<0001>;
P_00000211fbe26200 .param/l "XOR" 1 9 19, C4<0100>;
L_00000211fbea9700 .functor NOT 32, L_00000211fbf82bc0, C4<00000000000000000000000000000000>, C4<00000000000000000000000000000000>, C4<00000000000000000000000000000000>;
v00000211fbf0dff0_0 .net "A", 31 0, v00000211fbf0d690_0;  alias, 1 drivers
v00000211fbf0d050_0 .net "ALUControl", 3 0, v00000211fbf636d0_0;  alias, 1 drivers
v00000211fbf0e8b0_0 .net "B", 31 0, L_00000211fbf82bc0;  alias, 1 drivers
v00000211fbf0e130_0 .var "Result", 31 0;
v00000211fbf0e1d0_0 .net "Sum", 31 0, L_00000211fbf830c0;  1 drivers
v00000211fbf0e310_0 .net "Zero", 0 0, L_00000211fbf84ba0;  alias, 1 drivers
L_00000211fbf85af0 .functor BUFT 1, C4<0001>, C4<0>, C4<0>, C4<0>;
v00000211fbf0ca10_0 .net/2u *"_ivl_0", 3 0, L_00000211fbf85af0;  1 drivers
v00000211fbf0cab0_0 .net *"_ivl_10", 31 0, L_00000211fbf82f80;  1 drivers
v00000211fbf0cc90_0 .net *"_ivl_12", 31 0, L_00000211fbf81b80;  1 drivers
L_00000211fbf85b80 .functor BUFT 1, C4<00000000000000000000000000000000>, C4<0>, C4<0>, C4<0>;
v00000211fbf0d0f0_0 .net/2u *"_ivl_16", 31 0, L_00000211fbf85b80;  1 drivers
v00000211fbef5ff0_0 .net *"_ivl_2", 0 0, L_00000211fbf82d00;  1 drivers
v00000211fbef6ef0_0 .net *"_ivl_4", 31 0, L_00000211fbea9700;  1 drivers
L_00000211fbf85b38 .functor BUFT 1, C4<00000000000000000000000000000001>, C4<0>, C4<0>, C4<0>;
v00000211fbef6810_0 .net/2u *"_ivl_6", 31 0, L_00000211fbf85b38;  1 drivers
v00000211fbef7030_0 .net *"_ivl_8", 31 0, L_00000211fbf82da0;  1 drivers
E_00000211fbf0fb20 .event anyedge, v00000211fbf0d050_0, v00000211fbf0e1d0_0, v00000211fbf0d690_0, v00000211fbf0d550_0;
L_00000211fbf82d00 .cmp/eq 4, v00000211fbf636d0_0, L_00000211fbf85af0;
L_00000211fbf82da0 .arith/sum 32, L_00000211fbea9700, L_00000211fbf85b38;
L_00000211fbf82f80 .arith/sum 32, v00000211fbf0d690_0, L_00000211fbf82da0;
L_00000211fbf81b80 .arith/sum 32, v00000211fbf0d690_0, L_00000211fbf82bc0;
L_00000211fbf830c0 .functor MUXZ 32, L_00000211fbf81b80, L_00000211fbf82f80, L_00000211fbf82d00, C4<>;
L_00000211fbf84ba0 .cmp/eq 32, v00000211fbf0e130_0, L_00000211fbf85b80;
S_00000211fbe3e050 .scope module, "FU" "Forwarding_Unit" 3 459, 10 1 0, S_00000211fbe2ebf0;
 .timescale 0 0;
    .port_info 0 /INPUT 5 "RS1_E";
    .port_info 1 /INPUT 5 "RS2_E";
    .port_info 2 /INPUT 5 "RD_M";
    .port_info 3 /INPUT 5 "RD_W";
    .port_info 4 /INPUT 1 "RegWriteM";
    .port_info 5 /INPUT 1 "RegWriteW";
    .port_info 6 /OUTPUT 2 "ForwardAE";
    .port_info 7 /OUTPUT 2 "ForwardBE";
v00000211fbf633b0_0 .var "ForwardAE", 1 0;
v00000211fbf643f0_0 .var "ForwardBE", 1 0;
v00000211fbf634f0_0 .net "RD_M", 4 0, v00000211fbf0d190_0;  alias, 1 drivers
v00000211fbf62eb0_0 .net "RD_W", 4 0, v00000211fbf78640_0;  alias, 1 drivers
v00000211fbf63950_0 .net "RS1_E", 4 0, v00000211fbf65960_0;  alias, 1 drivers
v00000211fbf63f90_0 .net "RS2_E", 4 0, v00000211fbf66360_0;  alias, 1 drivers
v00000211fbf63810_0 .net "RegWriteM", 0 0, v00000211fbf0cf10_0;  alias, 1 drivers
v00000211fbf639f0_0 .net "RegWriteW", 0 0, v00000211fbf79860_0;  alias, 1 drivers
E_00000211fbf0eee0/0 .event anyedge, v00000211fbf0cf10_0, v00000211fbf0d190_0, v00000211fbf63950_0, v00000211fbf639f0_0;
E_00000211fbf0eee0/1 .event anyedge, v00000211fbf62eb0_0, v00000211fbf63f90_0;
E_00000211fbf0eee0 .event/or E_00000211fbf0eee0/0, E_00000211fbf0eee0/1;
S_00000211fbe3e1e0 .scope module, "HU" "Hazard_Unit" 3 479, 11 1 0, S_00000211fbe2ebf0;
 .timescale 0 0;
    .port_info 0 /INPUT 5 "RS1_D";
    .port_info 1 /INPUT 5 "RS2_D";
    .port_info 2 /INPUT 5 "RD_E";
    .port_info 3 /INPUT 2 "ResultSrcE";
    .port_info 4 /INPUT 1 "PCSrcE";
    .port_info 5 /OUTPUT 1 "PCWrite";
    .port_info 6 /OUTPUT 1 "StallD";
    .port_info 7 /OUTPUT 1 "FlushE";
L_00000211fbfe2b90 .functor AND 1, L_00000211fbf83f20, L_00000211fbf84060, C4<1>, C4<1>;
L_00000211fbfe1070 .functor OR 1, L_00000211fbf84240, L_00000211fbf83fc0, C4<0>, C4<0>;
L_00000211fbfe1bd0 .functor AND 1, L_00000211fbfe2b90, L_00000211fbfe1070, C4<1>, C4<1>;
L_00000211fbfe2960 .functor NOT 1, L_00000211fbfe1bd0, C4<0>, C4<0>, C4<0>;
L_00000211fbfe1b60 .functor BUFZ 1, L_00000211fbfe1bd0, C4<0>, C4<0>, C4<0>;
L_00000211fbfe1e70 .functor OR 1, L_00000211fbfe1bd0, L_00000211fbfe17e0, C4<0>, C4<0>;
v00000211fbf64210_0 .net "FlushE", 0 0, L_00000211fbfe1e70;  alias, 1 drivers
v00000211fbf62f50_0 .net "LoadUseHazard", 0 0, L_00000211fbfe1bd0;  1 drivers
v00000211fbf63a90_0 .net "PCSrcE", 0 0, L_00000211fbfe17e0;  alias, 1 drivers
v00000211fbf64170_0 .net "PCWrite", 0 0, L_00000211fbfe2960;  alias, 1 drivers
v00000211fbf64b70_0 .net "RD_E", 4 0, v00000211fbf66680_0;  alias, 1 drivers
v00000211fbf64c10_0 .net "RS1_D", 4 0, L_00000211fbf81ae0;  alias, 1 drivers
v00000211fbf63b30_0 .net "RS2_D", 4 0, L_00000211fbf81f40;  alias, 1 drivers
v00000211fbf64030_0 .net "ResultSrcE", 1 0, v00000211fbf65be0_0;  alias, 1 drivers
v00000211fbf640d0_0 .net "StallD", 0 0, L_00000211fbfe1b60;  alias, 1 drivers
L_00000211fbf85bc8 .functor BUFT 1, C4<01>, C4<0>, C4<0>, C4<0>;
v00000211fbf642b0_0 .net/2u *"_ivl_0", 1 0, L_00000211fbf85bc8;  1 drivers
v00000211fbf64490_0 .net *"_ivl_10", 0 0, L_00000211fbf84240;  1 drivers
v00000211fbf63bd0_0 .net *"_ivl_12", 0 0, L_00000211fbf83fc0;  1 drivers
v00000211fbf64530_0 .net *"_ivl_15", 0 0, L_00000211fbfe1070;  1 drivers
v00000211fbf645d0_0 .net *"_ivl_2", 0 0, L_00000211fbf83f20;  1 drivers
L_00000211fbf85c10 .functor BUFT 1, C4<00000>, C4<0>, C4<0>, C4<0>;
v00000211fbf64670_0 .net/2u *"_ivl_4", 4 0, L_00000211fbf85c10;  1 drivers
v00000211fbf63270_0 .net *"_ivl_6", 0 0, L_00000211fbf84060;  1 drivers
v00000211fbf63450_0 .net *"_ivl_9", 0 0, L_00000211fbfe2b90;  1 drivers
L_00000211fbf83f20 .cmp/eq 2, v00000211fbf65be0_0, L_00000211fbf85bc8;
L_00000211fbf84060 .cmp/ne 5, v00000211fbf66680_0, L_00000211fbf85c10;
L_00000211fbf84240 .cmp/eq 5, v00000211fbf66680_0, L_00000211fbf81ae0;
L_00000211fbf83fc0 .cmp/eq 5, v00000211fbf66680_0, L_00000211fbf81f40;
S_00000211fbe3e370 .scope module, "ID_EX_REG" "ID_EX" 3 229, 12 1 0, S_00000211fbe2ebf0;
 .timescale 0 0;
    .port_info 0 /INPUT 1 "clk";
    .port_info 1 /INPUT 1 "rst";
    .port_info 2 /INPUT 1 "FlushE";
    .port_info 3 /INPUT 1 "RegWriteD";
    .port_info 4 /INPUT 1 "ALUSrcD";
    .port_info 5 /INPUT 1 "MemWriteD";
    .port_info 6 /INPUT 2 "ResultSrcD";
    .port_info 7 /INPUT 1 "BranchD";
    .port_info 8 /INPUT 1 "JumpD";
    .port_info 9 /INPUT 4 "ALUControlD";
    .port_info 10 /INPUT 32 "RD1_D";
    .port_info 11 /INPUT 32 "RD2_D";
    .port_info 12 /INPUT 32 "ImmExtD";
    .port_info 13 /INPUT 32 "PCD";
    .port_info 14 /INPUT 32 "PCPlus4D";
    .port_info 15 /INPUT 32 "InstrD";
    .port_info 16 /INPUT 5 "RS1_D";
    .port_info 17 /INPUT 5 "RS2_D";
    .port_info 18 /INPUT 5 "RD_D";
    .port_info 19 /OUTPUT 1 "RegWriteE";
    .port_info 20 /OUTPUT 1 "ALUSrcE";
    .port_info 21 /OUTPUT 1 "MemWriteE";
    .port_info 22 /OUTPUT 2 "ResultSrcE";
    .port_info 23 /OUTPUT 1 "BranchE";
    .port_info 24 /OUTPUT 1 "JumpE";
    .port_info 25 /OUTPUT 4 "ALUControlE";
    .port_info 26 /OUTPUT 32 "RD1_E";
    .port_info 27 /OUTPUT 32 "RD2_E";
    .port_info 28 /OUTPUT 32 "ImmExtE";
    .port_info 29 /OUTPUT 32 "PCE";
    .port_info 30 /OUTPUT 32 "PCPlus4E";
    .port_info 31 /OUTPUT 32 "InstrE";
    .port_info 32 /OUTPUT 5 "RS1_E";
    .port_info 33 /OUTPUT 5 "RS2_E";
    .port_info 34 /OUTPUT 5 "RD_E";
v00000211fbf64710_0 .net "ALUControlD", 3 0, v00000211fbf65fa0_0;  alias, 1 drivers
v00000211fbf636d0_0 .var "ALUControlE", 3 0;
v00000211fbf63130_0 .net "ALUSrcD", 0 0, L_00000211fbeecc10;  alias, 1 drivers
v00000211fbf64ad0_0 .var "ALUSrcE", 0 0;
v00000211fbf631d0_0 .net "BranchD", 0 0, L_00000211fbf81040;  alias, 1 drivers
v00000211fbf63d10_0 .var "BranchE", 0 0;
v00000211fbf63c70_0 .net "FlushE", 0 0, L_00000211fbfe1e70;  alias, 1 drivers
v00000211fbf63590_0 .net "ImmExtD", 31 0, v00000211fbf74140_0;  alias, 1 drivers
v00000211fbf63310_0 .var "ImmExtE", 31 0;
v00000211fbf63630_0 .net "InstrD", 31 0, v00000211fbf769e0_0;  alias, 1 drivers
v00000211fbf63770_0 .var "InstrE", 31 0;
v00000211fbf658c0_0 .net "JumpD", 0 0, L_00000211fbf81360;  alias, 1 drivers
v00000211fbf665e0_0 .var "JumpE", 0 0;
v00000211fbf664a0_0 .net "MemWriteD", 0 0, L_00000211fbf828a0;  alias, 1 drivers
v00000211fbf66860_0 .var "MemWriteE", 0 0;
v00000211fbf662c0_0 .net "PCD", 31 0, L_00000211fbeec200;  alias, 1 drivers
v00000211fbf65e60_0 .var "PCE", 31 0;
v00000211fbf65a00_0 .net "PCPlus4D", 31 0, L_00000211fbeec430;  alias, 1 drivers
v00000211fbf65820_0 .var "PCPlus4E", 31 0;
v00000211fbf64f60_0 .net "RD1_D", 31 0, L_00000211fbf812c0;  alias, 1 drivers
v00000211fbf66540_0 .var "RD1_E", 31 0;
v00000211fbf65aa0_0 .net "RD2_D", 31 0, L_00000211fbf82e40;  alias, 1 drivers
v00000211fbf655a0_0 .var "RD2_E", 31 0;
v00000211fbf660e0_0 .net "RD_D", 4 0, L_00000211fbf835c0;  alias, 1 drivers
v00000211fbf66680_0 .var "RD_E", 4 0;
v00000211fbf667c0_0 .net "RS1_D", 4 0, L_00000211fbf81ae0;  alias, 1 drivers
v00000211fbf65960_0 .var "RS1_E", 4 0;
v00000211fbf65280_0 .net "RS2_D", 4 0, L_00000211fbf81f40;  alias, 1 drivers
v00000211fbf66360_0 .var "RS2_E", 4 0;
v00000211fbf65b40_0 .net "RegWriteD", 0 0, L_00000211fbeeceb0;  alias, 1 drivers
v00000211fbf656e0_0 .var "RegWriteE", 0 0;
v00000211fbf65320_0 .net "ResultSrcD", 1 0, L_00000211fbf815e0;  alias, 1 drivers
v00000211fbf65be0_0 .var "ResultSrcE", 1 0;
v00000211fbf65c80_0 .net "clk", 0 0, v00000211fbf81400_0;  alias, 1 drivers
v00000211fbf65d20_0 .net "rst", 0 0, v00000211fbf81ea0_0;  alias, 1 drivers
S_00000211fbe41900 .scope module, "ID_STAGE" "ID_Stage" 3 178, 13 1 0, S_00000211fbe2ebf0;
 .timescale 0 0;
    .port_info 0 /INPUT 1 "clk";
    .port_info 1 /INPUT 1 "rst";
    .port_info 2 /INPUT 32 "InstrD";
    .port_info 3 /INPUT 32 "PCD";
    .port_info 4 /INPUT 32 "PCPlus4D";
    .port_info 5 /INPUT 1 "RegWriteW";
    .port_info 6 /INPUT 5 "RDW";
    .port_info 7 /INPUT 32 "ResultW";
    .port_info 8 /OUTPUT 1 "RegWriteD";
    .port_info 9 /OUTPUT 1 "ALUSrcD";
    .port_info 10 /OUTPUT 1 "MemWriteD";
    .port_info 11 /OUTPUT 2 "ResultSrcD";
    .port_info 12 /OUTPUT 1 "BranchD";
    .port_info 13 /OUTPUT 1 "JumpD";
    .port_info 14 /OUTPUT 4 "ALUControlD";
    .port_info 15 /OUTPUT 32 "RD1_D";
    .port_info 16 /OUTPUT 32 "RD2_D";
    .port_info 17 /OUTPUT 32 "ImmExtD";
    .port_info 18 /OUTPUT 32 "PCD_Out";
    .port_info 19 /OUTPUT 32 "PCPlus4D_Out";
    .port_info 20 /OUTPUT 5 "RS1_D";
    .port_info 21 /OUTPUT 5 "RS2_D";
    .port_info 22 /OUTPUT 5 "RD_D";
L_00000211fbeec200 .functor BUFZ 32, v00000211fbf77980_0, C4<00000000000000000000000000000000>, C4<00000000000000000000000000000000>, C4<00000000000000000000000000000000>;
L_00000211fbeec430 .functor BUFZ 32, v00000211fbf77c00_0, C4<00000000000000000000000000000000>, C4<00000000000000000000000000000000>, C4<00000000000000000000000000000000>;
v00000211fbf732e0_0 .net "ALUControlD", 3 0, v00000211fbf65fa0_0;  alias, 1 drivers
v00000211fbf745a0_0 .net "ALUSrcD", 0 0, L_00000211fbeecc10;  alias, 1 drivers
v00000211fbf746e0_0 .net "BranchD", 0 0, L_00000211fbf81040;  alias, 1 drivers
v00000211fbf74960_0 .net "ImmExtD", 31 0, v00000211fbf74140_0;  alias, 1 drivers
v00000211fbf73880_0 .net "ImmSrc", 2 0, L_00000211fbf810e0;  1 drivers
v00000211fbf74820_0 .net "InstrD", 31 0, v00000211fbf769e0_0;  alias, 1 drivers
v00000211fbf74a00_0 .net "JumpD", 0 0, L_00000211fbf81360;  alias, 1 drivers
v00000211fbf739c0_0 .net "MemWriteD", 0 0, L_00000211fbf828a0;  alias, 1 drivers
v00000211fbf74aa0_0 .net "PCD", 31 0, v00000211fbf77980_0;  alias, 1 drivers
v00000211fbf73380_0 .net "PCD_Out", 31 0, L_00000211fbeec200;  alias, 1 drivers
v00000211fbf73420_0 .net "PCPlus4D", 31 0, v00000211fbf77c00_0;  alias, 1 drivers
v00000211fbf740a0_0 .net "PCPlus4D_Out", 31 0, L_00000211fbeec430;  alias, 1 drivers
v00000211fbf73a60_0 .net "RD1_D", 31 0, L_00000211fbf812c0;  alias, 1 drivers
v00000211fbf77de0_0 .net "RD2_D", 31 0, L_00000211fbf82e40;  alias, 1 drivers
v00000211fbf76ee0_0 .net "RDW", 4 0, v00000211fbf78640_0;  alias, 1 drivers
v00000211fbf76120_0 .net "RD_D", 4 0, L_00000211fbf835c0;  alias, 1 drivers
v00000211fbf777a0_0 .net "RS1_D", 4 0, L_00000211fbf81ae0;  alias, 1 drivers
v00000211fbf76f80_0 .net "RS2_D", 4 0, L_00000211fbf81f40;  alias, 1 drivers
v00000211fbf764e0_0 .net "RegWriteD", 0 0, L_00000211fbeeceb0;  alias, 1 drivers
v00000211fbf77d40_0 .net "RegWriteW", 0 0, v00000211fbf79860_0;  alias, 1 drivers
v00000211fbf766c0_0 .net "ResultSrcD", 1 0, L_00000211fbf815e0;  alias, 1 drivers
v00000211fbf763a0_0 .net "ResultW", 31 0, v00000211fbf78dc0_0;  alias, 1 drivers
v00000211fbf76940_0 .net "clk", 0 0, v00000211fbf81400_0;  alias, 1 drivers
v00000211fbf775c0_0 .net "rst", 0 0, v00000211fbf81ea0_0;  alias, 1 drivers
L_00000211fbf821c0 .part v00000211fbf769e0_0, 0, 7;
L_00000211fbf81860 .part v00000211fbf769e0_0, 12, 3;
L_00000211fbf82c60 .part v00000211fbf769e0_0, 25, 7;
L_00000211fbf81a40 .part v00000211fbf769e0_0, 15, 5;
L_00000211fbf83200 .part v00000211fbf769e0_0, 20, 5;
L_00000211fbf81ae0 .part v00000211fbf769e0_0, 15, 5;
L_00000211fbf81f40 .part v00000211fbf769e0_0, 20, 5;
L_00000211fbf835c0 .part v00000211fbf769e0_0, 7, 5;
S_00000211fbe41c10 .scope module, "Control" "Control_Unit_Top" 13 55, 14 1 0, S_00000211fbe41900;
 .timescale 0 0;
    .port_info 0 /INPUT 7 "Op";
    .port_info 1 /INPUT 3 "funct3";
    .port_info 2 /INPUT 7 "funct7";
    .port_info 3 /OUTPUT 1 "RegWrite";
    .port_info 4 /OUTPUT 1 "ALUSrc";
    .port_info 5 /OUTPUT 1 "MemWrite";
    .port_info 6 /OUTPUT 2 "ResultSrc";
    .port_info 7 /OUTPUT 1 "Branch";
    .port_info 8 /OUTPUT 1 "Jump";
    .port_info 9 /OUTPUT 3 "ImmSrc";
    .port_info 10 /OUTPUT 4 "ALUControl";
v00000211fbf72310_0 .net "ALUControl", 3 0, v00000211fbf65fa0_0;  alias, 1 drivers
v00000211fbf72b30_0 .net "ALUOp", 1 0, L_00000211fbf82440;  1 drivers
v00000211fbf71550_0 .net "ALUSrc", 0 0, L_00000211fbeecc10;  alias, 1 drivers
v00000211fbf71910_0 .net "Branch", 0 0, L_00000211fbf81040;  alias, 1 drivers
v00000211fbf71a50_0 .net "ImmSrc", 2 0, L_00000211fbf810e0;  alias, 1 drivers
v00000211fbf71c30_0 .net "Jump", 0 0, L_00000211fbf81360;  alias, 1 drivers
v00000211fbf71e10_0 .net "MemWrite", 0 0, L_00000211fbf828a0;  alias, 1 drivers
v00000211fbf74500_0 .net "Op", 6 0, L_00000211fbf821c0;  1 drivers
v00000211fbf74320_0 .net "RegWrite", 0 0, L_00000211fbeeceb0;  alias, 1 drivers
v00000211fbf73740_0 .net "ResultSrc", 1 0, L_00000211fbf815e0;  alias, 1 drivers
v00000211fbf73e20_0 .net "funct3", 2 0, L_00000211fbf81860;  1 drivers
v00000211fbf74d20_0 .net "funct7", 6 0, L_00000211fbf82c60;  1 drivers
S_00000211fbe26990 .scope module, "ALUDecoder" "ALU_Decoder" 14 45, 15 1 0, S_00000211fbe41c10;
 .timescale 0 0;
    .port_info 0 /INPUT 2 "ALUOp";
    .port_info 1 /INPUT 3 "funct3";
    .port_info 2 /INPUT 7 "funct7";
    .port_info 3 /INPUT 7 "op";
    .port_info 4 /OUTPUT 4 "ALUControl";
P_00000211fbe26b20 .param/l "ADD" 1 15 15, C4<0000>;
P_00000211fbe26b58 .param/l "ALU_INST" 1 15 30, C4<10>;
P_00000211fbe26b90 .param/l "AND" 1 15 17, C4<0010>;
P_00000211fbe26bc8 .param/l "BRANCH" 1 15 29, C4<01>;
P_00000211fbe26c00 .param/l "LOAD_STORE" 1 15 28, C4<00>;
P_00000211fbe26c38 .param/l "OR" 1 15 18, C4<0011>;
P_00000211fbe26c70 .param/l "RTYPE" 1 15 35, C4<0110011>;
P_00000211fbe26ca8 .param/l "SLL" 1 15 21, C4<0110>;
P_00000211fbe26ce0 .param/l "SLT" 1 15 20, C4<0101>;
P_00000211fbe26d18 .param/l "SRA" 1 15 23, C4<1000>;
P_00000211fbe26d50 .param/l "SRL" 1 15 22, C4<0111>;
P_00000211fbe26d88 .param/l "SUB" 1 15 16, C4<0001>;
P_00000211fbe26dc0 .param/l "XOR" 1 15 19, C4<0100>;
v00000211fbf65fa0_0 .var "ALUControl", 3 0;
v00000211fbf65dc0_0 .net "ALUOp", 1 0, L_00000211fbf82440;  alias, 1 drivers
v00000211fbf66900_0 .net "funct3", 2 0, L_00000211fbf81860;  alias, 1 drivers
v00000211fbf66180_0 .net "funct7", 6 0, L_00000211fbf82c60;  alias, 1 drivers
v00000211fbf65780_0 .net "op", 6 0, L_00000211fbf821c0;  alias, 1 drivers
E_00000211fbf0f760 .event anyedge, v00000211fbf65dc0_0, v00000211fbf66900_0, v00000211fbf65780_0, v00000211fbf66180_0;
S_00000211fbe5d100 .scope module, "MainDecoder" "Main_Decoder" 14 26, 16 1 0, S_00000211fbe41c10;
 .timescale 0 0;
    .port_info 0 /INPUT 7 "Op";
    .port_info 1 /OUTPUT 1 "RegWrite";
    .port_info 2 /OUTPUT 3 "ImmSrc";
    .port_info 3 /OUTPUT 1 "ALUSrc";
    .port_info 4 /OUTPUT 1 "MemWrite";
    .port_info 5 /OUTPUT 2 "ResultSrc";
    .port_info 6 /OUTPUT 1 "Branch";
    .port_info 7 /OUTPUT 1 "Jump";
    .port_info 8 /OUTPUT 2 "ALUOp";
P_00000211fbe5d290 .param/l "BRANCH" 1 16 22, C4<1100011>;
P_00000211fbe5d2c8 .param/l "ITYPE" 1 16 23, C4<0010011>;
P_00000211fbe5d300 .param/l "JAL" 1 16 24, C4<1101111>;
P_00000211fbe5d338 .param/l "LOAD" 1 16 19, C4<0000011>;
P_00000211fbe5d370 .param/l "RTYPE" 1 16 21, C4<0110011>;
P_00000211fbe5d3a8 .param/l "STORE" 1 16 20, C4<0100011>;
L_00000211fbeecba0 .functor OR 1, L_00000211fbf824e0, L_00000211fbf81cc0, C4<0>, C4<0>;
L_00000211fbeec4a0 .functor OR 1, L_00000211fbeecba0, L_00000211fbf829e0, C4<0>, C4<0>;
L_00000211fbeeceb0 .functor OR 1, L_00000211fbeec4a0, L_00000211fbf81d60, C4<0>, C4<0>;
L_00000211fbeec7b0 .functor OR 1, L_00000211fbf82580, L_00000211fbf833e0, C4<0>, C4<0>;
L_00000211fbeec820 .functor OR 1, L_00000211fbeec7b0, L_00000211fbf82120, C4<0>, C4<0>;
L_00000211fbeecc10 .functor OR 1, L_00000211fbeec820, L_00000211fbf82800, C4<0>, C4<0>;
L_00000211fbeec270 .functor OR 1, L_00000211fbf82300, L_00000211fbf81680, C4<0>, C4<0>;
v00000211fbf65f00_0 .net "ALUOp", 1 0, L_00000211fbf82440;  alias, 1 drivers
v00000211fbf66ae0_0 .net "ALUSrc", 0 0, L_00000211fbeecc10;  alias, 1 drivers
v00000211fbf66040_0 .net "Branch", 0 0, L_00000211fbf81040;  alias, 1 drivers
v00000211fbf66c20_0 .net "ImmSrc", 2 0, L_00000211fbf810e0;  alias, 1 drivers
v00000211fbf65000_0 .net "Jump", 0 0, L_00000211fbf81360;  alias, 1 drivers
v00000211fbf65500_0 .net "MemWrite", 0 0, L_00000211fbf828a0;  alias, 1 drivers
v00000211fbf66cc0_0 .net "Op", 6 0, L_00000211fbf821c0;  alias, 1 drivers
v00000211fbf65140_0 .net "RegWrite", 0 0, L_00000211fbeeceb0;  alias, 1 drivers
v00000211fbf669a0_0 .net "ResultSrc", 1 0, L_00000211fbf815e0;  alias, 1 drivers
L_00000211fbf85088 .functor BUFT 1, C4<0000011>, C4<0>, C4<0>, C4<0>;
v00000211fbf66220_0 .net/2u *"_ivl_0", 6 0, L_00000211fbf85088;  1 drivers
L_00000211fbf85118 .functor BUFT 1, C4<0010011>, C4<0>, C4<0>, C4<0>;
v00000211fbf64ec0_0 .net/2u *"_ivl_10", 6 0, L_00000211fbf85118;  1 drivers
L_00000211fbf85700 .functor BUFT 1, C4<0110011>, C4<0>, C4<0>, C4<0>;
v00000211fbf66a40_0 .net/2u *"_ivl_100", 6 0, L_00000211fbf85700;  1 drivers
v00000211fbf650a0_0 .net *"_ivl_102", 0 0, L_00000211fbf82300;  1 drivers
L_00000211fbf85748 .functor BUFT 1, C4<0010011>, C4<0>, C4<0>, C4<0>;
v00000211fbf66d60_0 .net/2u *"_ivl_104", 6 0, L_00000211fbf85748;  1 drivers
v00000211fbf66400_0 .net *"_ivl_106", 0 0, L_00000211fbf81680;  1 drivers
v00000211fbf66b80_0 .net *"_ivl_109", 0 0, L_00000211fbeec270;  1 drivers
L_00000211fbf85790 .functor BUFT 1, C4<10>, C4<0>, C4<0>, C4<0>;
v00000211fbf651e0_0 .net/2u *"_ivl_110", 1 0, L_00000211fbf85790;  1 drivers
L_00000211fbf857d8 .functor BUFT 1, C4<1100011>, C4<0>, C4<0>, C4<0>;
v00000211fbf65640_0 .net/2u *"_ivl_112", 6 0, L_00000211fbf857d8;  1 drivers
v00000211fbf653c0_0 .net *"_ivl_114", 0 0, L_00000211fbf81e00;  1 drivers
L_00000211fbf85820 .functor BUFT 1, C4<01>, C4<0>, C4<0>, C4<0>;
v00000211fbf65460_0 .net/2u *"_ivl_116", 1 0, L_00000211fbf85820;  1 drivers
L_00000211fbf85868 .functor BUFT 1, C4<00>, C4<0>, C4<0>, C4<0>;
v00000211fbf72590_0 .net/2u *"_ivl_118", 1 0, L_00000211fbf85868;  1 drivers
v00000211fbf71d70_0 .net *"_ivl_12", 0 0, L_00000211fbf829e0;  1 drivers
v00000211fbf71370_0 .net *"_ivl_120", 1 0, L_00000211fbf81720;  1 drivers
v00000211fbf72630_0 .net *"_ivl_15", 0 0, L_00000211fbeec4a0;  1 drivers
L_00000211fbf85160 .functor BUFT 1, C4<1101111>, C4<0>, C4<0>, C4<0>;
v00000211fbf72950_0 .net/2u *"_ivl_16", 6 0, L_00000211fbf85160;  1 drivers
v00000211fbf72bd0_0 .net *"_ivl_18", 0 0, L_00000211fbf81d60;  1 drivers
v00000211fbf71f50_0 .net *"_ivl_2", 0 0, L_00000211fbf824e0;  1 drivers
L_00000211fbf851a8 .functor BUFT 1, C4<0100011>, C4<0>, C4<0>, C4<0>;
v00000211fbf71ff0_0 .net/2u *"_ivl_22", 6 0, L_00000211fbf851a8;  1 drivers
v00000211fbf72e50_0 .net *"_ivl_24", 0 0, L_00000211fbf837a0;  1 drivers
L_00000211fbf851f0 .functor BUFT 1, C4<001>, C4<0>, C4<0>, C4<0>;
v00000211fbf72a90_0 .net/2u *"_ivl_26", 2 0, L_00000211fbf851f0;  1 drivers
L_00000211fbf85238 .functor BUFT 1, C4<1100011>, C4<0>, C4<0>, C4<0>;
v00000211fbf717d0_0 .net/2u *"_ivl_28", 6 0, L_00000211fbf85238;  1 drivers
v00000211fbf729f0_0 .net *"_ivl_30", 0 0, L_00000211fbf83340;  1 drivers
L_00000211fbf85280 .functor BUFT 1, C4<010>, C4<0>, C4<0>, C4<0>;
v00000211fbf71050_0 .net/2u *"_ivl_32", 2 0, L_00000211fbf85280;  1 drivers
L_00000211fbf852c8 .functor BUFT 1, C4<1101111>, C4<0>, C4<0>, C4<0>;
v00000211fbf714b0_0 .net/2u *"_ivl_34", 6 0, L_00000211fbf852c8;  1 drivers
v00000211fbf72c70_0 .net *"_ivl_36", 0 0, L_00000211fbf82a80;  1 drivers
L_00000211fbf85310 .functor BUFT 1, C4<100>, C4<0>, C4<0>, C4<0>;
v00000211fbf72810_0 .net/2u *"_ivl_38", 2 0, L_00000211fbf85310;  1 drivers
L_00000211fbf850d0 .functor BUFT 1, C4<0110011>, C4<0>, C4<0>, C4<0>;
v00000211fbf70fb0_0 .net/2u *"_ivl_4", 6 0, L_00000211fbf850d0;  1 drivers
L_00000211fbf85358 .functor BUFT 1, C4<000>, C4<0>, C4<0>, C4<0>;
v00000211fbf71af0_0 .net/2u *"_ivl_40", 2 0, L_00000211fbf85358;  1 drivers
v00000211fbf71cd0_0 .net *"_ivl_42", 2 0, L_00000211fbf817c0;  1 drivers
v00000211fbf715f0_0 .net *"_ivl_44", 2 0, L_00000211fbf83160;  1 drivers
L_00000211fbf853a0 .functor BUFT 1, C4<0000011>, C4<0>, C4<0>, C4<0>;
v00000211fbf72d10_0 .net/2u *"_ivl_48", 6 0, L_00000211fbf853a0;  1 drivers
v00000211fbf719b0_0 .net *"_ivl_50", 0 0, L_00000211fbf82580;  1 drivers
L_00000211fbf853e8 .functor BUFT 1, C4<0100011>, C4<0>, C4<0>, C4<0>;
v00000211fbf710f0_0 .net/2u *"_ivl_52", 6 0, L_00000211fbf853e8;  1 drivers
v00000211fbf71690_0 .net *"_ivl_54", 0 0, L_00000211fbf833e0;  1 drivers
v00000211fbf724f0_0 .net *"_ivl_57", 0 0, L_00000211fbeec7b0;  1 drivers
L_00000211fbf85430 .functor BUFT 1, C4<0010011>, C4<0>, C4<0>, C4<0>;
v00000211fbf72db0_0 .net/2u *"_ivl_58", 6 0, L_00000211fbf85430;  1 drivers
v00000211fbf72270_0 .net *"_ivl_6", 0 0, L_00000211fbf81cc0;  1 drivers
v00000211fbf72770_0 .net *"_ivl_60", 0 0, L_00000211fbf82120;  1 drivers
v00000211fbf71730_0 .net *"_ivl_63", 0 0, L_00000211fbeec820;  1 drivers
L_00000211fbf85478 .functor BUFT 1, C4<1101111>, C4<0>, C4<0>, C4<0>;
v00000211fbf71190_0 .net/2u *"_ivl_64", 6 0, L_00000211fbf85478;  1 drivers
v00000211fbf71b90_0 .net *"_ivl_66", 0 0, L_00000211fbf82800;  1 drivers
L_00000211fbf854c0 .functor BUFT 1, C4<0100011>, C4<0>, C4<0>, C4<0>;
v00000211fbf728b0_0 .net/2u *"_ivl_70", 6 0, L_00000211fbf854c0;  1 drivers
L_00000211fbf85508 .functor BUFT 1, C4<0000011>, C4<0>, C4<0>, C4<0>;
v00000211fbf71230_0 .net/2u *"_ivl_74", 6 0, L_00000211fbf85508;  1 drivers
v00000211fbf712d0_0 .net *"_ivl_76", 0 0, L_00000211fbf82940;  1 drivers
L_00000211fbf85550 .functor BUFT 1, C4<01>, C4<0>, C4<0>, C4<0>;
v00000211fbf72090_0 .net/2u *"_ivl_78", 1 0, L_00000211fbf85550;  1 drivers
L_00000211fbf85598 .functor BUFT 1, C4<1101111>, C4<0>, C4<0>, C4<0>;
v00000211fbf71870_0 .net/2u *"_ivl_80", 6 0, L_00000211fbf85598;  1 drivers
v00000211fbf71eb0_0 .net *"_ivl_82", 0 0, L_00000211fbf82b20;  1 drivers
L_00000211fbf855e0 .functor BUFT 1, C4<10>, C4<0>, C4<0>, C4<0>;
v00000211fbf723b0_0 .net/2u *"_ivl_84", 1 0, L_00000211fbf855e0;  1 drivers
L_00000211fbf85628 .functor BUFT 1, C4<00>, C4<0>, C4<0>, C4<0>;
v00000211fbf726d0_0 .net/2u *"_ivl_86", 1 0, L_00000211fbf85628;  1 drivers
v00000211fbf72130_0 .net *"_ivl_88", 1 0, L_00000211fbf83520;  1 drivers
v00000211fbf71410_0 .net *"_ivl_9", 0 0, L_00000211fbeecba0;  1 drivers
L_00000211fbf85670 .functor BUFT 1, C4<1100011>, C4<0>, C4<0>, C4<0>;
v00000211fbf721d0_0 .net/2u *"_ivl_92", 6 0, L_00000211fbf85670;  1 drivers
L_00000211fbf856b8 .functor BUFT 1, C4<1101111>, C4<0>, C4<0>, C4<0>;
v00000211fbf72450_0 .net/2u *"_ivl_96", 6 0, L_00000211fbf856b8;  1 drivers
L_00000211fbf824e0 .cmp/eq 7, L_00000211fbf821c0, L_00000211fbf85088;
L_00000211fbf81cc0 .cmp/eq 7, L_00000211fbf821c0, L_00000211fbf850d0;
L_00000211fbf829e0 .cmp/eq 7, L_00000211fbf821c0, L_00000211fbf85118;
L_00000211fbf81d60 .cmp/eq 7, L_00000211fbf821c0, L_00000211fbf85160;
L_00000211fbf837a0 .cmp/eq 7, L_00000211fbf821c0, L_00000211fbf851a8;
L_00000211fbf83340 .cmp/eq 7, L_00000211fbf821c0, L_00000211fbf85238;
L_00000211fbf82a80 .cmp/eq 7, L_00000211fbf821c0, L_00000211fbf852c8;
L_00000211fbf817c0 .functor MUXZ 3, L_00000211fbf85358, L_00000211fbf85310, L_00000211fbf82a80, C4<>;
L_00000211fbf83160 .functor MUXZ 3, L_00000211fbf817c0, L_00000211fbf85280, L_00000211fbf83340, C4<>;
L_00000211fbf810e0 .functor MUXZ 3, L_00000211fbf83160, L_00000211fbf851f0, L_00000211fbf837a0, C4<>;
L_00000211fbf82580 .cmp/eq 7, L_00000211fbf821c0, L_00000211fbf853a0;
L_00000211fbf833e0 .cmp/eq 7, L_00000211fbf821c0, L_00000211fbf853e8;
L_00000211fbf82120 .cmp/eq 7, L_00000211fbf821c0, L_00000211fbf85430;
L_00000211fbf82800 .cmp/eq 7, L_00000211fbf821c0, L_00000211fbf85478;
L_00000211fbf828a0 .cmp/eq 7, L_00000211fbf821c0, L_00000211fbf854c0;
L_00000211fbf82940 .cmp/eq 7, L_00000211fbf821c0, L_00000211fbf85508;
L_00000211fbf82b20 .cmp/eq 7, L_00000211fbf821c0, L_00000211fbf85598;
L_00000211fbf83520 .functor MUXZ 2, L_00000211fbf85628, L_00000211fbf855e0, L_00000211fbf82b20, C4<>;
L_00000211fbf815e0 .functor MUXZ 2, L_00000211fbf83520, L_00000211fbf85550, L_00000211fbf82940, C4<>;
L_00000211fbf81040 .cmp/eq 7, L_00000211fbf821c0, L_00000211fbf85670;
L_00000211fbf81360 .cmp/eq 7, L_00000211fbf821c0, L_00000211fbf856b8;
L_00000211fbf82300 .cmp/eq 7, L_00000211fbf821c0, L_00000211fbf85700;
L_00000211fbf81680 .cmp/eq 7, L_00000211fbf821c0, L_00000211fbf85748;
L_00000211fbf81e00 .cmp/eq 7, L_00000211fbf821c0, L_00000211fbf857d8;
L_00000211fbf81720 .functor MUXZ 2, L_00000211fbf85868, L_00000211fbf85820, L_00000211fbf81e00, C4<>;
L_00000211fbf82440 .functor MUXZ 2, L_00000211fbf81720, L_00000211fbf85790, L_00000211fbeec270, C4<>;
S_00000211fbf757a0 .scope module, "RF" "Register_File" 13 75, 17 1 0, S_00000211fbe41900;
 .timescale 0 0;
    .port_info 0 /INPUT 1 "clk";
    .port_info 1 /INPUT 1 "rst";
    .port_info 2 /INPUT 1 "WE3";
    .port_info 3 /INPUT 5 "A1";
    .port_info 4 /INPUT 5 "A2";
    .port_info 5 /INPUT 5 "A3";
    .port_info 6 /INPUT 32 "WD3";
    .port_info 7 /OUTPUT 32 "RD1";
    .port_info 8 /OUTPUT 32 "RD2";
v00000211fbf74b40_0 .net "A1", 4 0, L_00000211fbf81a40;  1 drivers
v00000211fbf74280_0 .net "A2", 4 0, L_00000211fbf83200;  1 drivers
v00000211fbf734c0_0 .net "A3", 4 0, v00000211fbf78640_0;  alias, 1 drivers
v00000211fbf737e0_0 .net "RD1", 31 0, L_00000211fbf812c0;  alias, 1 drivers
v00000211fbf741e0_0 .net "RD2", 31 0, L_00000211fbf82e40;  alias, 1 drivers
v00000211fbf743c0 .array "Register", 31 0, 31 0;
v00000211fbf748c0_0 .net "WD3", 31 0, v00000211fbf78dc0_0;  alias, 1 drivers
v00000211fbf73c40_0 .net "WE3", 0 0, v00000211fbf79860_0;  alias, 1 drivers
v00000211fbf73560_0 .net *"_ivl_1", 0 0, L_00000211fbf82620;  1 drivers
v00000211fbf74be0_0 .net *"_ivl_10", 31 0, L_00000211fbf832a0;  1 drivers
v00000211fbf74c80_0 .net *"_ivl_12", 6 0, L_00000211fbf81180;  1 drivers
L_00000211fbf85988 .functor BUFT 1, C4<00>, C4<0>, C4<0>, C4<0>;
v00000211fbf73920_0 .net *"_ivl_15", 1 0, L_00000211fbf85988;  1 drivers
v00000211fbf74dc0_0 .net *"_ivl_16", 31 0, L_00000211fbf819a0;  1 drivers
L_00000211fbf858b0 .functor BUFT 1, C4<00000000000000000000000000000000>, C4<0>, C4<0>, C4<0>;
v00000211fbf73060_0 .net/2u *"_ivl_2", 31 0, L_00000211fbf858b0;  1 drivers
v00000211fbf73600_0 .net *"_ivl_21", 0 0, L_00000211fbf82080;  1 drivers
L_00000211fbf859d0 .functor BUFT 1, C4<00000000000000000000000000000000>, C4<0>, C4<0>, C4<0>;
v00000211fbf74e60_0 .net/2u *"_ivl_22", 31 0, L_00000211fbf859d0;  1 drivers
L_00000211fbf85a18 .functor BUFT 1, C4<00000>, C4<0>, C4<0>, C4<0>;
v00000211fbf73240_0 .net/2u *"_ivl_24", 4 0, L_00000211fbf85a18;  1 drivers
v00000211fbf72fc0_0 .net *"_ivl_26", 0 0, L_00000211fbf826c0;  1 drivers
L_00000211fbf85a60 .functor BUFT 1, C4<00000000000000000000000000000000>, C4<0>, C4<0>, C4<0>;
v00000211fbf73b00_0 .net/2u *"_ivl_28", 31 0, L_00000211fbf85a60;  1 drivers
v00000211fbf73100_0 .net *"_ivl_30", 31 0, L_00000211fbf83660;  1 drivers
v00000211fbf74640_0 .net *"_ivl_32", 6 0, L_00000211fbf823a0;  1 drivers
L_00000211fbf85aa8 .functor BUFT 1, C4<00>, C4<0>, C4<0>, C4<0>;
v00000211fbf731a0_0 .net *"_ivl_35", 1 0, L_00000211fbf85aa8;  1 drivers
v00000211fbf74460_0 .net *"_ivl_36", 31 0, L_00000211fbf82760;  1 drivers
L_00000211fbf858f8 .functor BUFT 1, C4<00000>, C4<0>, C4<0>, C4<0>;
v00000211fbf74000_0 .net/2u *"_ivl_4", 4 0, L_00000211fbf858f8;  1 drivers
v00000211fbf73ce0_0 .net *"_ivl_6", 0 0, L_00000211fbf81900;  1 drivers
L_00000211fbf85940 .functor BUFT 1, C4<00000000000000000000000000000000>, C4<0>, C4<0>, C4<0>;
v00000211fbf736a0_0 .net/2u *"_ivl_8", 31 0, L_00000211fbf85940;  1 drivers
v00000211fbf74780_0 .net "clk", 0 0, v00000211fbf81400_0;  alias, 1 drivers
v00000211fbf73d80_0 .net "rst", 0 0, v00000211fbf81ea0_0;  alias, 1 drivers
L_00000211fbf82620 .reduce/nor v00000211fbf81ea0_0;
L_00000211fbf81900 .cmp/eq 5, L_00000211fbf81a40, L_00000211fbf858f8;
L_00000211fbf832a0 .array/port v00000211fbf743c0, L_00000211fbf81180;
L_00000211fbf81180 .concat [ 5 2 0 0], L_00000211fbf81a40, L_00000211fbf85988;
L_00000211fbf819a0 .functor MUXZ 32, L_00000211fbf832a0, L_00000211fbf85940, L_00000211fbf81900, C4<>;
L_00000211fbf812c0 .functor MUXZ 32, L_00000211fbf819a0, L_00000211fbf858b0, L_00000211fbf82620, C4<>;
L_00000211fbf82080 .reduce/nor v00000211fbf81ea0_0;
L_00000211fbf826c0 .cmp/eq 5, L_00000211fbf83200, L_00000211fbf85a18;
L_00000211fbf83660 .array/port v00000211fbf743c0, L_00000211fbf823a0;
L_00000211fbf823a0 .concat [ 5 2 0 0], L_00000211fbf83200, L_00000211fbf85aa8;
L_00000211fbf82760 .functor MUXZ 32, L_00000211fbf83660, L_00000211fbf85a60, L_00000211fbf826c0, C4<>;
L_00000211fbf82e40 .functor MUXZ 32, L_00000211fbf82760, L_00000211fbf859d0, L_00000211fbf82080, C4<>;
S_00000211fbf75930 .scope module, "SignExt" "Sign_Extend" 13 95, 18 1 0, S_00000211fbe41900;
 .timescale 0 0;
    .port_info 0 /INPUT 32 "In";
    .port_info 1 /INPUT 3 "ImmSrc";
    .port_info 2 /OUTPUT 32 "Imm_Ext";
P_00000211fbe26240 .param/l "BTYPE" 1 18 15, C4<010>;
P_00000211fbe26278 .param/l "ITYPE" 1 18 13, C4<000>;
P_00000211fbe262b0 .param/l "JTYPE" 1 18 16, C4<100>;
P_00000211fbe262e8 .param/l "STYPE" 1 18 14, C4<001>;
v00000211fbf73ec0_0 .net "ImmSrc", 2 0, L_00000211fbf810e0;  alias, 1 drivers
v00000211fbf74140_0 .var "Imm_Ext", 31 0;
v00000211fbf73f60_0 .net "In", 31 0, v00000211fbf769e0_0;  alias, 1 drivers
E_00000211fbf0ee60 .event anyedge, v00000211fbf66c20_0, v00000211fbf63630_0;
S_00000211fbf75ac0 .scope module, "IF_ID_REG" "IF_ID" 3 156, 19 1 0, S_00000211fbe2ebf0;
 .timescale 0 0;
    .port_info 0 /INPUT 1 "clk";
    .port_info 1 /INPUT 1 "rst";
    .port_info 2 /INPUT 1 "StallD";
    .port_info 3 /INPUT 1 "FlushD";
    .port_info 4 /INPUT 32 "InstrF";
    .port_info 5 /INPUT 32 "PCF";
    .port_info 6 /INPUT 32 "PCPlus4F";
    .port_info 7 /OUTPUT 32 "InstrD";
    .port_info 8 /OUTPUT 32 "PCD";
    .port_info 9 /OUTPUT 32 "PCPlus4D";
v00000211fbf77480_0 .net "FlushD", 0 0, L_00000211fbfe13f0;  alias, 1 drivers
v00000211fbf769e0_0 .var "InstrD", 31 0;
v00000211fbf77840_0 .net "InstrF", 31 0, L_00000211fbf81220;  alias, 1 drivers
v00000211fbf77980_0 .var "PCD", 31 0;
v00000211fbf77020_0 .net "PCF", 31 0, v00000211fbf76d00_0;  alias, 1 drivers
v00000211fbf77c00_0 .var "PCPlus4D", 31 0;
v00000211fbf76a80_0 .net "PCPlus4F", 31 0, L_00000211fbf81540;  alias, 1 drivers
v00000211fbf77e80_0 .net "StallD", 0 0, L_00000211fbfe1b60;  alias, 1 drivers
v00000211fbf76440_0 .net "clk", 0 0, v00000211fbf81400_0;  alias, 1 drivers
v00000211fbf76e40_0 .net "rst", 0 0, v00000211fbf81ea0_0;  alias, 1 drivers
S_00000211fbf74fd0 .scope module, "IF_STAGE" "IF_Stage" 3 136, 20 1 0, S_00000211fbe2ebf0;
 .timescale 0 0;
    .port_info 0 /INPUT 1 "clk";
    .port_info 1 /INPUT 1 "rst";
    .port_info 2 /INPUT 1 "PCWrite";
    .port_info 3 /INPUT 1 "PCSrcE";
    .port_info 4 /INPUT 32 "PCTargetE";
    .port_info 5 /OUTPUT 32 "InstrF";
    .port_info 6 /OUTPUT 32 "PCF";
    .port_info 7 /OUTPUT 32 "PCPlus4F";
v00000211fbf77340_0 .net "InstrF", 31 0, L_00000211fbf81220;  alias, 1 drivers
v00000211fbf773e0_0 .net "PCF", 31 0, v00000211fbf76d00_0;  alias, 1 drivers
v00000211fbf75fe0_0 .net "PCNext", 31 0, L_00000211fbf82ee0;  1 drivers
v00000211fbf77520_0 .net "PCPlus4F", 31 0, L_00000211fbf81540;  alias, 1 drivers
v00000211fbf778e0_0 .net "PCSrcE", 0 0, L_00000211fbfe17e0;  alias, 1 drivers
v00000211fbf76800_0 .net "PCTargetE", 31 0, L_00000211fbf83ca0;  alias, 1 drivers
v00000211fbf77b60_0 .net "PCWrite", 0 0, L_00000211fbfe2960;  alias, 1 drivers
v00000211fbf77ca0_0 .net "clk", 0 0, v00000211fbf81400_0;  alias, 1 drivers
v00000211fbf768a0_0 .net "rst", 0 0, v00000211fbf81ea0_0;  alias, 1 drivers
S_00000211fbf75de0 .scope module, "IMEM" "Instruction_Memory" 20 59, 21 1 0, S_00000211fbf74fd0;
 .timescale 0 0;
    .port_info 0 /INPUT 1 "rst";
    .port_info 1 /INPUT 32 "A";
    .port_info 2 /OUTPUT 32 "RD";
v00000211fbf770c0_0 .net "A", 31 0, v00000211fbf76d00_0;  alias, 1 drivers
v00000211fbf76760_0 .net "RD", 31 0, L_00000211fbf81220;  alias, 1 drivers
v00000211fbf76580_0 .net *"_ivl_1", 0 0, L_00000211fbf83700;  1 drivers
L_00000211fbf84ff8 .functor BUFT 1, C4<00000000000000000000000000000000>, C4<0>, C4<0>, C4<0>;
v00000211fbf76300_0 .net/2u *"_ivl_2", 31 0, L_00000211fbf84ff8;  1 drivers
v00000211fbf76b20_0 .net *"_ivl_4", 31 0, L_00000211fbf82260;  1 drivers
v00000211fbf76da0_0 .net *"_ivl_7", 29 0, L_00000211fbf814a0;  1 drivers
v00000211fbf77700 .array "mem", 1023 0, 31 0;
v00000211fbf77660_0 .net "rst", 0 0, v00000211fbf81ea0_0;  alias, 1 drivers
L_00000211fbf83700 .reduce/nor v00000211fbf81ea0_0;
L_00000211fbf82260 .array/port v00000211fbf77700, L_00000211fbf814a0;
L_00000211fbf814a0 .part v00000211fbf76d00_0, 2, 30;
L_00000211fbf81220 .functor MUXZ 32, L_00000211fbf82260, L_00000211fbf84ff8, L_00000211fbf83700, C4<>;
S_00000211fbf75160 .scope module, "PCMux" "Mux2" 20 31, 6 1 0, S_00000211fbf74fd0;
 .timescale 0 0;
    .port_info 0 /INPUT 32 "a";
    .port_info 1 /INPUT 32 "b";
    .port_info 2 /INPUT 1 "s";
    .port_info 3 /OUTPUT 32 "c";
v00000211fbf77a20_0 .net "a", 31 0, L_00000211fbf81540;  alias, 1 drivers
v00000211fbf77ac0_0 .net "b", 31 0, L_00000211fbf83ca0;  alias, 1 drivers
v00000211fbf76080_0 .net "c", 31 0, L_00000211fbf82ee0;  alias, 1 drivers
v00000211fbf761c0_0 .net "s", 0 0, L_00000211fbfe17e0;  alias, 1 drivers
L_00000211fbf82ee0 .functor MUXZ 32, L_00000211fbf81540, L_00000211fbf83ca0, L_00000211fbfe17e0, C4<>;
S_00000211fbf752f0 .scope module, "PCPlus4Adder" "PC_Adder" 20 71, 22 1 0, S_00000211fbf74fd0;
 .timescale 0 0;
    .port_info 0 /INPUT 32 "a";
    .port_info 1 /INPUT 32 "b";
    .port_info 2 /OUTPUT 32 "c";
v00000211fbf76620_0 .net "a", 31 0, v00000211fbf76d00_0;  alias, 1 drivers
L_00000211fbf85040 .functor BUFT 1, C4<00000000000000000000000000000100>, C4<0>, C4<0>, C4<0>;
v00000211fbf76c60_0 .net "b", 31 0, L_00000211fbf85040;  1 drivers
v00000211fbf76bc0_0 .net "c", 31 0, L_00000211fbf81540;  alias, 1 drivers
L_00000211fbf81540 .arith/sum 32, v00000211fbf76d00_0, L_00000211fbf85040;
S_00000211fbf75480 .scope module, "ProgramCounter" "PC" 20 44, 23 1 0, S_00000211fbf74fd0;
 .timescale 0 0;
    .port_info 0 /INPUT 1 "clk";
    .port_info 1 /INPUT 1 "rst";
    .port_info 2 /INPUT 1 "PCWrite";
    .port_info 3 /INPUT 32 "PC_Next";
    .port_info 4 /OUTPUT 32 "PC";
v00000211fbf76d00_0 .var "PC", 31 0;
v00000211fbf77160_0 .net "PCWrite", 0 0, L_00000211fbfe2960;  alias, 1 drivers
v00000211fbf77200_0 .net "PC_Next", 31 0, L_00000211fbf82ee0;  alias, 1 drivers
v00000211fbf772a0_0 .net "clk", 0 0, v00000211fbf81400_0;  alias, 1 drivers
v00000211fbf76260_0 .net "rst", 0 0, v00000211fbf81ea0_0;  alias, 1 drivers
S_00000211fbf75610 .scope module, "MEM_STAGE" "MEM_Stage" 3 383, 24 1 0, S_00000211fbe2ebf0;
 .timescale 0 0;
    .port_info 0 /INPUT 1 "clk";
    .port_info 1 /INPUT 1 "MemWriteM";
    .port_info 2 /INPUT 32 "ALUResultM";
    .port_info 3 /INPUT 32 "WriteDataM";
    .port_info 4 /OUTPUT 32 "ReadDataM";
v00000211fbf7a080_0 .net "ALUResultM", 31 0, v00000211fbf0d870_0;  alias, 1 drivers
v00000211fbf7a120_0 .net "MemWriteM", 0 0, v00000211fbf0d9b0_0;  alias, 1 drivers
v00000211fbf79400_0 .net "ReadDataM", 31 0, L_00000211fbfe26c0;  alias, 1 drivers
v00000211fbf7a440_0 .net "WriteDataM", 31 0, v00000211fbf0de10_0;  alias, 1 drivers
v00000211fbf78be0_0 .net "clk", 0 0, v00000211fbf81400_0;  alias, 1 drivers
S_00000211fbf75c50 .scope module, "DMEM" "Data_Memory" 24 26, 25 1 0, S_00000211fbf75610;
 .timescale 0 0;
    .port_info 0 /INPUT 1 "clk";
    .port_info 1 /INPUT 1 "WE";
    .port_info 2 /INPUT 32 "Addr";
    .port_info 3 /INPUT 32 "WD";
    .port_info 4 /OUTPUT 32 "RD";
L_00000211fbfe26c0 .functor BUFZ 32, L_00000211fbf83d40, C4<00000000000000000000000000000000>, C4<00000000000000000000000000000000>, C4<00000000000000000000000000000000>;
v00000211fbf78b40_0 .net "Addr", 31 0, v00000211fbf0d870_0;  alias, 1 drivers
v00000211fbf79040_0 .net "RD", 31 0, L_00000211fbfe26c0;  alias, 1 drivers
v00000211fbf78fa0_0 .net "WD", 31 0, v00000211fbf0de10_0;  alias, 1 drivers
v00000211fbf786e0_0 .net "WE", 0 0, v00000211fbf0d9b0_0;  alias, 1 drivers
v00000211fbf780a0_0 .net *"_ivl_0", 31 0, L_00000211fbf83d40;  1 drivers
v00000211fbf78500_0 .net *"_ivl_3", 29 0, L_00000211fbf84c40;  1 drivers
v00000211fbf78960_0 .net "clk", 0 0, v00000211fbf81400_0;  alias, 1 drivers
v00000211fbf794a0 .array "mem", 1023 0, 31 0;
E_00000211fbf0f9e0 .event posedge, v00000211fbf0dcd0_0;
L_00000211fbf83d40 .array/port v00000211fbf794a0, L_00000211fbf84c40;
L_00000211fbf84c40 .part v00000211fbf0d870_0, 2, 30;
S_00000211fbf7d130 .scope module, "MEM_WB_REG" "MEM_WB" 3 400, 26 1 0, S_00000211fbe2ebf0;
 .timescale 0 0;
    .port_info 0 /INPUT 1 "clk";
    .port_info 1 /INPUT 1 "rst";
    .port_info 2 /INPUT 1 "RegWriteM";
    .port_info 3 /INPUT 2 "ResultSrcM";
    .port_info 4 /INPUT 32 "ReadDataM";
    .port_info 5 /INPUT 32 "ALUResultM";
    .port_info 6 /INPUT 32 "PCPlus4M";
    .port_info 7 /INPUT 32 "InstrM";
    .port_info 8 /INPUT 5 "RD_M";
    .port_info 9 /OUTPUT 1 "RegWriteW";
    .port_info 10 /OUTPUT 2 "ResultSrcW";
    .port_info 11 /OUTPUT 32 "ReadDataW";
    .port_info 12 /OUTPUT 32 "ALUResultW";
    .port_info 13 /OUTPUT 32 "PCPlus4W";
    .port_info 14 /OUTPUT 32 "InstrW";
    .port_info 15 /OUTPUT 5 "RD_W";
v00000211fbf78320_0 .net "ALUResultM", 31 0, v00000211fbf0d870_0;  alias, 1 drivers
v00000211fbf79220_0 .var "ALUResultW", 31 0;
v00000211fbf783c0_0 .net "InstrM", 31 0, v00000211fbf0cfb0_0;  alias, 1 drivers
v00000211fbf7a3a0_0 .var "InstrW", 31 0;
v00000211fbf790e0_0 .net "PCPlus4M", 31 0, v00000211fbf0e3b0_0;  alias, 1 drivers
v00000211fbf78d20_0 .var "PCPlus4W", 31 0;
v00000211fbf7a4e0_0 .net "RD_M", 4 0, v00000211fbf0d190_0;  alias, 1 drivers
v00000211fbf78640_0 .var "RD_W", 4 0;
v00000211fbf79180_0 .net "ReadDataM", 31 0, L_00000211fbfe26c0;  alias, 1 drivers
v00000211fbf78c80_0 .var "ReadDataW", 31 0;
v00000211fbf785a0_0 .net "RegWriteM", 0 0, v00000211fbf0cf10_0;  alias, 1 drivers
v00000211fbf79860_0 .var "RegWriteW", 0 0;
v00000211fbf78460_0 .net "ResultSrcM", 1 0, v00000211fbf0cdd0_0;  alias, 1 drivers
v00000211fbf79c20_0 .var "ResultSrcW", 1 0;
v00000211fbf79540_0 .net "clk", 0 0, v00000211fbf81400_0;  alias, 1 drivers
v00000211fbf799a0_0 .net "rst", 0 0, v00000211fbf81ea0_0;  alias, 1 drivers
S_00000211fbf7d900 .scope module, "WB_STAGE" "WB_Stage" 3 443, 27 1 0, S_00000211fbe2ebf0;
 .timescale 0 0;
    .port_info 0 /INPUT 2 "ResultSrcW";
    .port_info 1 /INPUT 32 "ReadDataW";
    .port_info 2 /INPUT 32 "ALUResultW";
    .port_info 3 /INPUT 32 "PCPlus4W";
    .port_info 4 /OUTPUT 32 "ResultW";
v00000211fbf78f00_0 .net "ALUResultW", 31 0, v00000211fbf79220_0;  alias, 1 drivers
v00000211fbf79900_0 .net "PCPlus4W", 31 0, v00000211fbf78d20_0;  alias, 1 drivers
v00000211fbf78000_0 .net "ReadDataW", 31 0, v00000211fbf78c80_0;  alias, 1 drivers
v00000211fbf7a1c0_0 .net "ResultSrcW", 1 0, v00000211fbf79c20_0;  alias, 1 drivers
v00000211fbf795e0_0 .net "ResultW", 31 0, v00000211fbf78dc0_0;  alias, 1 drivers
S_00000211fbf7c640 .scope module, "ResultMux" "Mux3" 27 25, 6 20 0, S_00000211fbf7d900;
 .timescale 0 0;
    .port_info 0 /INPUT 32 "a";
    .port_info 1 /INPUT 32 "b";
    .port_info 2 /INPUT 32 "c";
    .port_info 3 /INPUT 2 "s";
    .port_info 4 /OUTPUT 32 "d";
v00000211fbf79360_0 .net "a", 31 0, v00000211fbf79220_0;  alias, 1 drivers
v00000211fbf792c0_0 .net "b", 31 0, v00000211fbf78c80_0;  alias, 1 drivers
v00000211fbf78780_0 .net "c", 31 0, v00000211fbf78d20_0;  alias, 1 drivers
v00000211fbf78dc0_0 .var "d", 31 0;
v00000211fbf78e60_0 .net "s", 1 0, v00000211fbf79c20_0;  alias, 1 drivers
E_00000211fbf0fde0 .event anyedge, v00000211fbf79c20_0, v00000211fbf79220_0, v00000211fbf78c80_0, v00000211fbf78d20_0;
    .scope S_00000211fbf75480;
T_0 ;
    %wait E_00000211fbf0f060;
    %load/vec4 v00000211fbf76260_0;
    %nor/r;
    %flag_set/vec4 8;
    %jmp/0xz  T_0.0, 8;
    %pushi/vec4 0, 0, 32;
    %assign/vec4 v00000211fbf76d00_0, 0;
    %jmp T_0.1;
T_0.0 ;
    %load/vec4 v00000211fbf77160_0;
    %flag_set/vec4 8;
    %jmp/0xz  T_0.2, 8;
    %load/vec4 v00000211fbf77200_0;
    %assign/vec4 v00000211fbf76d00_0, 0;
T_0.2 ;
T_0.1 ;
    %jmp T_0;
    .thread T_0;
    .scope S_00000211fbf75de0;
T_1 ;
    %vpi_call 21 25 "$readmemh", "memfile.hex", v00000211fbf77700 {0 0 0};
    %end;
    .thread T_1;
    .scope S_00000211fbf75ac0;
T_2 ;
    %wait E_00000211fbf0f060;
    %load/vec4 v00000211fbf76e40_0;
    %nor/r;
    %flag_set/vec4 8;
    %jmp/0xz  T_2.0, 8;
    %pushi/vec4 0, 0, 32;
    %assign/vec4 v00000211fbf769e0_0, 0;
    %pushi/vec4 0, 0, 32;
    %assign/vec4 v00000211fbf77980_0, 0;
    %pushi/vec4 0, 0, 32;
    %assign/vec4 v00000211fbf77c00_0, 0;
    %jmp T_2.1;
T_2.0 ;
    %load/vec4 v00000211fbf77480_0;
    %flag_set/vec4 8;
    %jmp/0xz  T_2.2, 8;
    %pushi/vec4 0, 0, 32;
    %assign/vec4 v00000211fbf769e0_0, 0;
    %pushi/vec4 0, 0, 32;
    %assign/vec4 v00000211fbf77980_0, 0;
    %pushi/vec4 0, 0, 32;
    %assign/vec4 v00000211fbf77c00_0, 0;
    %jmp T_2.3;
T_2.2 ;
    %load/vec4 v00000211fbf77e80_0;
    %nor/r;
    %flag_set/vec4 8;
    %jmp/0xz  T_2.4, 8;
    %load/vec4 v00000211fbf77840_0;
    %assign/vec4 v00000211fbf769e0_0, 0;
    %load/vec4 v00000211fbf77020_0;
    %assign/vec4 v00000211fbf77980_0, 0;
    %load/vec4 v00000211fbf76a80_0;
    %assign/vec4 v00000211fbf77c00_0, 0;
T_2.4 ;
T_2.3 ;
T_2.1 ;
    %jmp T_2;
    .thread T_2;
    .scope S_00000211fbe26990;
T_3 ;
    %wait E_00000211fbf0f760;
    %load/vec4 v00000211fbf65dc0_0;
    %dup/vec4;
    %pushi/vec4 0, 0, 2;
    %cmp/u;
    %jmp/1 T_3.0, 6;
    %dup/vec4;
    %pushi/vec4 1, 0, 2;
    %cmp/u;
    %jmp/1 T_3.1, 6;
    %dup/vec4;
    %pushi/vec4 2, 0, 2;
    %cmp/u;
    %jmp/1 T_3.2, 6;
    %pushi/vec4 0, 0, 4;
    %store/vec4 v00000211fbf65fa0_0, 0, 4;
    %jmp T_3.4;
T_3.0 ;
    %pushi/vec4 0, 0, 4;
    %store/vec4 v00000211fbf65fa0_0, 0, 4;
    %jmp T_3.4;
T_3.1 ;
    %pushi/vec4 1, 0, 4;
    %store/vec4 v00000211fbf65fa0_0, 0, 4;
    %jmp T_3.4;
T_3.2 ;
    %load/vec4 v00000211fbf66900_0;
    %dup/vec4;
    %pushi/vec4 0, 0, 3;
    %cmp/u;
    %jmp/1 T_3.5, 6;
    %dup/vec4;
    %pushi/vec4 1, 0, 3;
    %cmp/u;
    %jmp/1 T_3.6, 6;
    %dup/vec4;
    %pushi/vec4 2, 0, 3;
    %cmp/u;
    %jmp/1 T_3.7, 6;
    %dup/vec4;
    %pushi/vec4 4, 0, 3;
    %cmp/u;
    %jmp/1 T_3.8, 6;
    %dup/vec4;
    %pushi/vec4 5, 0, 3;
    %cmp/u;
    %jmp/1 T_3.9, 6;
    %dup/vec4;
    %pushi/vec4 6, 0, 3;
    %cmp/u;
    %jmp/1 T_3.10, 6;
    %dup/vec4;
    %pushi/vec4 7, 0, 3;
    %cmp/u;
    %jmp/1 T_3.11, 6;
    %pushi/vec4 0, 0, 4;
    %store/vec4 v00000211fbf65fa0_0, 0, 4;
    %jmp T_3.13;
T_3.5 ;
    %load/vec4 v00000211fbf65780_0;
    %pushi/vec4 51, 0, 7;
    %cmp/e;
    %flag_get/vec4 4;
    %load/vec4 v00000211fbf66180_0;
    %parti/s 1, 5, 4;
    %and;
    %flag_set/vec4 8;
    %jmp/0xz  T_3.14, 8;
    %pushi/vec4 1, 0, 4;
    %store/vec4 v00000211fbf65fa0_0, 0, 4;
    %jmp T_3.15;
T_3.14 ;
    %pushi/vec4 0, 0, 4;
    %store/vec4 v00000211fbf65fa0_0, 0, 4;
T_3.15 ;
    %jmp T_3.13;
T_3.6 ;
    %pushi/vec4 6, 0, 4;
    %store/vec4 v00000211fbf65fa0_0, 0, 4;
    %jmp T_3.13;
T_3.7 ;
    %pushi/vec4 5, 0, 4;
    %store/vec4 v00000211fbf65fa0_0, 0, 4;
    %jmp T_3.13;
T_3.8 ;
    %pushi/vec4 4, 0, 4;
    %store/vec4 v00000211fbf65fa0_0, 0, 4;
    %jmp T_3.13;
T_3.9 ;
    %load/vec4 v00000211fbf66180_0;
    %parti/s 1, 5, 4;
    %flag_set/vec4 8;
    %jmp/0xz  T_3.16, 8;
    %pushi/vec4 8, 0, 4;
    %store/vec4 v00000211fbf65fa0_0, 0, 4;
    %jmp T_3.17;
T_3.16 ;
    %pushi/vec4 7, 0, 4;
    %store/vec4 v00000211fbf65fa0_0, 0, 4;
T_3.17 ;
    %jmp T_3.13;
T_3.10 ;
    %pushi/vec4 3, 0, 4;
    %store/vec4 v00000211fbf65fa0_0, 0, 4;
    %jmp T_3.13;
T_3.11 ;
    %pushi/vec4 2, 0, 4;
    %store/vec4 v00000211fbf65fa0_0, 0, 4;
    %jmp T_3.13;
T_3.13 ;
    %pop/vec4 1;
    %jmp T_3.4;
T_3.4 ;
    %pop/vec4 1;
    %jmp T_3;
    .thread T_3, $push;
    .scope S_00000211fbf757a0;
T_4 ;
    %wait E_00000211fbf0f060;
    %load/vec4 v00000211fbf73d80_0;
    %nor/r;
    %flag_set/vec4 8;
    %jmp/0xz  T_4.0, 8;
    %jmp T_4.1;
T_4.0 ;
    %load/vec4 v00000211fbf73c40_0;
    %load/vec4 v00000211fbf734c0_0;
    %pushi/vec4 0, 0, 5;
    %cmp/ne;
    %flag_get/vec4 4;
    %and;
    %flag_set/vec4 8;
    %jmp/0xz  T_4.2, 8;
    %load/vec4 v00000211fbf748c0_0;
    %load/vec4 v00000211fbf734c0_0;
    %pad/u 7;
    %ix/vec4 3;
    %ix/load 4, 0, 0; Constant delay
    %assign/vec4/a/d v00000211fbf743c0, 0, 4;
T_4.2 ;
T_4.1 ;
    %jmp T_4;
    .thread T_4;
    .scope S_00000211fbf75930;
T_5 ;
    %wait E_00000211fbf0ee60;
    %load/vec4 v00000211fbf73ec0_0;
    %dup/vec4;
    %pushi/vec4 0, 0, 3;
    %cmp/u;
    %jmp/1 T_5.0, 6;
    %dup/vec4;
    %pushi/vec4 1, 0, 3;
    %cmp/u;
    %jmp/1 T_5.1, 6;
    %dup/vec4;
    %pushi/vec4 2, 0, 3;
    %cmp/u;
    %jmp/1 T_5.2, 6;
    %dup/vec4;
    %pushi/vec4 4, 0, 3;
    %cmp/u;
    %jmp/1 T_5.3, 6;
    %pushi/vec4 0, 0, 32;
    %store/vec4 v00000211fbf74140_0, 0, 32;
    %jmp T_5.5;
T_5.0 ;
    %load/vec4 v00000211fbf73f60_0;
    %parti/s 1, 31, 6;
    %replicate 20;
    %load/vec4 v00000211fbf73f60_0;
    %parti/s 12, 20, 6;
    %concat/vec4; draw_concat_vec4
    %store/vec4 v00000211fbf74140_0, 0, 32;
    %jmp T_5.5;
T_5.1 ;
    %load/vec4 v00000211fbf73f60_0;
    %parti/s 1, 31, 6;
    %replicate 20;
    %load/vec4 v00000211fbf73f60_0;
    %parti/s 7, 25, 6;
    %concat/vec4; draw_concat_vec4
    %load/vec4 v00000211fbf73f60_0;
    %parti/s 5, 7, 4;
    %concat/vec4; draw_concat_vec4
    %store/vec4 v00000211fbf74140_0, 0, 32;
    %jmp T_5.5;
T_5.2 ;
    %load/vec4 v00000211fbf73f60_0;
    %parti/s 1, 31, 6;
    %replicate 19;
    %load/vec4 v00000211fbf73f60_0;
    %parti/s 1, 31, 6;
    %concat/vec4; draw_concat_vec4
    %load/vec4 v00000211fbf73f60_0;
    %parti/s 1, 7, 4;
    %concat/vec4; draw_concat_vec4
    %load/vec4 v00000211fbf73f60_0;
    %parti/s 6, 25, 6;
    %concat/vec4; draw_concat_vec4
    %load/vec4 v00000211fbf73f60_0;
    %parti/s 4, 8, 5;
    %concat/vec4; draw_concat_vec4
    %concati/vec4 0, 0, 1;
    %store/vec4 v00000211fbf74140_0, 0, 32;
    %jmp T_5.5;
T_5.3 ;
    %load/vec4 v00000211fbf73f60_0;
    %parti/s 1, 31, 6;
    %replicate 11;
    %load/vec4 v00000211fbf73f60_0;
    %parti/s 1, 31, 6;
    %concat/vec4; draw_concat_vec4
    %load/vec4 v00000211fbf73f60_0;
    %parti/s 8, 12, 5;
    %concat/vec4; draw_concat_vec4
    %load/vec4 v00000211fbf73f60_0;
    %parti/s 1, 20, 6;
    %concat/vec4; draw_concat_vec4
    %load/vec4 v00000211fbf73f60_0;
    %parti/s 10, 21, 6;
    %concat/vec4; draw_concat_vec4
    %concati/vec4 0, 0, 1;
    %store/vec4 v00000211fbf74140_0, 0, 32;
    %jmp T_5.5;
T_5.5 ;
    %pop/vec4 1;
    %jmp T_5;
    .thread T_5, $push;
    .scope S_00000211fbe3e370;
T_6 ;
    %wait E_00000211fbf0f060;
    %load/vec4 v00000211fbf65d20_0;
    %nor/r;
    %flag_set/vec4 8;
    %load/vec4 v00000211fbf63c70_0;
    %flag_set/vec4 9;
    %flag_or 9, 8;
    %jmp/0xz  T_6.0, 9;
    %pushi/vec4 0, 0, 1;
    %assign/vec4 v00000211fbf656e0_0, 0;
    %pushi/vec4 0, 0, 1;
    %assign/vec4 v00000211fbf64ad0_0, 0;
    %pushi/vec4 0, 0, 1;
    %assign/vec4 v00000211fbf66860_0, 0;
    %pushi/vec4 0, 0, 2;
    %assign/vec4 v00000211fbf65be0_0, 0;
    %pushi/vec4 0, 0, 1;
    %assign/vec4 v00000211fbf63d10_0, 0;
    %pushi/vec4 0, 0, 1;
    %assign/vec4 v00000211fbf665e0_0, 0;
    %pushi/vec4 0, 0, 4;
    %assign/vec4 v00000211fbf636d0_0, 0;
    %pushi/vec4 0, 0, 32;
    %assign/vec4 v00000211fbf66540_0, 0;
    %pushi/vec4 0, 0, 32;
    %assign/vec4 v00000211fbf655a0_0, 0;
    %pushi/vec4 0, 0, 32;
    %assign/vec4 v00000211fbf63310_0, 0;
    %pushi/vec4 0, 0, 32;
    %assign/vec4 v00000211fbf65e60_0, 0;
    %pushi/vec4 0, 0, 32;
    %assign/vec4 v00000211fbf65820_0, 0;
    %pushi/vec4 0, 0, 32;
    %assign/vec4 v00000211fbf63770_0, 0;
    %pushi/vec4 0, 0, 5;
    %assign/vec4 v00000211fbf65960_0, 0;
    %pushi/vec4 0, 0, 5;
    %assign/vec4 v00000211fbf66360_0, 0;
    %pushi/vec4 0, 0, 5;
    %assign/vec4 v00000211fbf66680_0, 0;
    %jmp T_6.1;
T_6.0 ;
    %load/vec4 v00000211fbf65b40_0;
    %assign/vec4 v00000211fbf656e0_0, 0;
    %load/vec4 v00000211fbf63130_0;
    %assign/vec4 v00000211fbf64ad0_0, 0;
    %load/vec4 v00000211fbf664a0_0;
    %assign/vec4 v00000211fbf66860_0, 0;
    %load/vec4 v00000211fbf65320_0;
    %assign/vec4 v00000211fbf65be0_0, 0;
    %load/vec4 v00000211fbf631d0_0;
    %assign/vec4 v00000211fbf63d10_0, 0;
    %load/vec4 v00000211fbf658c0_0;
    %assign/vec4 v00000211fbf665e0_0, 0;
    %load/vec4 v00000211fbf64710_0;
    %assign/vec4 v00000211fbf636d0_0, 0;
    %load/vec4 v00000211fbf64f60_0;
    %assign/vec4 v00000211fbf66540_0, 0;
    %load/vec4 v00000211fbf65aa0_0;
    %assign/vec4 v00000211fbf655a0_0, 0;
    %load/vec4 v00000211fbf63590_0;
    %assign/vec4 v00000211fbf63310_0, 0;
    %load/vec4 v00000211fbf662c0_0;
    %assign/vec4 v00000211fbf65e60_0, 0;
    %load/vec4 v00000211fbf65a00_0;
    %assign/vec4 v00000211fbf65820_0, 0;
    %load/vec4 v00000211fbf63630_0;
    %assign/vec4 v00000211fbf63770_0, 0;
    %load/vec4 v00000211fbf667c0_0;
    %assign/vec4 v00000211fbf65960_0, 0;
    %load/vec4 v00000211fbf65280_0;
    %assign/vec4 v00000211fbf66360_0, 0;
    %load/vec4 v00000211fbf660e0_0;
    %assign/vec4 v00000211fbf66680_0, 0;
T_6.1 ;
    %jmp T_6;
    .thread T_6;
    .scope S_00000211fbe56a20;
T_7 ;
    %wait E_00000211fbf0f6a0;
    %load/vec4 v00000211fbf0dd70_0;
    %dup/vec4;
    %pushi/vec4 0, 0, 2;
    %cmp/u;
    %jmp/1 T_7.0, 6;
    %dup/vec4;
    %pushi/vec4 1, 0, 2;
    %cmp/u;
    %jmp/1 T_7.1, 6;
    %dup/vec4;
    %pushi/vec4 2, 0, 2;
    %cmp/u;
    %jmp/1 T_7.2, 6;
    %pushi/vec4 0, 0, 32;
    %store/vec4 v00000211fbf0d690_0, 0, 32;
    %jmp T_7.4;
T_7.0 ;
    %load/vec4 v00000211fbf0cb50_0;
    %store/vec4 v00000211fbf0d690_0, 0, 32;
    %jmp T_7.4;
T_7.1 ;
    %load/vec4 v00000211fbf0ce70_0;
    %store/vec4 v00000211fbf0d690_0, 0, 32;
    %jmp T_7.4;
T_7.2 ;
    %load/vec4 v00000211fbf0cd30_0;
    %store/vec4 v00000211fbf0d690_0, 0, 32;
    %jmp T_7.4;
T_7.4 ;
    %pop/vec4 1;
    %jmp T_7;
    .thread T_7, $push;
    .scope S_00000211fbe56bb0;
T_8 ;
    %wait E_00000211fbf0f160;
    %load/vec4 v00000211fbf0e770_0;
    %dup/vec4;
    %pushi/vec4 0, 0, 2;
    %cmp/u;
    %jmp/1 T_8.0, 6;
    %dup/vec4;
    %pushi/vec4 1, 0, 2;
    %cmp/u;
    %jmp/1 T_8.1, 6;
    %dup/vec4;
    %pushi/vec4 2, 0, 2;
    %cmp/u;
    %jmp/1 T_8.2, 6;
    %pushi/vec4 0, 0, 32;
    %store/vec4 v00000211fbf0e6d0_0, 0, 32;
    %jmp T_8.4;
T_8.0 ;
    %load/vec4 v00000211fbf0d730_0;
    %store/vec4 v00000211fbf0e6d0_0, 0, 32;
    %jmp T_8.4;
T_8.1 ;
    %load/vec4 v00000211fbf0cbf0_0;
    %store/vec4 v00000211fbf0e6d0_0, 0, 32;
    %jmp T_8.4;
T_8.2 ;
    %load/vec4 v00000211fbf0e590_0;
    %store/vec4 v00000211fbf0e6d0_0, 0, 32;
    %jmp T_8.4;
T_8.4 ;
    %pop/vec4 1;
    %jmp T_8;
    .thread T_8, $push;
    .scope S_00000211fbe25eb0;
T_9 ;
    %wait E_00000211fbf0fb20;
    %load/vec4 v00000211fbf0d050_0;
    %dup/vec4;
    %pushi/vec4 0, 0, 4;
    %cmp/u;
    %jmp/1 T_9.0, 6;
    %dup/vec4;
    %pushi/vec4 1, 0, 4;
    %cmp/u;
    %jmp/1 T_9.1, 6;
    %dup/vec4;
    %pushi/vec4 2, 0, 4;
    %cmp/u;
    %jmp/1 T_9.2, 6;
    %dup/vec4;
    %pushi/vec4 3, 0, 4;
    %cmp/u;
    %jmp/1 T_9.3, 6;
    %dup/vec4;
    %pushi/vec4 4, 0, 4;
    %cmp/u;
    %jmp/1 T_9.4, 6;
    %dup/vec4;
    %pushi/vec4 5, 0, 4;
    %cmp/u;
    %jmp/1 T_9.5, 6;
    %dup/vec4;
    %pushi/vec4 6, 0, 4;
    %cmp/u;
    %jmp/1 T_9.6, 6;
    %dup/vec4;
    %pushi/vec4 7, 0, 4;
    %cmp/u;
    %jmp/1 T_9.7, 6;
    %dup/vec4;
    %pushi/vec4 8, 0, 4;
    %cmp/u;
    %jmp/1 T_9.8, 6;
    %pushi/vec4 0, 0, 32;
    %store/vec4 v00000211fbf0e130_0, 0, 32;
    %jmp T_9.10;
T_9.0 ;
    %load/vec4 v00000211fbf0e1d0_0;
    %store/vec4 v00000211fbf0e130_0, 0, 32;
    %jmp T_9.10;
T_9.1 ;
    %load/vec4 v00000211fbf0e1d0_0;
    %store/vec4 v00000211fbf0e130_0, 0, 32;
    %jmp T_9.10;
T_9.2 ;
    %load/vec4 v00000211fbf0dff0_0;
    %load/vec4 v00000211fbf0e8b0_0;
    %and;
    %store/vec4 v00000211fbf0e130_0, 0, 32;
    %jmp T_9.10;
T_9.3 ;
    %load/vec4 v00000211fbf0dff0_0;
    %load/vec4 v00000211fbf0e8b0_0;
    %or;
    %store/vec4 v00000211fbf0e130_0, 0, 32;
    %jmp T_9.10;
T_9.4 ;
    %load/vec4 v00000211fbf0dff0_0;
    %load/vec4 v00000211fbf0e8b0_0;
    %xor;
    %store/vec4 v00000211fbf0e130_0, 0, 32;
    %jmp T_9.10;
T_9.5 ;
    %load/vec4 v00000211fbf0dff0_0;
    %load/vec4 v00000211fbf0e8b0_0;
    %cmp/s;
    %flag_mov 8, 5;
    %jmp/0 T_9.11, 8;
    %pushi/vec4 1, 0, 32;
    %jmp/1 T_9.12, 8;
T_9.11 ; End of true expr.
    %pushi/vec4 0, 0, 32;
    %jmp/0 T_9.12, 8;
 ; End of false expr.
    %blend;
T_9.12;
    %store/vec4 v00000211fbf0e130_0, 0, 32;
    %jmp T_9.10;
T_9.6 ;
    %load/vec4 v00000211fbf0dff0_0;
    %load/vec4 v00000211fbf0e8b0_0;
    %parti/s 5, 0, 2;
    %ix/vec4 4;
    %shiftl 4;
    %store/vec4 v00000211fbf0e130_0, 0, 32;
    %jmp T_9.10;
T_9.7 ;
    %load/vec4 v00000211fbf0dff0_0;
    %load/vec4 v00000211fbf0e8b0_0;
    %parti/s 5, 0, 2;
    %ix/vec4 4;
    %shiftr 4;
    %store/vec4 v00000211fbf0e130_0, 0, 32;
    %jmp T_9.10;
T_9.8 ;
    %load/vec4 v00000211fbf0dff0_0;
    %load/vec4 v00000211fbf0e8b0_0;
    %parti/s 5, 0, 2;
    %ix/vec4 4;
    %shiftr/s 4;
    %store/vec4 v00000211fbf0e130_0, 0, 32;
    %jmp T_9.10;
T_9.10 ;
    %pop/vec4 1;
    %jmp T_9;
    .thread T_9, $push;
    .scope S_00000211fbe2ed80;
T_10 ;
    %wait E_00000211fbf0f060;
    %load/vec4 v00000211fbf0d230_0;
    %nor/r;
    %flag_set/vec4 8;
    %jmp/0xz  T_10.0, 8;
    %pushi/vec4 0, 0, 1;
    %assign/vec4 v00000211fbf0cf10_0, 0;
    %pushi/vec4 0, 0, 1;
    %assign/vec4 v00000211fbf0d9b0_0, 0;
    %pushi/vec4 0, 0, 2;
    %assign/vec4 v00000211fbf0cdd0_0, 0;
    %pushi/vec4 0, 0, 32;
    %assign/vec4 v00000211fbf0d870_0, 0;
    %pushi/vec4 0, 0, 32;
    %assign/vec4 v00000211fbf0de10_0, 0;
    %pushi/vec4 0, 0, 32;
    %assign/vec4 v00000211fbf0e3b0_0, 0;
    %pushi/vec4 0, 0, 32;
    %assign/vec4 v00000211fbf0cfb0_0, 0;
    %pushi/vec4 0, 0, 5;
    %assign/vec4 v00000211fbf0d190_0, 0;
    %jmp T_10.1;
T_10.0 ;
    %load/vec4 v00000211fbf0d910_0;
    %assign/vec4 v00000211fbf0cf10_0, 0;
    %load/vec4 v00000211fbf0da50_0;
    %assign/vec4 v00000211fbf0d9b0_0, 0;
    %load/vec4 v00000211fbf0daf0_0;
    %assign/vec4 v00000211fbf0cdd0_0, 0;
    %load/vec4 v00000211fbf0d370_0;
    %assign/vec4 v00000211fbf0d870_0, 0;
    %load/vec4 v00000211fbf0d410_0;
    %assign/vec4 v00000211fbf0de10_0, 0;
    %load/vec4 v00000211fbf0deb0_0;
    %assign/vec4 v00000211fbf0e3b0_0, 0;
    %load/vec4 v00000211fbf0e810_0;
    %assign/vec4 v00000211fbf0cfb0_0, 0;
    %load/vec4 v00000211fbf0e270_0;
    %assign/vec4 v00000211fbf0d190_0, 0;
T_10.1 ;
    %jmp T_10;
    .thread T_10;
    .scope S_00000211fbf75c50;
T_11 ;
    %wait E_00000211fbf0f9e0;
    %load/vec4 v00000211fbf786e0_0;
    %flag_set/vec4 8;
    %jmp/0xz  T_11.0, 8;
    %load/vec4 v00000211fbf78fa0_0;
    %load/vec4 v00000211fbf78b40_0;
    %parti/s 30, 2, 3;
    %ix/vec4 3;
    %ix/load 4, 0, 0; Constant delay
    %assign/vec4/a/d v00000211fbf794a0, 0, 4;
T_11.0 ;
    %jmp T_11;
    .thread T_11;
    .scope S_00000211fbf7d130;
T_12 ;
    %wait E_00000211fbf0f060;
    %load/vec4 v00000211fbf799a0_0;
    %nor/r;
    %flag_set/vec4 8;
    %jmp/0xz  T_12.0, 8;
    %pushi/vec4 0, 0, 1;
    %assign/vec4 v00000211fbf79860_0, 0;
    %pushi/vec4 0, 0, 2;
    %assign/vec4 v00000211fbf79c20_0, 0;
    %pushi/vec4 0, 0, 32;
    %assign/vec4 v00000211fbf78c80_0, 0;
    %pushi/vec4 0, 0, 32;
    %assign/vec4 v00000211fbf79220_0, 0;
    %pushi/vec4 0, 0, 32;
    %assign/vec4 v00000211fbf78d20_0, 0;
    %pushi/vec4 0, 0, 32;
    %assign/vec4 v00000211fbf7a3a0_0, 0;
    %pushi/vec4 0, 0, 5;
    %assign/vec4 v00000211fbf78640_0, 0;
    %jmp T_12.1;
T_12.0 ;
    %load/vec4 v00000211fbf785a0_0;
    %assign/vec4 v00000211fbf79860_0, 0;
    %load/vec4 v00000211fbf78460_0;
    %assign/vec4 v00000211fbf79c20_0, 0;
    %load/vec4 v00000211fbf79180_0;
    %assign/vec4 v00000211fbf78c80_0, 0;
    %load/vec4 v00000211fbf78320_0;
    %assign/vec4 v00000211fbf79220_0, 0;
    %load/vec4 v00000211fbf790e0_0;
    %assign/vec4 v00000211fbf78d20_0, 0;
    %load/vec4 v00000211fbf783c0_0;
    %assign/vec4 v00000211fbf7a3a0_0, 0;
    %load/vec4 v00000211fbf7a4e0_0;
    %assign/vec4 v00000211fbf78640_0, 0;
T_12.1 ;
    %jmp T_12;
    .thread T_12;
    .scope S_00000211fbf7c640;
T_13 ;
    %wait E_00000211fbf0fde0;
    %load/vec4 v00000211fbf78e60_0;
    %dup/vec4;
    %pushi/vec4 0, 0, 2;
    %cmp/u;
    %jmp/1 T_13.0, 6;
    %dup/vec4;
    %pushi/vec4 1, 0, 2;
    %cmp/u;
    %jmp/1 T_13.1, 6;
    %dup/vec4;
    %pushi/vec4 2, 0, 2;
    %cmp/u;
    %jmp/1 T_13.2, 6;
    %pushi/vec4 0, 0, 32;
    %store/vec4 v00000211fbf78dc0_0, 0, 32;
    %jmp T_13.4;
T_13.0 ;
    %load/vec4 v00000211fbf79360_0;
    %store/vec4 v00000211fbf78dc0_0, 0, 32;
    %jmp T_13.4;
T_13.1 ;
    %load/vec4 v00000211fbf792c0_0;
    %store/vec4 v00000211fbf78dc0_0, 0, 32;
    %jmp T_13.4;
T_13.2 ;
    %load/vec4 v00000211fbf78780_0;
    %store/vec4 v00000211fbf78dc0_0, 0, 32;
    %jmp T_13.4;
T_13.4 ;
    %pop/vec4 1;
    %jmp T_13;
    .thread T_13, $push;
    .scope S_00000211fbe3e050;
T_14 ;
    %wait E_00000211fbf0eee0;
    %pushi/vec4 0, 0, 2;
    %store/vec4 v00000211fbf633b0_0, 0, 2;
    %pushi/vec4 0, 0, 2;
    %store/vec4 v00000211fbf643f0_0, 0, 2;
    %load/vec4 v00000211fbf63810_0;
    %load/vec4 v00000211fbf634f0_0;
    %pushi/vec4 0, 0, 5;
    %cmp/ne;
    %flag_get/vec4 4;
    %and;
    %load/vec4 v00000211fbf634f0_0;
    %load/vec4 v00000211fbf63950_0;
    %cmp/e;
    %flag_get/vec4 4;
    %and;
    %flag_set/vec4 8;
    %jmp/0xz  T_14.0, 8;
    %pushi/vec4 2, 0, 2;
    %store/vec4 v00000211fbf633b0_0, 0, 2;
    %jmp T_14.1;
T_14.0 ;
    %load/vec4 v00000211fbf639f0_0;
    %load/vec4 v00000211fbf62eb0_0;
    %pushi/vec4 0, 0, 5;
    %cmp/ne;
    %flag_get/vec4 4;
    %and;
    %load/vec4 v00000211fbf62eb0_0;
    %load/vec4 v00000211fbf63950_0;
    %cmp/e;
    %flag_get/vec4 4;
    %and;
    %flag_set/vec4 8;
    %jmp/0xz  T_14.2, 8;
    %pushi/vec4 1, 0, 2;
    %store/vec4 v00000211fbf633b0_0, 0, 2;
T_14.2 ;
T_14.1 ;
    %load/vec4 v00000211fbf63810_0;
    %load/vec4 v00000211fbf634f0_0;
    %pushi/vec4 0, 0, 5;
    %cmp/ne;
    %flag_get/vec4 4;
    %and;
    %load/vec4 v00000211fbf634f0_0;
    %load/vec4 v00000211fbf63f90_0;
    %cmp/e;
    %flag_get/vec4 4;
    %and;
    %flag_set/vec4 8;
    %jmp/0xz  T_14.4, 8;
    %pushi/vec4 2, 0, 2;
    %store/vec4 v00000211fbf643f0_0, 0, 2;
    %jmp T_14.5;
T_14.4 ;
    %load/vec4 v00000211fbf639f0_0;
    %load/vec4 v00000211fbf62eb0_0;
    %pushi/vec4 0, 0, 5;
    %cmp/ne;
    %flag_get/vec4 4;
    %and;
    %load/vec4 v00000211fbf62eb0_0;
    %load/vec4 v00000211fbf63f90_0;
    %cmp/e;
    %flag_get/vec4 4;
    %and;
    %flag_set/vec4 8;
    %jmp/0xz  T_14.6, 8;
    %pushi/vec4 1, 0, 2;
    %store/vec4 v00000211fbf643f0_0, 0, 2;
T_14.6 ;
T_14.5 ;
    %jmp T_14;
    .thread T_14, $push;
    .scope S_00000211fbe69d70;
T_15 ;
    %pushi/vec4 0, 0, 1;
    %store/vec4 v00000211fbf81400_0, 0, 1;
    %end;
    .thread T_15;
    .scope S_00000211fbe69d70;
T_16 ;
    %delay 50000, 0;
    %load/vec4 v00000211fbf81400_0;
    %inv;
    %store/vec4 v00000211fbf81400_0, 0, 1;
    %jmp T_16;
    .thread T_16;
    .scope S_00000211fbe69d70;
T_17 ;
    %pushi/vec4 0, 0, 1;
    %store/vec4 v00000211fbf81ea0_0, 0, 1;
    %delay 200000, 0;
    %pushi/vec4 1, 0, 1;
    %store/vec4 v00000211fbf81ea0_0, 0, 1;
    %delay 2000000, 0;
    %vpi_call 2 28 "$finish" {0 0 0};
    %end;
    .thread T_17;
    .scope S_00000211fbe69d70;
T_18 ;
    %vpi_call 2 37 "$dumpfile", "dump.vcd" {0 0 0};
    %vpi_call 2 38 "$dumpvars", 32'sb00000000000000000000000000000000, S_00000211fbe69d70 {0 0 0};
    %end;
    .thread T_18;
# The file index is used to find the file name in the following table.
:file_names 28;
    "N/A";
    "<interactive>";
    "26_Pipeline_Top_tb.v";
    "25_Pipeline_Top.v";
    "18_EX_MEM.v";
    "19_EX_Stage.v";
    "08_Mux.v";
    "12_Branch_Control.v";
    "13_PC_Target_Adder.v";
    "06_ALU.v";
    "23_Forwarding_Unit.v";
    "24_Hazard_Unit.v";
    "16_ID_EX.v";
    "17_ID_Stage.v";
    "11_Control_Unit_Top.v";
    "10_ALU_Decoder.v";
    "09_Main_Decoder.v";
    "04_Register_File.v";
    "05_Sign_Extend.v";
    "14_IF_ID.v";
    "15_IF_Stage.v";
    "03_Instruction_Memory.v";
    "02_PC_Adder.v";
    "01_PC.v";
    "21_MEM_Stage.v";
    "07_Data_Memory.v";
    "20_MEM_WB.v";
    "22_WB_Stage.v";
