#! /c/Source/iverilog-install/bin/vvp
:ivl_version "12.0 (devel)" "(s20150603-1110-g18392a46)";
:ivl_delay_selection "TYPICAL";
:vpi_time_precision + 0;
:vpi_module "C:\iverilog\lib\ivl\system.vpi";
:vpi_module "C:\iverilog\lib\ivl\vhdl_sys.vpi";
:vpi_module "C:\iverilog\lib\ivl\vhdl_textio.vpi";
:vpi_module "C:\iverilog\lib\ivl\v2005_math.vpi";
:vpi_module "C:\iverilog\lib\ivl\va_math.vpi";
S_0000016dd2d07e20 .scope module, "Single_Cycle_Top_Tb" "Single_Cycle_Top_Tb" 2 3;
 .timescale 0 0;
v0000016dd2d6e170_0 .var "clk", 0 0;
v0000016dd2d6e670_0 .var "rst", 0 0;
S_0000016dd2cc5070 .scope module, "dut" "Single_Cycle_Top" 2 8, 3 15 0, S_0000016dd2d07e20;
 .timescale 0 0;
    .port_info 0 /INPUT 1 "clk";
    .port_info 1 /INPUT 1 "rst";
v0000016dd2d710f0_0 .net "ALUControl", 2 0, L_0000016dd2d6e3f0;  1 drivers
v0000016dd2d712d0_0 .net "ALUResult", 31 0, L_0000016dd2dcd150;  1 drivers
v0000016dd2d71d70_0 .net "ALUSrc", 0 0, L_0000016dd2d05eb0;  1 drivers
v0000016dd2d717d0_0 .net "Branch", 0 0, L_0000016dd2d6f750;  1 drivers
v0000016dd2d70970_0 .net "ImmExt", 31 0, L_0000016dd2dcc890;  1 drivers
v0000016dd2d70bf0_0 .net "ImmSrc", 1 0, L_0000016dd2d6f2f0;  1 drivers
v0000016dd2d70ab0_0 .net "Instruction", 31 0, L_0000016dd2d6e710;  1 drivers
v0000016dd2d71370_0 .net "MemWrite", 0 0, L_0000016dd2d705b0;  1 drivers
v0000016dd2d70dd0_0 .net "PC", 31 0, v0000016dd2d6ac80_0;  1 drivers
v0000016dd2d71550_0 .net "PCNext", 31 0, L_0000016dd2dcdc90;  1 drivers
v0000016dd2d719b0_0 .net "PCPlus4", 31 0, L_0000016dd2d6e2b0;  1 drivers
v0000016dd2d71730_0 .net "PCSrc", 0 0, L_0000016dd2d06700;  1 drivers
v0000016dd2d70e70_0 .net "PCTarget", 31 0, L_0000016dd2dcdfb0;  1 drivers
v0000016dd2d714b0_0 .net "RD1", 31 0, L_0000016dd2d6eb70;  1 drivers
v0000016dd2d715f0_0 .net "RD2", 31 0, L_0000016dd2d6f1b0;  1 drivers
v0000016dd2d71690_0 .net "ReadData", 31 0, L_0000016dd2dcde70;  1 drivers
v0000016dd2d71af0_0 .net "RegWrite", 0 0, L_0000016dd2d05e40;  1 drivers
v0000016dd2d71b90_0 .net "ResultSrc", 0 0, L_0000016dd2d6f430;  1 drivers
v0000016dd2d71c30_0 .net "SrcB", 31 0, L_0000016dd2dcccf0;  1 drivers
v0000016dd2d71cd0_0 .net "WriteData", 31 0, L_0000016dd2dcdbf0;  1 drivers
v0000016dd2d71e10_0 .net "Zero", 0 0, L_0000016dd2dcd8d0;  1 drivers
v0000016dd2d71eb0_0 .net "clk", 0 0, v0000016dd2d6e170_0;  1 drivers
v0000016dd2d70a10_0 .net "rst", 0 0, v0000016dd2d6e670_0;  1 drivers
L_0000016dd2d6e530 .part L_0000016dd2d6e710, 0, 7;
L_0000016dd2d6e5d0 .part L_0000016dd2d6e710, 12, 3;
L_0000016dd2d6ee90 .part L_0000016dd2d6e710, 25, 7;
L_0000016dd2d6f6b0 .part L_0000016dd2d6e710, 15, 5;
L_0000016dd2d6fa70 .part L_0000016dd2d6e710, 20, 5;
L_0000016dd2dce2d0 .part L_0000016dd2d6e710, 7, 5;
S_0000016dd2cc5200 .scope module, "alu" "ALU" 3 132, 4 1 0, S_0000016dd2cc5070;
 .timescale 0 0;
    .port_info 0 /INPUT 32 "A";
    .port_info 1 /INPUT 32 "B";
    .port_info 2 /OUTPUT 32 "Result";
    .port_info 3 /INPUT 3 "ALUControl";
    .port_info 4 /OUTPUT 1 "OverFlow";
    .port_info 5 /OUTPUT 1 "Carry";
    .port_info 6 /OUTPUT 1 "Zero";
    .port_info 7 /OUTPUT 1 "Negative";
L_0000016dd2d730a0 .functor BUFT 1, C4<0>, C4<0>, C4<0>, C4<0>;
L_0000016dd2d06230 .functor XNOR 1, L_0000016dd2dce410, L_0000016dd2d730a0, C4<0>, C4<0>;
L_0000016dd2d05ac0 .functor NOT 33, L_0000016dd2dcc2f0, C4<000000000000000000000000000000000>, C4<000000000000000000000000000000000>, C4<000000000000000000000000000000000>;
L_0000016dd2d05b30 .functor AND 32, L_0000016dd2d6eb70, L_0000016dd2dcccf0, C4<11111111111111111111111111111111>, C4<11111111111111111111111111111111>;
L_0000016dd2d05cf0 .functor OR 32, L_0000016dd2d6eb70, L_0000016dd2dcccf0, C4<00000000000000000000000000000000>, C4<00000000000000000000000000000000>;
L_0000016dd2d062a0 .functor XOR 1, L_0000016dd2dcd290, L_0000016dd2dcd6f0, C4<0>, C4<0>;
L_0000016dd2d06000 .functor XOR 1, L_0000016dd2dccb10, L_0000016dd2dcd1f0, C4<0>, C4<0>;
L_0000016dd2d06070 .functor XOR 1, L_0000016dd2d06000, L_0000016dd2dcd330, C4<0>, C4<0>;
L_0000016dd2d060e0 .functor NOT 1, L_0000016dd2d06070, C4<0>, C4<0>, C4<0>;
L_0000016dd2d06770 .functor AND 1, L_0000016dd2d062a0, L_0000016dd2d060e0, C4<1>, C4<1>;
L_0000016dd2d05d60 .functor NOT 1, L_0000016dd2dcd470, C4<0>, C4<0>, C4<0>;
L_0000016dd2d063f0 .functor AND 1, L_0000016dd2d06770, L_0000016dd2d05d60, C4<1>, C4<1>;
L_0000016dd2d06310 .functor NOT 1, L_0000016dd2dccbb0, C4<0>, C4<0>, C4<0>;
L_0000016dd2d06380 .functor AND 1, L_0000016dd2d06310, L_0000016dd2dce230, C4<1>, C4<1>;
v0000016dd2cf7240_0 .net "A", 31 0, L_0000016dd2d6eb70;  alias, 1 drivers
v0000016dd2cf6700_0 .net "ALUControl", 2 0, L_0000016dd2d6e3f0;  alias, 1 drivers
v0000016dd2cf5da0_0 .net "B", 31 0, L_0000016dd2dcccf0;  alias, 1 drivers
v0000016dd2cf7100_0 .net "Carry", 0 0, L_0000016dd2d06380;  1 drivers
v0000016dd2cb04f0_0 .net "Cout", 0 0, L_0000016dd2dce230;  1 drivers
v0000016dd2ce28d0_0 .net "Negative", 0 0, L_0000016dd2dcddd0;  1 drivers
v0000016dd2d64f70_0 .net "OverFlow", 0 0, L_0000016dd2d063f0;  1 drivers
v0000016dd2d65d30_0 .net "Result", 31 0, L_0000016dd2dcd150;  alias, 1 drivers
v0000016dd2d65f10_0 .net "Sum", 31 0, L_0000016dd2dccc50;  1 drivers
v0000016dd2d649d0_0 .net "Zero", 0 0, L_0000016dd2dcd8d0;  alias, 1 drivers
v0000016dd2d65970_0 .net *"_ivl_100", 0 0, L_0000016dd2dcd470;  1 drivers
v0000016dd2d64ed0_0 .net *"_ivl_101", 0 0, L_0000016dd2d05d60;  1 drivers
v0000016dd2d65010_0 .net *"_ivl_106", 0 0, L_0000016dd2dccbb0;  1 drivers
v0000016dd2d65a10_0 .net *"_ivl_107", 0 0, L_0000016dd2d06310;  1 drivers
L_0000016dd2d73448 .functor BUFT 1, C4<00000000000000000000000000000000>, C4<0>, C4<0>, C4<0>;
v0000016dd2d65dd0_0 .net/2u *"_ivl_111", 31 0, L_0000016dd2d73448;  1 drivers
L_0000016dd2d730e8 .functor BUFT 1, C4<0>, C4<0>, C4<0>, C4<0>;
v0000016dd2d650b0_0 .net *"_ivl_12", 0 0, L_0000016dd2d730e8;  1 drivers
v0000016dd2d64930_0 .net *"_ivl_13", 32 0, L_0000016dd2dcce30;  1 drivers
L_0000016dd2d73130 .functor BUFT 1, C4<0>, C4<0>, C4<0>, C4<0>;
v0000016dd2d651f0_0 .net *"_ivl_16", 0 0, L_0000016dd2d73130;  1 drivers
v0000016dd2d65e70_0 .net *"_ivl_17", 32 0, L_0000016dd2dcc930;  1 drivers
v0000016dd2d65bf0_0 .net *"_ivl_19", 32 0, L_0000016dd2dcc9d0;  1 drivers
L_0000016dd2d73178 .functor BUFT 1, C4<0>, C4<0>, C4<0>, C4<0>;
v0000016dd2d65b50_0 .net *"_ivl_22", 0 0, L_0000016dd2d73178;  1 drivers
v0000016dd2d656f0_0 .net *"_ivl_23", 32 0, L_0000016dd2dcc2f0;  1 drivers
L_0000016dd2d731c0 .functor BUFT 1, C4<0>, C4<0>, C4<0>, C4<0>;
v0000016dd2d64750_0 .net *"_ivl_26", 0 0, L_0000016dd2d731c0;  1 drivers
v0000016dd2d65650_0 .net *"_ivl_27", 32 0, L_0000016dd2d05ac0;  1 drivers
L_0000016dd2d73208 .functor BUFT 1, C4<000000000000000000000000000000001>, C4<0>, C4<0>, C4<0>;
v0000016dd2d64890_0 .net/2u *"_ivl_29", 32 0, L_0000016dd2d73208;  1 drivers
v0000016dd2d65c90_0 .net *"_ivl_31", 32 0, L_0000016dd2dcced0;  1 drivers
v0000016dd2d655b0_0 .net *"_ivl_33", 32 0, L_0000016dd2dce690;  1 drivers
v0000016dd2d64390_0 .net *"_ivl_35", 32 0, L_0000016dd2dcc430;  1 drivers
L_0000016dd2d73250 .functor BUFT 1, C4<000>, C4<0>, C4<0>, C4<0>;
v0000016dd2d64250_0 .net/2u *"_ivl_37", 2 0, L_0000016dd2d73250;  1 drivers
v0000016dd2d64b10_0 .net *"_ivl_39", 0 0, L_0000016dd2dce730;  1 drivers
v0000016dd2d65fb0_0 .net *"_ivl_4", 0 0, L_0000016dd2dce410;  1 drivers
L_0000016dd2d73298 .functor BUFT 1, C4<001>, C4<0>, C4<0>, C4<0>;
v0000016dd2d64110_0 .net/2u *"_ivl_41", 2 0, L_0000016dd2d73298;  1 drivers
v0000016dd2d65510_0 .net *"_ivl_43", 0 0, L_0000016dd2dcca70;  1 drivers
L_0000016dd2d732e0 .functor BUFT 1, C4<010>, C4<0>, C4<0>, C4<0>;
v0000016dd2d65790_0 .net/2u *"_ivl_45", 2 0, L_0000016dd2d732e0;  1 drivers
v0000016dd2d65470_0 .net *"_ivl_47", 0 0, L_0000016dd2dcc4d0;  1 drivers
v0000016dd2d65150_0 .net *"_ivl_49", 31 0, L_0000016dd2d05b30;  1 drivers
v0000016dd2d64610_0 .net/2u *"_ivl_5", 0 0, L_0000016dd2d730a0;  1 drivers
L_0000016dd2d73328 .functor BUFT 1, C4<011>, C4<0>, C4<0>, C4<0>;
v0000016dd2d647f0_0 .net/2u *"_ivl_51", 2 0, L_0000016dd2d73328;  1 drivers
v0000016dd2d64430_0 .net *"_ivl_53", 0 0, L_0000016dd2dcc390;  1 drivers
v0000016dd2d65830_0 .net *"_ivl_55", 31 0, L_0000016dd2d05cf0;  1 drivers
L_0000016dd2d73370 .functor BUFT 1, C4<101>, C4<0>, C4<0>, C4<0>;
v0000016dd2d644d0_0 .net/2u *"_ivl_57", 2 0, L_0000016dd2d73370;  1 drivers
v0000016dd2d65ab0_0 .net *"_ivl_59", 0 0, L_0000016dd2dccf70;  1 drivers
L_0000016dd2d733b8 .functor BUFT 1, C4<0000000000000000000000000000000>, C4<0>, C4<0>, C4<0>;
v0000016dd2d64cf0_0 .net/2u *"_ivl_61", 30 0, L_0000016dd2d733b8;  1 drivers
v0000016dd2d64c50_0 .net *"_ivl_64", 0 0, L_0000016dd2dcd790;  1 drivers
v0000016dd2d64a70_0 .net *"_ivl_65", 31 0, L_0000016dd2dcd010;  1 drivers
L_0000016dd2d73400 .functor BUFT 1, C4<00000000000000000000000000000000>, C4<0>, C4<0>, C4<0>;
v0000016dd2d658d0_0 .net/2u *"_ivl_67", 31 0, L_0000016dd2d73400;  1 drivers
v0000016dd2d641b0_0 .net *"_ivl_69", 31 0, L_0000016dd2dce870;  1 drivers
v0000016dd2d64570_0 .net *"_ivl_7", 0 0, L_0000016dd2d06230;  1 drivers
v0000016dd2d64bb0_0 .net *"_ivl_71", 31 0, L_0000016dd2dcd650;  1 drivers
v0000016dd2d646b0_0 .net *"_ivl_73", 31 0, L_0000016dd2dcc1b0;  1 drivers
v0000016dd2d65290_0 .net *"_ivl_75", 31 0, L_0000016dd2dcdf10;  1 drivers
v0000016dd2d64d90_0 .net *"_ivl_80", 0 0, L_0000016dd2dcd290;  1 drivers
v0000016dd2d653d0_0 .net *"_ivl_82", 0 0, L_0000016dd2dcd6f0;  1 drivers
v0000016dd2d64e30_0 .net *"_ivl_83", 0 0, L_0000016dd2d062a0;  1 drivers
v0000016dd2d65330_0 .net *"_ivl_86", 0 0, L_0000016dd2dccb10;  1 drivers
v0000016dd2d642f0_0 .net *"_ivl_88", 0 0, L_0000016dd2dcd1f0;  1 drivers
v0000016dd2d67840_0 .net *"_ivl_89", 0 0, L_0000016dd2d06000;  1 drivers
v0000016dd2d67a20_0 .net *"_ivl_9", 32 0, L_0000016dd2dcd830;  1 drivers
v0000016dd2d66bc0_0 .net *"_ivl_92", 0 0, L_0000016dd2dcd330;  1 drivers
v0000016dd2d66c60_0 .net *"_ivl_93", 0 0, L_0000016dd2d06070;  1 drivers
v0000016dd2d66d00_0 .net *"_ivl_95", 0 0, L_0000016dd2d060e0;  1 drivers
v0000016dd2d678e0_0 .net *"_ivl_97", 0 0, L_0000016dd2d06770;  1 drivers
L_0000016dd2dce230 .part L_0000016dd2dcc430, 32, 1;
L_0000016dd2dccc50 .part L_0000016dd2dcc430, 0, 32;
L_0000016dd2dce410 .part L_0000016dd2d6e3f0, 0, 1;
L_0000016dd2dcd830 .concat [ 32 1 0 0], L_0000016dd2d6eb70, L_0000016dd2d730e8;
L_0000016dd2dcce30 .concat [ 32 1 0 0], L_0000016dd2dcccf0, L_0000016dd2d73130;
L_0000016dd2dcc930 .arith/sum 33, L_0000016dd2dcd830, L_0000016dd2dcce30;
L_0000016dd2dcc9d0 .concat [ 32 1 0 0], L_0000016dd2d6eb70, L_0000016dd2d73178;
L_0000016dd2dcc2f0 .concat [ 32 1 0 0], L_0000016dd2dcccf0, L_0000016dd2d731c0;
L_0000016dd2dcced0 .arith/sum 33, L_0000016dd2d05ac0, L_0000016dd2d73208;
L_0000016dd2dce690 .arith/sum 33, L_0000016dd2dcc9d0, L_0000016dd2dcced0;
L_0000016dd2dcc430 .functor MUXZ 33, L_0000016dd2dce690, L_0000016dd2dcc930, L_0000016dd2d06230, C4<>;
L_0000016dd2dce730 .cmp/eq 3, L_0000016dd2d6e3f0, L_0000016dd2d73250;
L_0000016dd2dcca70 .cmp/eq 3, L_0000016dd2d6e3f0, L_0000016dd2d73298;
L_0000016dd2dcc4d0 .cmp/eq 3, L_0000016dd2d6e3f0, L_0000016dd2d732e0;
L_0000016dd2dcc390 .cmp/eq 3, L_0000016dd2d6e3f0, L_0000016dd2d73328;
L_0000016dd2dccf70 .cmp/eq 3, L_0000016dd2d6e3f0, L_0000016dd2d73370;
L_0000016dd2dcd790 .part L_0000016dd2dccc50, 31, 1;
L_0000016dd2dcd010 .concat [ 1 31 0 0], L_0000016dd2dcd790, L_0000016dd2d733b8;
L_0000016dd2dce870 .functor MUXZ 32, L_0000016dd2d73400, L_0000016dd2dcd010, L_0000016dd2dccf70, C4<>;
L_0000016dd2dcd650 .functor MUXZ 32, L_0000016dd2dce870, L_0000016dd2d05cf0, L_0000016dd2dcc390, C4<>;
L_0000016dd2dcc1b0 .functor MUXZ 32, L_0000016dd2dcd650, L_0000016dd2d05b30, L_0000016dd2dcc4d0, C4<>;
L_0000016dd2dcdf10 .functor MUXZ 32, L_0000016dd2dcc1b0, L_0000016dd2dccc50, L_0000016dd2dcca70, C4<>;
L_0000016dd2dcd150 .functor MUXZ 32, L_0000016dd2dcdf10, L_0000016dd2dccc50, L_0000016dd2dce730, C4<>;
L_0000016dd2dcd290 .part L_0000016dd2dccc50, 31, 1;
L_0000016dd2dcd6f0 .part L_0000016dd2d6eb70, 31, 1;
L_0000016dd2dccb10 .part L_0000016dd2d6e3f0, 0, 1;
L_0000016dd2dcd1f0 .part L_0000016dd2dcccf0, 31, 1;
L_0000016dd2dcd330 .part L_0000016dd2d6eb70, 31, 1;
L_0000016dd2dcd470 .part L_0000016dd2d6e3f0, 1, 1;
L_0000016dd2dccbb0 .part L_0000016dd2d6e3f0, 1, 1;
L_0000016dd2dcd8d0 .cmp/eq 32, L_0000016dd2dcd150, L_0000016dd2d73448;
L_0000016dd2dcddd0 .part L_0000016dd2dcd150, 31, 1;
S_0000016dd2cc5390 .scope module, "alu_src_mux" "Mux" 3 122, 5 1 0, S_0000016dd2cc5070;
 .timescale 0 0;
    .port_info 0 /INPUT 32 "a";
    .port_info 1 /INPUT 32 "b";
    .port_info 2 /INPUT 1 "s";
    .port_info 3 /OUTPUT 32 "c";
v0000016dd2d67660_0 .net "a", 31 0, L_0000016dd2d6f1b0;  alias, 1 drivers
v0000016dd2d66760_0 .net "b", 31 0, L_0000016dd2dcc890;  alias, 1 drivers
v0000016dd2d67700_0 .net "c", 31 0, L_0000016dd2dcccf0;  alias, 1 drivers
v0000016dd2d673e0_0 .net "s", 0 0, L_0000016dd2d05eb0;  alias, 1 drivers
L_0000016dd2dcccf0 .functor MUXZ 32, L_0000016dd2d6f1b0, L_0000016dd2dcc890, L_0000016dd2d05eb0, C4<>;
S_0000016dd2c9bff0 .scope module, "branch_control" "Branch_Control" 3 149, 6 1 0, S_0000016dd2cc5070;
 .timescale 0 0;
    .port_info 0 /INPUT 1 "Branch";
    .port_info 1 /INPUT 1 "Zero";
    .port_info 2 /OUTPUT 1 "PCSrc";
L_0000016dd2d06700 .functor AND 1, L_0000016dd2d6f750, L_0000016dd2dcd8d0, C4<1>, C4<1>;
v0000016dd2d66440_0 .net "Branch", 0 0, L_0000016dd2d6f750;  alias, 1 drivers
v0000016dd2d67020_0 .net "PCSrc", 0 0, L_0000016dd2d06700;  alias, 1 drivers
v0000016dd2d66580_0 .net "Zero", 0 0, L_0000016dd2dcd8d0;  alias, 1 drivers
S_0000016dd2bde550 .scope module, "control_unit" "Control_Unit_Top" 3 77, 7 1 0, S_0000016dd2cc5070;
 .timescale 0 0;
    .port_info 0 /INPUT 7 "Op";
    .port_info 1 /INPUT 3 "funct3";
    .port_info 2 /INPUT 7 "funct7";
    .port_info 3 /OUTPUT 1 "RegWrite";
    .port_info 4 /OUTPUT 1 "ALUSrc";
    .port_info 5 /OUTPUT 1 "MemWrite";
    .port_info 6 /OUTPUT 1 "ResultSrc";
    .port_info 7 /OUTPUT 1 "Branch";
    .port_info 8 /OUTPUT 2 "ImmSrc";
    .port_info 9 /OUTPUT 3 "ALUControl";
v0000016dd2d6bd60_0 .net "ALUControl", 2 0, L_0000016dd2d6e3f0;  alias, 1 drivers
v0000016dd2d6bc20_0 .net "ALUOp", 1 0, L_0000016dd2d6efd0;  1 drivers
v0000016dd2d6b720_0 .net "ALUSrc", 0 0, L_0000016dd2d05eb0;  alias, 1 drivers
v0000016dd2d6b400_0 .net "Branch", 0 0, L_0000016dd2d6f750;  alias, 1 drivers
v0000016dd2d6afa0_0 .net "ImmSrc", 1 0, L_0000016dd2d6f2f0;  alias, 1 drivers
v0000016dd2d6bae0_0 .net "MemWrite", 0 0, L_0000016dd2d705b0;  alias, 1 drivers
v0000016dd2d6a780_0 .net "Op", 6 0, L_0000016dd2d6e530;  1 drivers
v0000016dd2d6a3c0_0 .net "RegWrite", 0 0, L_0000016dd2d05e40;  alias, 1 drivers
v0000016dd2d6b7c0_0 .net "ResultSrc", 0 0, L_0000016dd2d6f430;  alias, 1 drivers
v0000016dd2d6a500_0 .net "funct3", 2 0, L_0000016dd2d6e5d0;  1 drivers
v0000016dd2d6b860_0 .net "funct7", 6 0, L_0000016dd2d6ee90;  1 drivers
S_0000016dd2bde6e0 .scope module, "alu_decoder" "ALU_Decoder" 7 34, 8 1 0, S_0000016dd2bde550;
 .timescale 0 0;
    .port_info 0 /INPUT 2 "ALUOp";
    .port_info 1 /INPUT 3 "funct3";
    .port_info 2 /INPUT 7 "funct7";
    .port_info 3 /INPUT 7 "op";
    .port_info 4 /OUTPUT 3 "ALUControl";
P_0000016dd2cbb700 .param/l "ADD" 1 8 12, C4<000>;
P_0000016dd2cbb738 .param/l "AND" 1 8 14, C4<010>;
P_0000016dd2cbb770 .param/l "BRANCH" 1 8 22, C4<01>;
P_0000016dd2cbb7a8 .param/l "LOAD" 1 8 21, C4<00>;
P_0000016dd2cbb7e0 .param/l "OR" 1 8 15, C4<011>;
P_0000016dd2cbb818 .param/l "RTYPE" 1 8 23, C4<10>;
P_0000016dd2cbb850 .param/l "SLT" 1 8 16, C4<101>;
P_0000016dd2cbb888 .param/l "SUB" 1 8 13, C4<001>;
L_0000016dd2d06620 .functor AND 1, L_0000016dd2d6f890, L_0000016dd2d6e350, C4<1>, C4<1>;
L_0000016dd2d06540 .functor AND 1, L_0000016dd2d06620, L_0000016dd2d70830, C4<1>, C4<1>;
L_0000016dd2d05c80 .functor AND 1, L_0000016dd2d70510, L_0000016dd2d6fed0, C4<1>, C4<1>;
L_0000016dd2d05a50 .functor AND 1, L_0000016dd2d70290, L_0000016dd2d70150, C4<1>, C4<1>;
L_0000016dd2d06150 .functor AND 1, L_0000016dd2d6ead0, L_0000016dd2d701f0, C4<1>, C4<1>;
L_0000016dd2d05f20 .functor AND 1, L_0000016dd2d70330, L_0000016dd2d6fc50, C4<1>, C4<1>;
v0000016dd2d670c0_0 .net "ALUControl", 2 0, L_0000016dd2d6e3f0;  alias, 1 drivers
v0000016dd2d67f20_0 .net "ALUOp", 1 0, L_0000016dd2d6efd0;  alias, 1 drivers
v0000016dd2d669e0_0 .net *"_ivl_1", 0 0, L_0000016dd2d6e850;  1 drivers
L_0000016dd2d72758 .functor BUFT 1, C4<00>, C4<0>, C4<0>, C4<0>;
v0000016dd2d66120_0 .net/2u *"_ivl_10", 1 0, L_0000016dd2d72758;  1 drivers
v0000016dd2d664e0_0 .net *"_ivl_12", 0 0, L_0000016dd2d6f390;  1 drivers
L_0000016dd2d727a0 .functor BUFT 1, C4<000>, C4<0>, C4<0>, C4<0>;
v0000016dd2d677a0_0 .net/2u *"_ivl_14", 2 0, L_0000016dd2d727a0;  1 drivers
L_0000016dd2d727e8 .functor BUFT 1, C4<01>, C4<0>, C4<0>, C4<0>;
v0000016dd2d66da0_0 .net/2u *"_ivl_16", 1 0, L_0000016dd2d727e8;  1 drivers
v0000016dd2d67fc0_0 .net *"_ivl_18", 0 0, L_0000016dd2d6f610;  1 drivers
L_0000016dd2d72830 .functor BUFT 1, C4<001>, C4<0>, C4<0>, C4<0>;
v0000016dd2d67480_0 .net/2u *"_ivl_20", 2 0, L_0000016dd2d72830;  1 drivers
L_0000016dd2d72878 .functor BUFT 1, C4<10>, C4<0>, C4<0>, C4<0>;
v0000016dd2d67980_0 .net/2u *"_ivl_22", 1 0, L_0000016dd2d72878;  1 drivers
v0000016dd2d66620_0 .net *"_ivl_24", 0 0, L_0000016dd2d6f890;  1 drivers
L_0000016dd2d728c0 .functor BUFT 1, C4<000>, C4<0>, C4<0>, C4<0>;
v0000016dd2d67e80_0 .net/2u *"_ivl_26", 2 0, L_0000016dd2d728c0;  1 drivers
v0000016dd2d67ca0_0 .net *"_ivl_28", 0 0, L_0000016dd2d6e350;  1 drivers
v0000016dd2d66e40_0 .net *"_ivl_3", 0 0, L_0000016dd2d700b0;  1 drivers
v0000016dd2d666c0_0 .net *"_ivl_31", 0 0, L_0000016dd2d06620;  1 drivers
v0000016dd2d66ee0_0 .net *"_ivl_33", 0 0, L_0000016dd2d06540;  1 drivers
L_0000016dd2d72908 .functor BUFT 1, C4<001>, C4<0>, C4<0>, C4<0>;
v0000016dd2d66800_0 .net/2u *"_ivl_34", 2 0, L_0000016dd2d72908;  1 drivers
L_0000016dd2d72950 .functor BUFT 1, C4<10>, C4<0>, C4<0>, C4<0>;
v0000016dd2d672a0_0 .net/2u *"_ivl_36", 1 0, L_0000016dd2d72950;  1 drivers
v0000016dd2d67160_0 .net *"_ivl_38", 0 0, L_0000016dd2d70510;  1 drivers
v0000016dd2d67d40_0 .net *"_ivl_4", 1 0, L_0000016dd2d70650;  1 drivers
L_0000016dd2d72998 .functor BUFT 1, C4<000>, C4<0>, C4<0>, C4<0>;
v0000016dd2d67ac0_0 .net/2u *"_ivl_40", 2 0, L_0000016dd2d72998;  1 drivers
v0000016dd2d668a0_0 .net *"_ivl_42", 0 0, L_0000016dd2d6fed0;  1 drivers
v0000016dd2d66f80_0 .net *"_ivl_45", 0 0, L_0000016dd2d05c80;  1 drivers
L_0000016dd2d729e0 .functor BUFT 1, C4<000>, C4<0>, C4<0>, C4<0>;
v0000016dd2d67b60_0 .net/2u *"_ivl_46", 2 0, L_0000016dd2d729e0;  1 drivers
L_0000016dd2d72a28 .functor BUFT 1, C4<10>, C4<0>, C4<0>, C4<0>;
v0000016dd2d663a0_0 .net/2u *"_ivl_48", 1 0, L_0000016dd2d72a28;  1 drivers
v0000016dd2d67340_0 .net *"_ivl_50", 0 0, L_0000016dd2d70290;  1 drivers
L_0000016dd2d72a70 .functor BUFT 1, C4<010>, C4<0>, C4<0>, C4<0>;
v0000016dd2d67de0_0 .net/2u *"_ivl_52", 2 0, L_0000016dd2d72a70;  1 drivers
v0000016dd2d661c0_0 .net *"_ivl_54", 0 0, L_0000016dd2d70150;  1 drivers
v0000016dd2d66940_0 .net *"_ivl_57", 0 0, L_0000016dd2d05a50;  1 drivers
L_0000016dd2d72ab8 .functor BUFT 1, C4<101>, C4<0>, C4<0>, C4<0>;
v0000016dd2d67520_0 .net/2u *"_ivl_58", 2 0, L_0000016dd2d72ab8;  1 drivers
L_0000016dd2d72710 .functor BUFT 1, C4<11>, C4<0>, C4<0>, C4<0>;
v0000016dd2d67200_0 .net/2u *"_ivl_6", 1 0, L_0000016dd2d72710;  1 drivers
L_0000016dd2d72b00 .functor BUFT 1, C4<10>, C4<0>, C4<0>, C4<0>;
v0000016dd2d67c00_0 .net/2u *"_ivl_60", 1 0, L_0000016dd2d72b00;  1 drivers
v0000016dd2d675c0_0 .net *"_ivl_62", 0 0, L_0000016dd2d6ead0;  1 drivers
L_0000016dd2d72b48 .functor BUFT 1, C4<110>, C4<0>, C4<0>, C4<0>;
v0000016dd2d66a80_0 .net/2u *"_ivl_64", 2 0, L_0000016dd2d72b48;  1 drivers
v0000016dd2d66260_0 .net *"_ivl_66", 0 0, L_0000016dd2d701f0;  1 drivers
v0000016dd2d66b20_0 .net *"_ivl_69", 0 0, L_0000016dd2d06150;  1 drivers
L_0000016dd2d72b90 .functor BUFT 1, C4<011>, C4<0>, C4<0>, C4<0>;
v0000016dd2d66300_0 .net/2u *"_ivl_70", 2 0, L_0000016dd2d72b90;  1 drivers
L_0000016dd2d72bd8 .functor BUFT 1, C4<10>, C4<0>, C4<0>, C4<0>;
v0000016dd2d69710_0 .net/2u *"_ivl_72", 1 0, L_0000016dd2d72bd8;  1 drivers
v0000016dd2d68310_0 .net *"_ivl_74", 0 0, L_0000016dd2d70330;  1 drivers
L_0000016dd2d72c20 .functor BUFT 1, C4<111>, C4<0>, C4<0>, C4<0>;
v0000016dd2d686d0_0 .net/2u *"_ivl_76", 2 0, L_0000016dd2d72c20;  1 drivers
v0000016dd2d690d0_0 .net *"_ivl_78", 0 0, L_0000016dd2d6fc50;  1 drivers
v0000016dd2d683b0_0 .net *"_ivl_81", 0 0, L_0000016dd2d05f20;  1 drivers
L_0000016dd2d72c68 .functor BUFT 1, C4<010>, C4<0>, C4<0>, C4<0>;
v0000016dd2d68ef0_0 .net/2u *"_ivl_82", 2 0, L_0000016dd2d72c68;  1 drivers
L_0000016dd2d72cb0 .functor BUFT 1, C4<000>, C4<0>, C4<0>, C4<0>;
v0000016dd2d697b0_0 .net/2u *"_ivl_84", 2 0, L_0000016dd2d72cb0;  1 drivers
v0000016dd2d698f0_0 .net *"_ivl_86", 2 0, L_0000016dd2d6f9d0;  1 drivers
v0000016dd2d69cb0_0 .net *"_ivl_88", 2 0, L_0000016dd2d708d0;  1 drivers
v0000016dd2d68130_0 .net *"_ivl_90", 2 0, L_0000016dd2d6ed50;  1 drivers
v0000016dd2d69b70_0 .net *"_ivl_92", 2 0, L_0000016dd2d6e210;  1 drivers
v0000016dd2d69350_0 .net *"_ivl_94", 2 0, L_0000016dd2d6e490;  1 drivers
v0000016dd2d69670_0 .net *"_ivl_96", 2 0, L_0000016dd2d6f250;  1 drivers
v0000016dd2d68770_0 .net "funct3", 2 0, L_0000016dd2d6e5d0;  alias, 1 drivers
v0000016dd2d69c10_0 .net "funct7", 6 0, L_0000016dd2d6ee90;  alias, 1 drivers
v0000016dd2d68630_0 .net "is_sub", 0 0, L_0000016dd2d70830;  1 drivers
v0000016dd2d68db0_0 .net "op", 6 0, L_0000016dd2d6e530;  alias, 1 drivers
L_0000016dd2d6e850 .part L_0000016dd2d6e530, 5, 1;
L_0000016dd2d700b0 .part L_0000016dd2d6ee90, 5, 1;
L_0000016dd2d70650 .concat [ 1 1 0 0], L_0000016dd2d700b0, L_0000016dd2d6e850;
L_0000016dd2d70830 .cmp/eq 2, L_0000016dd2d70650, L_0000016dd2d72710;
L_0000016dd2d6f390 .cmp/eq 2, L_0000016dd2d6efd0, L_0000016dd2d72758;
L_0000016dd2d6f610 .cmp/eq 2, L_0000016dd2d6efd0, L_0000016dd2d727e8;
L_0000016dd2d6f890 .cmp/eq 2, L_0000016dd2d6efd0, L_0000016dd2d72878;
L_0000016dd2d6e350 .cmp/eq 3, L_0000016dd2d6e5d0, L_0000016dd2d728c0;
L_0000016dd2d70510 .cmp/eq 2, L_0000016dd2d6efd0, L_0000016dd2d72950;
L_0000016dd2d6fed0 .cmp/eq 3, L_0000016dd2d6e5d0, L_0000016dd2d72998;
L_0000016dd2d70290 .cmp/eq 2, L_0000016dd2d6efd0, L_0000016dd2d72a28;
L_0000016dd2d70150 .cmp/eq 3, L_0000016dd2d6e5d0, L_0000016dd2d72a70;
L_0000016dd2d6ead0 .cmp/eq 2, L_0000016dd2d6efd0, L_0000016dd2d72b00;
L_0000016dd2d701f0 .cmp/eq 3, L_0000016dd2d6e5d0, L_0000016dd2d72b48;
L_0000016dd2d70330 .cmp/eq 2, L_0000016dd2d6efd0, L_0000016dd2d72bd8;
L_0000016dd2d6fc50 .cmp/eq 3, L_0000016dd2d6e5d0, L_0000016dd2d72c20;
L_0000016dd2d6f9d0 .functor MUXZ 3, L_0000016dd2d72cb0, L_0000016dd2d72c68, L_0000016dd2d05f20, C4<>;
L_0000016dd2d708d0 .functor MUXZ 3, L_0000016dd2d6f9d0, L_0000016dd2d72b90, L_0000016dd2d06150, C4<>;
L_0000016dd2d6ed50 .functor MUXZ 3, L_0000016dd2d708d0, L_0000016dd2d72ab8, L_0000016dd2d05a50, C4<>;
L_0000016dd2d6e210 .functor MUXZ 3, L_0000016dd2d6ed50, L_0000016dd2d729e0, L_0000016dd2d05c80, C4<>;
L_0000016dd2d6e490 .functor MUXZ 3, L_0000016dd2d6e210, L_0000016dd2d72908, L_0000016dd2d06540, C4<>;
L_0000016dd2d6f250 .functor MUXZ 3, L_0000016dd2d6e490, L_0000016dd2d72830, L_0000016dd2d6f610, C4<>;
L_0000016dd2d6e3f0 .functor MUXZ 3, L_0000016dd2d6f250, L_0000016dd2d727a0, L_0000016dd2d6f390, C4<>;
S_0000016dd2bde870 .scope module, "main_decoder" "Main_Decoder" 7 20, 9 1 0, S_0000016dd2bde550;
 .timescale 0 0;
    .port_info 0 /INPUT 7 "Op";
    .port_info 1 /OUTPUT 1 "RegWrite";
    .port_info 2 /OUTPUT 2 "ImmSrc";
    .port_info 3 /OUTPUT 1 "ALUSrc";
    .port_info 4 /OUTPUT 1 "MemWrite";
    .port_info 5 /OUTPUT 1 "ResultSrc";
    .port_info 6 /OUTPUT 1 "Branch";
    .port_info 7 /OUTPUT 2 "ALUOp";
P_0000016dd2cfb110 .param/l "BRANCH" 1 9 9, C4<1100011>;
P_0000016dd2cfb148 .param/l "ITYPE" 1 9 10, C4<0010011>;
P_0000016dd2cfb180 .param/l "LOAD" 1 9 6, C4<0000011>;
P_0000016dd2cfb1b8 .param/l "RTYPE" 1 9 8, C4<0110011>;
P_0000016dd2cfb1f0 .param/l "STORE" 1 9 7, C4<0100011>;
L_0000016dd2d05c10 .functor OR 1, L_0000016dd2d6ff70, L_0000016dd2d6fbb0, C4<0>, C4<0>;
L_0000016dd2d05e40 .functor OR 1, L_0000016dd2d05c10, L_0000016dd2d6edf0, C4<0>, C4<0>;
L_0000016dd2d06690 .functor OR 1, L_0000016dd2d6f570, L_0000016dd2d70470, C4<0>, C4<0>;
L_0000016dd2d05eb0 .functor OR 1, L_0000016dd2d06690, L_0000016dd2d703d0, C4<0>, C4<0>;
v0000016dd2d69d50_0 .net "ALUOp", 1 0, L_0000016dd2d6efd0;  alias, 1 drivers
v0000016dd2d68f90_0 .net "ALUSrc", 0 0, L_0000016dd2d05eb0;  alias, 1 drivers
v0000016dd2d68810_0 .net "Branch", 0 0, L_0000016dd2d6f750;  alias, 1 drivers
v0000016dd2d69850_0 .net "ImmSrc", 1 0, L_0000016dd2d6f2f0;  alias, 1 drivers
v0000016dd2d69df0_0 .net "MemWrite", 0 0, L_0000016dd2d705b0;  alias, 1 drivers
v0000016dd2d69e90_0 .net "Op", 6 0, L_0000016dd2d6e530;  alias, 1 drivers
v0000016dd2d68270_0 .net "RegWrite", 0 0, L_0000016dd2d05e40;  alias, 1 drivers
v0000016dd2d68b30_0 .net "ResultSrc", 0 0, L_0000016dd2d6f430;  alias, 1 drivers
L_0000016dd2d721b8 .functor BUFT 1, C4<0000011>, C4<0>, C4<0>, C4<0>;
v0000016dd2d69f30_0 .net/2u *"_ivl_0", 6 0, L_0000016dd2d721b8;  1 drivers
L_0000016dd2d72248 .functor BUFT 1, C4<0010011>, C4<0>, C4<0>, C4<0>;
v0000016dd2d69fd0_0 .net/2u *"_ivl_10", 6 0, L_0000016dd2d72248;  1 drivers
v0000016dd2d69a30_0 .net *"_ivl_12", 0 0, L_0000016dd2d6edf0;  1 drivers
L_0000016dd2d72290 .functor BUFT 1, C4<0100011>, C4<0>, C4<0>, C4<0>;
v0000016dd2d681d0_0 .net/2u *"_ivl_16", 6 0, L_0000016dd2d72290;  1 drivers
v0000016dd2d68590_0 .net *"_ivl_18", 0 0, L_0000016dd2d6f4d0;  1 drivers
v0000016dd2d68e50_0 .net *"_ivl_2", 0 0, L_0000016dd2d6ff70;  1 drivers
L_0000016dd2d722d8 .functor BUFT 1, C4<01>, C4<0>, C4<0>, C4<0>;
v0000016dd2d69990_0 .net/2u *"_ivl_20", 1 0, L_0000016dd2d722d8;  1 drivers
L_0000016dd2d72320 .functor BUFT 1, C4<1100011>, C4<0>, C4<0>, C4<0>;
v0000016dd2d68450_0 .net/2u *"_ivl_22", 6 0, L_0000016dd2d72320;  1 drivers
v0000016dd2d69ad0_0 .net *"_ivl_24", 0 0, L_0000016dd2d6e990;  1 drivers
L_0000016dd2d72368 .functor BUFT 1, C4<10>, C4<0>, C4<0>, C4<0>;
v0000016dd2d688b0_0 .net/2u *"_ivl_26", 1 0, L_0000016dd2d72368;  1 drivers
L_0000016dd2d723b0 .functor BUFT 1, C4<00>, C4<0>, C4<0>, C4<0>;
v0000016dd2d693f0_0 .net/2u *"_ivl_28", 1 0, L_0000016dd2d723b0;  1 drivers
v0000016dd2d68950_0 .net *"_ivl_30", 1 0, L_0000016dd2d6f930;  1 drivers
L_0000016dd2d723f8 .functor BUFT 1, C4<0000011>, C4<0>, C4<0>, C4<0>;
v0000016dd2d684f0_0 .net/2u *"_ivl_34", 6 0, L_0000016dd2d723f8;  1 drivers
v0000016dd2d692b0_0 .net *"_ivl_36", 0 0, L_0000016dd2d6f570;  1 drivers
L_0000016dd2d72440 .functor BUFT 1, C4<0100011>, C4<0>, C4<0>, C4<0>;
v0000016dd2d689f0_0 .net/2u *"_ivl_38", 6 0, L_0000016dd2d72440;  1 drivers
L_0000016dd2d72200 .functor BUFT 1, C4<0110011>, C4<0>, C4<0>, C4<0>;
v0000016dd2d68a90_0 .net/2u *"_ivl_4", 6 0, L_0000016dd2d72200;  1 drivers
v0000016dd2d68bd0_0 .net *"_ivl_40", 0 0, L_0000016dd2d70470;  1 drivers
v0000016dd2d68c70_0 .net *"_ivl_43", 0 0, L_0000016dd2d06690;  1 drivers
L_0000016dd2d72488 .functor BUFT 1, C4<0010011>, C4<0>, C4<0>, C4<0>;
v0000016dd2d69530_0 .net/2u *"_ivl_44", 6 0, L_0000016dd2d72488;  1 drivers
v0000016dd2d68d10_0 .net *"_ivl_46", 0 0, L_0000016dd2d703d0;  1 drivers
L_0000016dd2d724d0 .functor BUFT 1, C4<0100011>, C4<0>, C4<0>, C4<0>;
v0000016dd2d69030_0 .net/2u *"_ivl_50", 6 0, L_0000016dd2d724d0;  1 drivers
L_0000016dd2d72518 .functor BUFT 1, C4<0000011>, C4<0>, C4<0>, C4<0>;
v0000016dd2d69170_0 .net/2u *"_ivl_54", 6 0, L_0000016dd2d72518;  1 drivers
L_0000016dd2d72560 .functor BUFT 1, C4<1100011>, C4<0>, C4<0>, C4<0>;
v0000016dd2d695d0_0 .net/2u *"_ivl_58", 6 0, L_0000016dd2d72560;  1 drivers
v0000016dd2d69210_0 .net *"_ivl_6", 0 0, L_0000016dd2d6fbb0;  1 drivers
L_0000016dd2d725a8 .functor BUFT 1, C4<0110011>, C4<0>, C4<0>, C4<0>;
v0000016dd2d69490_0 .net/2u *"_ivl_62", 6 0, L_0000016dd2d725a8;  1 drivers
v0000016dd2d6a460_0 .net *"_ivl_64", 0 0, L_0000016dd2d70790;  1 drivers
L_0000016dd2d725f0 .functor BUFT 1, C4<10>, C4<0>, C4<0>, C4<0>;
v0000016dd2d6a820_0 .net/2u *"_ivl_66", 1 0, L_0000016dd2d725f0;  1 drivers
L_0000016dd2d72638 .functor BUFT 1, C4<1100011>, C4<0>, C4<0>, C4<0>;
v0000016dd2d6ad20_0 .net/2u *"_ivl_68", 6 0, L_0000016dd2d72638;  1 drivers
v0000016dd2d6bf40_0 .net *"_ivl_70", 0 0, L_0000016dd2d6fd90;  1 drivers
L_0000016dd2d72680 .functor BUFT 1, C4<01>, C4<0>, C4<0>, C4<0>;
v0000016dd2d6b680_0 .net/2u *"_ivl_72", 1 0, L_0000016dd2d72680;  1 drivers
L_0000016dd2d726c8 .functor BUFT 1, C4<00>, C4<0>, C4<0>, C4<0>;
v0000016dd2d6a8c0_0 .net/2u *"_ivl_74", 1 0, L_0000016dd2d726c8;  1 drivers
v0000016dd2d6bcc0_0 .net *"_ivl_76", 1 0, L_0000016dd2d6fe30;  1 drivers
v0000016dd2d6b5e0_0 .net *"_ivl_9", 0 0, L_0000016dd2d05c10;  1 drivers
L_0000016dd2d6ff70 .cmp/eq 7, L_0000016dd2d6e530, L_0000016dd2d721b8;
L_0000016dd2d6fbb0 .cmp/eq 7, L_0000016dd2d6e530, L_0000016dd2d72200;
L_0000016dd2d6edf0 .cmp/eq 7, L_0000016dd2d6e530, L_0000016dd2d72248;
L_0000016dd2d6f4d0 .cmp/eq 7, L_0000016dd2d6e530, L_0000016dd2d72290;
L_0000016dd2d6e990 .cmp/eq 7, L_0000016dd2d6e530, L_0000016dd2d72320;
L_0000016dd2d6f930 .functor MUXZ 2, L_0000016dd2d723b0, L_0000016dd2d72368, L_0000016dd2d6e990, C4<>;
L_0000016dd2d6f2f0 .functor MUXZ 2, L_0000016dd2d6f930, L_0000016dd2d722d8, L_0000016dd2d6f4d0, C4<>;
L_0000016dd2d6f570 .cmp/eq 7, L_0000016dd2d6e530, L_0000016dd2d723f8;
L_0000016dd2d70470 .cmp/eq 7, L_0000016dd2d6e530, L_0000016dd2d72440;
L_0000016dd2d703d0 .cmp/eq 7, L_0000016dd2d6e530, L_0000016dd2d72488;
L_0000016dd2d705b0 .cmp/eq 7, L_0000016dd2d6e530, L_0000016dd2d724d0;
L_0000016dd2d6f430 .cmp/eq 7, L_0000016dd2d6e530, L_0000016dd2d72518;
L_0000016dd2d6f750 .cmp/eq 7, L_0000016dd2d6e530, L_0000016dd2d72560;
L_0000016dd2d70790 .cmp/eq 7, L_0000016dd2d6e530, L_0000016dd2d725a8;
L_0000016dd2d6fd90 .cmp/eq 7, L_0000016dd2d6e530, L_0000016dd2d72638;
L_0000016dd2d6fe30 .functor MUXZ 2, L_0000016dd2d726c8, L_0000016dd2d72680, L_0000016dd2d6fd90, C4<>;
L_0000016dd2d6efd0 .functor MUXZ 2, L_0000016dd2d6fe30, L_0000016dd2d725f0, L_0000016dd2d70790, C4<>;
S_0000016dd2c95dd0 .scope module, "data_memory" "Data_Memory" 3 167, 10 1 0, S_0000016dd2cc5070;
 .timescale 0 0;
    .port_info 0 /INPUT 1 "clk";
    .port_info 1 /INPUT 1 "rst";
    .port_info 2 /INPUT 1 "WE";
    .port_info 3 /INPUT 32 "WD";
    .port_info 4 /INPUT 32 "A";
    .port_info 5 /OUTPUT 32 "RD";
v0000016dd2d6b900_0 .net "A", 31 0, L_0000016dd2dcd150;  alias, 1 drivers
v0000016dd2d6b9a0_0 .net "RD", 31 0, L_0000016dd2dcde70;  alias, 1 drivers
v0000016dd2d6bb80_0 .net "WD", 31 0, L_0000016dd2d6f1b0;  alias, 1 drivers
v0000016dd2d6a960_0 .net "WE", 0 0, L_0000016dd2d705b0;  alias, 1 drivers
v0000016dd2d6ab40_0 .net *"_ivl_1", 0 0, L_0000016dd2dcda10;  1 drivers
L_0000016dd2d73490 .functor BUFT 1, C4<00000000000000000000000000000000>, C4<0>, C4<0>, C4<0>;
v0000016dd2d6be00_0 .net/2u *"_ivl_2", 31 0, L_0000016dd2d73490;  1 drivers
v0000016dd2d6a5a0_0 .net *"_ivl_4", 31 0, L_0000016dd2dcdab0;  1 drivers
v0000016dd2d6ba40_0 .net *"_ivl_7", 29 0, L_0000016dd2dcdb50;  1 drivers
v0000016dd2d6bea0_0 .net "clk", 0 0, v0000016dd2d6e170_0;  alias, 1 drivers
v0000016dd2d6bfe0 .array "mem", 1023 0, 31 0;
v0000016dd2d6aa00_0 .net "rst", 0 0, v0000016dd2d6e670_0;  alias, 1 drivers
E_0000016dd2d00670 .event posedge, v0000016dd2d6bea0_0;
L_0000016dd2dcda10 .reduce/nor v0000016dd2d6e670_0;
L_0000016dd2dcdab0 .array/port v0000016dd2d6bfe0, L_0000016dd2dcdb50;
L_0000016dd2dcdb50 .part L_0000016dd2dcd150, 2, 30;
L_0000016dd2dcde70 .functor MUXZ 32, L_0000016dd2dcdab0, L_0000016dd2d73490, L_0000016dd2dcda10, C4<>;
S_0000016dd2ca9c90 .scope module, "instruction_memory" "Instruction_Memory" 3 68, 11 1 0, S_0000016dd2cc5070;
 .timescale 0 0;
    .port_info 0 /INPUT 1 "rst";
    .port_info 1 /INPUT 32 "A";
    .port_info 2 /OUTPUT 32 "RD";
v0000016dd2d6a140_0 .net "A", 31 0, v0000016dd2d6ac80_0;  alias, 1 drivers
v0000016dd2d6a1e0_0 .net "RD", 31 0, L_0000016dd2d6e710;  alias, 1 drivers
v0000016dd2d6a280_0 .net *"_ivl_1", 0 0, L_0000016dd2d706f0;  1 drivers
L_0000016dd2d72170 .functor BUFT 1, C4<00000000000000000000000000000000>, C4<0>, C4<0>, C4<0>;
v0000016dd2d6aaa0_0 .net/2u *"_ivl_2", 31 0, L_0000016dd2d72170;  1 drivers
v0000016dd2d6a320_0 .net *"_ivl_4", 31 0, L_0000016dd2d70010;  1 drivers
v0000016dd2d6a640_0 .net *"_ivl_7", 29 0, L_0000016dd2d6fcf0;  1 drivers
v0000016dd2d6a6e0 .array "mem", 1023 0, 31 0;
v0000016dd2d6abe0_0 .net "rst", 0 0, v0000016dd2d6e670_0;  alias, 1 drivers
L_0000016dd2d706f0 .reduce/nor v0000016dd2d6e670_0;
L_0000016dd2d70010 .array/port v0000016dd2d6a6e0, L_0000016dd2d6fcf0;
L_0000016dd2d6fcf0 .part v0000016dd2d6ac80_0, 2, 30;
L_0000016dd2d6e710 .functor MUXZ 32, L_0000016dd2d70010, L_0000016dd2d72170, L_0000016dd2d706f0, C4<>;
S_0000016dd2ca9e20 .scope module, "pc" "PC" 3 55, 12 1 0, S_0000016dd2cc5070;
 .timescale 0 0;
    .port_info 0 /INPUT 1 "clk";
    .port_info 1 /INPUT 1 "rst";
    .port_info 2 /INPUT 32 "PC_Next";
    .port_info 3 /OUTPUT 32 "PC";
v0000016dd2d6ac80_0 .var "PC", 31 0;
v0000016dd2d6adc0_0 .net "PC_Next", 31 0, L_0000016dd2dcdc90;  alias, 1 drivers
v0000016dd2d6b0e0_0 .net "clk", 0 0, v0000016dd2d6e170_0;  alias, 1 drivers
v0000016dd2d6ae60_0 .net "rst", 0 0, v0000016dd2d6e670_0;  alias, 1 drivers
S_0000016dd2ca9fb0 .scope module, "pc_adder" "PC_Adder" 3 62, 13 1 0, S_0000016dd2cc5070;
 .timescale 0 0;
    .port_info 0 /INPUT 32 "a";
    .port_info 1 /INPUT 32 "b";
    .port_info 2 /OUTPUT 32 "c";
v0000016dd2d6af00_0 .net "a", 31 0, v0000016dd2d6ac80_0;  alias, 1 drivers
L_0000016dd2d72128 .functor BUFT 1, C4<00000000000000000000000000000100>, C4<0>, C4<0>, C4<0>;
v0000016dd2d6b040_0 .net "b", 31 0, L_0000016dd2d72128;  1 drivers
v0000016dd2d6b4a0_0 .net "c", 31 0, L_0000016dd2d6e2b0;  alias, 1 drivers
L_0000016dd2d6e2b0 .arith/sum 32, v0000016dd2d6ac80_0, L_0000016dd2d72128;
S_0000016dd2cabe20 .scope module, "pc_mux" "Mux" 3 193, 5 1 0, S_0000016dd2cc5070;
 .timescale 0 0;
    .port_info 0 /INPUT 32 "a";
    .port_info 1 /INPUT 32 "b";
    .port_info 2 /INPUT 1 "s";
    .port_info 3 /OUTPUT 32 "c";
v0000016dd2d6b180_0 .net "a", 31 0, L_0000016dd2d6e2b0;  alias, 1 drivers
v0000016dd2d6b220_0 .net "b", 31 0, L_0000016dd2dcdfb0;  alias, 1 drivers
v0000016dd2d6b2c0_0 .net "c", 31 0, L_0000016dd2dcdc90;  alias, 1 drivers
v0000016dd2d6b360_0 .net "s", 0 0, L_0000016dd2d06700;  alias, 1 drivers
L_0000016dd2dcdc90 .functor MUXZ 32, L_0000016dd2d6e2b0, L_0000016dd2dcdfb0, L_0000016dd2d06700, C4<>;
S_0000016dd2cabfb0 .scope module, "pc_target_adder" "PC_Target_Adder" 3 158, 14 1 0, S_0000016dd2cc5070;
 .timescale 0 0;
    .port_info 0 /INPUT 32 "PC";
    .port_info 1 /INPUT 32 "ImmExt";
    .port_info 2 /OUTPUT 32 "PCTarget";
v0000016dd2d6b540_0 .net "ImmExt", 31 0, L_0000016dd2dcc890;  alias, 1 drivers
v0000016dd2d6c150_0 .net "PC", 31 0, v0000016dd2d6ac80_0;  alias, 1 drivers
v0000016dd2d6c1f0_0 .net "PCTarget", 31 0, L_0000016dd2dcdfb0;  alias, 1 drivers
L_0000016dd2dcdfb0 .arith/sum 32, v0000016dd2d6ac80_0, L_0000016dd2dcc890;
S_0000016dd2cac140 .scope module, "register_file" "Register_File" 3 94, 15 1 0, S_0000016dd2cc5070;
 .timescale 0 0;
    .port_info 0 /INPUT 1 "clk";
    .port_info 1 /INPUT 1 "rst";
    .port_info 2 /INPUT 1 "WE3";
    .port_info 3 /INPUT 32 "WD3";
    .port_info 4 /INPUT 5 "A1";
    .port_info 5 /INPUT 5 "A2";
    .port_info 6 /INPUT 5 "A3";
    .port_info 7 /OUTPUT 32 "RD1";
    .port_info 8 /OUTPUT 32 "RD2";
v0000016dd2d6d050_0 .net "A1", 4 0, L_0000016dd2d6f6b0;  1 drivers
v0000016dd2d6dc30_0 .net "A2", 4 0, L_0000016dd2d6fa70;  1 drivers
v0000016dd2d6da50_0 .net "A3", 4 0, L_0000016dd2dce2d0;  1 drivers
v0000016dd2d6dcd0_0 .net "RD1", 31 0, L_0000016dd2d6eb70;  alias, 1 drivers
v0000016dd2d6cab0_0 .net "RD2", 31 0, L_0000016dd2d6f1b0;  alias, 1 drivers
v0000016dd2d6d910 .array "Register", 31 0, 31 0;
v0000016dd2d6ce70_0 .net "WD3", 31 0, L_0000016dd2dcdbf0;  alias, 1 drivers
v0000016dd2d6d7d0_0 .net "WE3", 0 0, L_0000016dd2d05e40;  alias, 1 drivers
v0000016dd2d6d4b0_0 .net *"_ivl_1", 0 0, L_0000016dd2d6fb10;  1 drivers
v0000016dd2d6de10_0 .net *"_ivl_10", 31 0, L_0000016dd2d6e7b0;  1 drivers
v0000016dd2d6d870_0 .net *"_ivl_12", 6 0, L_0000016dd2d6e8f0;  1 drivers
L_0000016dd2d72dd0 .functor BUFT 1, C4<00>, C4<0>, C4<0>, C4<0>;
v0000016dd2d6d550_0 .net *"_ivl_15", 1 0, L_0000016dd2d72dd0;  1 drivers
v0000016dd2d6deb0_0 .net *"_ivl_16", 31 0, L_0000016dd2d6ea30;  1 drivers
L_0000016dd2d72cf8 .functor BUFT 1, C4<00000000000000000000000000000000>, C4<0>, C4<0>, C4<0>;
v0000016dd2d6d730_0 .net/2u *"_ivl_2", 31 0, L_0000016dd2d72cf8;  1 drivers
v0000016dd2d6c510_0 .net *"_ivl_21", 0 0, L_0000016dd2d6ec10;  1 drivers
L_0000016dd2d72e18 .functor BUFT 1, C4<00000000000000000000000000000000>, C4<0>, C4<0>, C4<0>;
v0000016dd2d6dd70_0 .net/2u *"_ivl_22", 31 0, L_0000016dd2d72e18;  1 drivers
L_0000016dd2d72e60 .functor BUFT 1, C4<00000>, C4<0>, C4<0>, C4<0>;
v0000016dd2d6d370_0 .net/2u *"_ivl_24", 4 0, L_0000016dd2d72e60;  1 drivers
v0000016dd2d6c6f0_0 .net *"_ivl_26", 0 0, L_0000016dd2d6ef30;  1 drivers
L_0000016dd2d72ea8 .functor BUFT 1, C4<00000000000000000000000000000000>, C4<0>, C4<0>, C4<0>;
v0000016dd2d6c790_0 .net/2u *"_ivl_28", 31 0, L_0000016dd2d72ea8;  1 drivers
v0000016dd2d6cfb0_0 .net *"_ivl_30", 31 0, L_0000016dd2d6ecb0;  1 drivers
v0000016dd2d6df50_0 .net *"_ivl_32", 6 0, L_0000016dd2d6f070;  1 drivers
L_0000016dd2d72ef0 .functor BUFT 1, C4<00>, C4<0>, C4<0>, C4<0>;
v0000016dd2d6dff0_0 .net *"_ivl_35", 1 0, L_0000016dd2d72ef0;  1 drivers
v0000016dd2d6c290_0 .net *"_ivl_36", 31 0, L_0000016dd2d6f110;  1 drivers
L_0000016dd2d72d40 .functor BUFT 1, C4<00000>, C4<0>, C4<0>, C4<0>;
v0000016dd2d6c330_0 .net/2u *"_ivl_4", 4 0, L_0000016dd2d72d40;  1 drivers
v0000016dd2d6c5b0_0 .net *"_ivl_6", 0 0, L_0000016dd2d6f7f0;  1 drivers
L_0000016dd2d72d88 .functor BUFT 1, C4<00000000000000000000000000000000>, C4<0>, C4<0>, C4<0>;
v0000016dd2d6cdd0_0 .net/2u *"_ivl_8", 31 0, L_0000016dd2d72d88;  1 drivers
v0000016dd2d6cbf0_0 .net "clk", 0 0, v0000016dd2d6e170_0;  alias, 1 drivers
v0000016dd2d6c3d0_0 .net "rst", 0 0, v0000016dd2d6e670_0;  alias, 1 drivers
L_0000016dd2d6fb10 .reduce/nor v0000016dd2d6e670_0;
L_0000016dd2d6f7f0 .cmp/eq 5, L_0000016dd2d6f6b0, L_0000016dd2d72d40;
L_0000016dd2d6e7b0 .array/port v0000016dd2d6d910, L_0000016dd2d6e8f0;
L_0000016dd2d6e8f0 .concat [ 5 2 0 0], L_0000016dd2d6f6b0, L_0000016dd2d72dd0;
L_0000016dd2d6ea30 .functor MUXZ 32, L_0000016dd2d6e7b0, L_0000016dd2d72d88, L_0000016dd2d6f7f0, C4<>;
L_0000016dd2d6eb70 .functor MUXZ 32, L_0000016dd2d6ea30, L_0000016dd2d72cf8, L_0000016dd2d6fb10, C4<>;
L_0000016dd2d6ec10 .reduce/nor v0000016dd2d6e670_0;
L_0000016dd2d6ef30 .cmp/eq 5, L_0000016dd2d6fa70, L_0000016dd2d72e60;
L_0000016dd2d6ecb0 .array/port v0000016dd2d6d910, L_0000016dd2d6f070;
L_0000016dd2d6f070 .concat [ 5 2 0 0], L_0000016dd2d6fa70, L_0000016dd2d72ef0;
L_0000016dd2d6f110 .functor MUXZ 32, L_0000016dd2d6ecb0, L_0000016dd2d72ea8, L_0000016dd2d6ef30, C4<>;
L_0000016dd2d6f1b0 .functor MUXZ 32, L_0000016dd2d6f110, L_0000016dd2d72e18, L_0000016dd2d6ec10, C4<>;
S_0000016dd2c96620 .scope module, "sign_extend" "Sign_Extend" 3 113, 16 1 0, S_0000016dd2cc5070;
 .timescale 0 0;
    .port_info 0 /INPUT 32 "In";
    .port_info 1 /INPUT 2 "ImmSrc";
    .port_info 2 /OUTPUT 32 "Imm_Ext";
P_0000016dd2c94560 .param/l "BTYPE" 1 16 12, C4<10>;
P_0000016dd2c94598 .param/l "ITYPE" 1 16 10, C4<00>;
P_0000016dd2c945d0 .param/l "STYPE" 1 16 11, C4<01>;
v0000016dd2d6d230_0 .net "ImmSrc", 1 0, L_0000016dd2d6f2f0;  alias, 1 drivers
v0000016dd2d6c830_0 .net "Imm_Ext", 31 0, L_0000016dd2dcc890;  alias, 1 drivers
v0000016dd2d6cf10_0 .net "In", 31 0, L_0000016dd2d6e710;  alias, 1 drivers
L_0000016dd2d72f38 .functor BUFT 1, C4<00>, C4<0>, C4<0>, C4<0>;
v0000016dd2d6d410_0 .net/2u *"_ivl_0", 1 0, L_0000016dd2d72f38;  1 drivers
v0000016dd2d6cc90_0 .net *"_ivl_10", 31 0, L_0000016dd2dcd0b0;  1 drivers
L_0000016dd2d72f80 .functor BUFT 1, C4<01>, C4<0>, C4<0>, C4<0>;
v0000016dd2d6d5f0_0 .net/2u *"_ivl_12", 1 0, L_0000016dd2d72f80;  1 drivers
v0000016dd2d6c470_0 .net *"_ivl_14", 0 0, L_0000016dd2dcc570;  1 drivers
v0000016dd2d6d2d0_0 .net *"_ivl_17", 0 0, L_0000016dd2dce190;  1 drivers
v0000016dd2d6c970_0 .net *"_ivl_18", 19 0, L_0000016dd2dcc6b0;  1 drivers
v0000016dd2d6c8d0_0 .net *"_ivl_2", 0 0, L_0000016dd2dce0f0;  1 drivers
v0000016dd2d6ca10_0 .net *"_ivl_21", 6 0, L_0000016dd2dce550;  1 drivers
v0000016dd2d6daf0_0 .net *"_ivl_23", 4 0, L_0000016dd2dcdd30;  1 drivers
v0000016dd2d6c650_0 .net *"_ivl_24", 31 0, L_0000016dd2dcd970;  1 drivers
L_0000016dd2d72fc8 .functor BUFT 1, C4<10>, C4<0>, C4<0>, C4<0>;
v0000016dd2d6cb50_0 .net/2u *"_ivl_26", 1 0, L_0000016dd2d72fc8;  1 drivers
v0000016dd2d6d690_0 .net *"_ivl_28", 0 0, L_0000016dd2dcd510;  1 drivers
v0000016dd2d6d0f0_0 .net *"_ivl_31", 0 0, L_0000016dd2dcc610;  1 drivers
v0000016dd2d6d190_0 .net *"_ivl_32", 18 0, L_0000016dd2dcd5b0;  1 drivers
v0000016dd2d6d9b0_0 .net *"_ivl_35", 0 0, L_0000016dd2dce4b0;  1 drivers
v0000016dd2d6db90_0 .net *"_ivl_37", 0 0, L_0000016dd2dccd90;  1 drivers
v0000016dd2d71a50_0 .net *"_ivl_39", 5 0, L_0000016dd2dce370;  1 drivers
v0000016dd2d70f10_0 .net *"_ivl_41", 3 0, L_0000016dd2dce7d0;  1 drivers
L_0000016dd2d73010 .functor BUFT 1, C4<0>, C4<0>, C4<0>, C4<0>;
v0000016dd2d71870_0 .net/2u *"_ivl_42", 0 0, L_0000016dd2d73010;  1 drivers
v0000016dd2d71190_0 .net *"_ivl_44", 31 0, L_0000016dd2dcc250;  1 drivers
L_0000016dd2d73058 .functor BUFT 1, C4<00000000000000000000000000000000>, C4<0>, C4<0>, C4<0>;
v0000016dd2d71f50_0 .net/2u *"_ivl_46", 31 0, L_0000016dd2d73058;  1 drivers
v0000016dd2d71410_0 .net *"_ivl_48", 31 0, L_0000016dd2dce5f0;  1 drivers
v0000016dd2d71910_0 .net *"_ivl_5", 0 0, L_0000016dd2dce910;  1 drivers
v0000016dd2d70c90_0 .net *"_ivl_50", 31 0, L_0000016dd2dcc750;  1 drivers
v0000016dd2d70fb0_0 .net *"_ivl_6", 19 0, L_0000016dd2dcd3d0;  1 drivers
v0000016dd2d70d30_0 .net *"_ivl_9", 11 0, L_0000016dd2dcc7f0;  1 drivers
L_0000016dd2dce0f0 .cmp/eq 2, L_0000016dd2d6f2f0, L_0000016dd2d72f38;
L_0000016dd2dce910 .part L_0000016dd2d6e710, 31, 1;
LS_0000016dd2dcd3d0_0_0 .concat [ 1 1 1 1], L_0000016dd2dce910, L_0000016dd2dce910, L_0000016dd2dce910, L_0000016dd2dce910;
LS_0000016dd2dcd3d0_0_4 .concat [ 1 1 1 1], L_0000016dd2dce910, L_0000016dd2dce910, L_0000016dd2dce910, L_0000016dd2dce910;
LS_0000016dd2dcd3d0_0_8 .concat [ 1 1 1 1], L_0000016dd2dce910, L_0000016dd2dce910, L_0000016dd2dce910, L_0000016dd2dce910;
LS_0000016dd2dcd3d0_0_12 .concat [ 1 1 1 1], L_0000016dd2dce910, L_0000016dd2dce910, L_0000016dd2dce910, L_0000016dd2dce910;
LS_0000016dd2dcd3d0_0_16 .concat [ 1 1 1 1], L_0000016dd2dce910, L_0000016dd2dce910, L_0000016dd2dce910, L_0000016dd2dce910;
LS_0000016dd2dcd3d0_1_0 .concat [ 4 4 4 4], LS_0000016dd2dcd3d0_0_0, LS_0000016dd2dcd3d0_0_4, LS_0000016dd2dcd3d0_0_8, LS_0000016dd2dcd3d0_0_12;
LS_0000016dd2dcd3d0_1_4 .concat [ 4 0 0 0], LS_0000016dd2dcd3d0_0_16;
L_0000016dd2dcd3d0 .concat [ 16 4 0 0], LS_0000016dd2dcd3d0_1_0, LS_0000016dd2dcd3d0_1_4;
L_0000016dd2dcc7f0 .part L_0000016dd2d6e710, 20, 12;
L_0000016dd2dcd0b0 .concat [ 12 20 0 0], L_0000016dd2dcc7f0, L_0000016dd2dcd3d0;
L_0000016dd2dcc570 .cmp/eq 2, L_0000016dd2d6f2f0, L_0000016dd2d72f80;
L_0000016dd2dce190 .part L_0000016dd2d6e710, 31, 1;
LS_0000016dd2dcc6b0_0_0 .concat [ 1 1 1 1], L_0000016dd2dce190, L_0000016dd2dce190, L_0000016dd2dce190, L_0000016dd2dce190;
LS_0000016dd2dcc6b0_0_4 .concat [ 1 1 1 1], L_0000016dd2dce190, L_0000016dd2dce190, L_0000016dd2dce190, L_0000016dd2dce190;
LS_0000016dd2dcc6b0_0_8 .concat [ 1 1 1 1], L_0000016dd2dce190, L_0000016dd2dce190, L_0000016dd2dce190, L_0000016dd2dce190;
LS_0000016dd2dcc6b0_0_12 .concat [ 1 1 1 1], L_0000016dd2dce190, L_0000016dd2dce190, L_0000016dd2dce190, L_0000016dd2dce190;
LS_0000016dd2dcc6b0_0_16 .concat [ 1 1 1 1], L_0000016dd2dce190, L_0000016dd2dce190, L_0000016dd2dce190, L_0000016dd2dce190;
LS_0000016dd2dcc6b0_1_0 .concat [ 4 4 4 4], LS_0000016dd2dcc6b0_0_0, LS_0000016dd2dcc6b0_0_4, LS_0000016dd2dcc6b0_0_8, LS_0000016dd2dcc6b0_0_12;
LS_0000016dd2dcc6b0_1_4 .concat [ 4 0 0 0], LS_0000016dd2dcc6b0_0_16;
L_0000016dd2dcc6b0 .concat [ 16 4 0 0], LS_0000016dd2dcc6b0_1_0, LS_0000016dd2dcc6b0_1_4;
L_0000016dd2dce550 .part L_0000016dd2d6e710, 25, 7;
L_0000016dd2dcdd30 .part L_0000016dd2d6e710, 7, 5;
L_0000016dd2dcd970 .concat [ 5 7 20 0], L_0000016dd2dcdd30, L_0000016dd2dce550, L_0000016dd2dcc6b0;
L_0000016dd2dcd510 .cmp/eq 2, L_0000016dd2d6f2f0, L_0000016dd2d72fc8;
L_0000016dd2dcc610 .part L_0000016dd2d6e710, 31, 1;
LS_0000016dd2dcd5b0_0_0 .concat [ 1 1 1 1], L_0000016dd2dcc610, L_0000016dd2dcc610, L_0000016dd2dcc610, L_0000016dd2dcc610;
LS_0000016dd2dcd5b0_0_4 .concat [ 1 1 1 1], L_0000016dd2dcc610, L_0000016dd2dcc610, L_0000016dd2dcc610, L_0000016dd2dcc610;
LS_0000016dd2dcd5b0_0_8 .concat [ 1 1 1 1], L_0000016dd2dcc610, L_0000016dd2dcc610, L_0000016dd2dcc610, L_0000016dd2dcc610;
LS_0000016dd2dcd5b0_0_12 .concat [ 1 1 1 1], L_0000016dd2dcc610, L_0000016dd2dcc610, L_0000016dd2dcc610, L_0000016dd2dcc610;
LS_0000016dd2dcd5b0_0_16 .concat [ 1 1 1 0], L_0000016dd2dcc610, L_0000016dd2dcc610, L_0000016dd2dcc610;
LS_0000016dd2dcd5b0_1_0 .concat [ 4 4 4 4], LS_0000016dd2dcd5b0_0_0, LS_0000016dd2dcd5b0_0_4, LS_0000016dd2dcd5b0_0_8, LS_0000016dd2dcd5b0_0_12;
LS_0000016dd2dcd5b0_1_4 .concat [ 3 0 0 0], LS_0000016dd2dcd5b0_0_16;
L_0000016dd2dcd5b0 .concat [ 16 3 0 0], LS_0000016dd2dcd5b0_1_0, LS_0000016dd2dcd5b0_1_4;
L_0000016dd2dce4b0 .part L_0000016dd2d6e710, 31, 1;
L_0000016dd2dccd90 .part L_0000016dd2d6e710, 7, 1;
L_0000016dd2dce370 .part L_0000016dd2d6e710, 25, 6;
L_0000016dd2dce7d0 .part L_0000016dd2d6e710, 8, 4;
LS_0000016dd2dcc250_0_0 .concat [ 1 4 6 1], L_0000016dd2d73010, L_0000016dd2dce7d0, L_0000016dd2dce370, L_0000016dd2dccd90;
LS_0000016dd2dcc250_0_4 .concat [ 1 19 0 0], L_0000016dd2dce4b0, L_0000016dd2dcd5b0;
L_0000016dd2dcc250 .concat [ 12 20 0 0], LS_0000016dd2dcc250_0_0, LS_0000016dd2dcc250_0_4;
L_0000016dd2dce5f0 .functor MUXZ 32, L_0000016dd2d73058, L_0000016dd2dcc250, L_0000016dd2dcd510, C4<>;
L_0000016dd2dcc750 .functor MUXZ 32, L_0000016dd2dce5f0, L_0000016dd2dcd970, L_0000016dd2dcc570, C4<>;
L_0000016dd2dcc890 .functor MUXZ 32, L_0000016dd2dcc750, L_0000016dd2dcd0b0, L_0000016dd2dce0f0, C4<>;
S_0000016dd2c967b0 .scope module, "writeback_mux" "Mux" 3 183, 5 1 0, S_0000016dd2cc5070;
 .timescale 0 0;
    .port_info 0 /INPUT 32 "a";
    .port_info 1 /INPUT 32 "b";
    .port_info 2 /INPUT 1 "s";
    .port_info 3 /OUTPUT 32 "c";
v0000016dd2d70b50_0 .net "a", 31 0, L_0000016dd2dcd150;  alias, 1 drivers
v0000016dd2d71050_0 .net "b", 31 0, L_0000016dd2dcde70;  alias, 1 drivers
v0000016dd2d71230_0 .net "c", 31 0, L_0000016dd2dcdbf0;  alias, 1 drivers
v0000016dd2d71ff0_0 .net "s", 0 0, L_0000016dd2d6f430;  alias, 1 drivers
L_0000016dd2dcdbf0 .functor MUXZ 32, L_0000016dd2dcd150, L_0000016dd2dcde70, L_0000016dd2d6f430, C4<>;
    .scope S_0000016dd2ca9e20;
T_0 ;
    %wait E_0000016dd2d00670;
    %load/vec4 v0000016dd2d6ae60_0;
    %nor/r;
    %flag_set/vec4 8;
    %jmp/0xz  T_0.0, 8;
    %pushi/vec4 0, 0, 32;
    %assign/vec4 v0000016dd2d6ac80_0, 0;
    %jmp T_0.1;
T_0.0 ;
    %load/vec4 v0000016dd2d6adc0_0;
    %assign/vec4 v0000016dd2d6ac80_0, 0;
T_0.1 ;
    %jmp T_0;
    .thread T_0;
    .scope S_0000016dd2ca9c90;
T_1 ;
    %vpi_call 11 12 "$readmemh", "memfile.hex", v0000016dd2d6a6e0 {0 0 0};
    %end;
    .thread T_1;
    .scope S_0000016dd2cac140;
T_2 ;
    %wait E_0000016dd2d00670;
    %load/vec4 v0000016dd2d6d7d0_0;
    %load/vec4 v0000016dd2d6da50_0;
    %pushi/vec4 0, 0, 5;
    %cmp/ne;
    %flag_get/vec4 4;
    %and;
    %flag_set/vec4 8;
    %jmp/0xz  T_2.0, 8;
    %load/vec4 v0000016dd2d6ce70_0;
    %load/vec4 v0000016dd2d6da50_0;
    %pad/u 7;
    %ix/vec4 3;
    %ix/load 4, 0, 0; Constant delay
    %assign/vec4/a/d v0000016dd2d6d910, 0, 4;
T_2.0 ;
    %jmp T_2;
    .thread T_2;
    .scope S_0000016dd2c95dd0;
T_3 ;
    %wait E_0000016dd2d00670;
    %load/vec4 v0000016dd2d6a960_0;
    %flag_set/vec4 8;
    %jmp/0xz  T_3.0, 8;
    %load/vec4 v0000016dd2d6bb80_0;
    %load/vec4 v0000016dd2d6b900_0;
    %parti/s 30, 2, 3;
    %ix/vec4 3;
    %ix/load 4, 0, 0; Constant delay
    %assign/vec4/a/d v0000016dd2d6bfe0, 0, 4;
T_3.0 ;
    %jmp T_3;
    .thread T_3;
    .scope S_0000016dd2d07e20;
T_4 ;
    %pushi/vec4 0, 0, 1;
    %store/vec4 v0000016dd2d6e170_0, 0, 1;
    %pushi/vec4 0, 0, 1;
    %store/vec4 v0000016dd2d6e670_0, 0, 1;
    %end;
    .thread T_4;
    .scope S_0000016dd2d07e20;
T_5 ;
    %vpi_call 2 15 "$dumpfile", "Single Cycle.vcd" {0 0 0};
    %vpi_call 2 16 "$dumpvars", 32'sb00000000000000000000000000000000, S_0000016dd2d07e20 {0 0 0};
    %end;
    .thread T_5;
    .scope S_0000016dd2d07e20;
T_6 ;
    %delay 50, 0;
    %load/vec4 v0000016dd2d6e170_0;
    %inv;
    %store/vec4 v0000016dd2d6e170_0, 0, 1;
    %jmp T_6;
    .thread T_6;
    .scope S_0000016dd2d07e20;
T_7 ;
    %pushi/vec4 0, 0, 1;
    %store/vec4 v0000016dd2d6e670_0, 0, 1;
    %delay 120, 0;
    %pushi/vec4 1, 0, 1;
    %store/vec4 v0000016dd2d6e670_0, 0, 1;
    %delay 650, 0;
    %vpi_call 2 30 "$finish" {0 0 0};
    %end;
    .thread T_7;
    .scope S_0000016dd2d07e20;
T_8 ;
    %vpi_call 2 34 "$monitor", "Time=%0t PC=%h Instruction=%h ALUResult=%h", $time, v0000016dd2d70dd0_0, v0000016dd2d70ab0_0, v0000016dd2d712d0_0 {0 0 0};
    %end;
    .thread T_8;
# The file index is used to find the file name in the following table.
:file_names 17;
    "N/A";
    "<interactive>";
    "15_Single_Cycle_Top_Tb.v";
    "./14_Single_Cycle_Top.v";
    "./06_ALU.v";
    "./08_Mux.v";
    "./12_Branch_Control.v";
    "./11_Control_Unit_Top.v";
    "./10_ALU_Decoder.v";
    "./09_Main_Decoder.v";
    "./07_Data_Memory.v";
    "./03_Instruction_Memory.v";
    "./01_PC.v";
    "./02_PC_Adder.v";
    "./13_PC_Target_Adder.v";
    "./04_Register_File.v";
    "./05_Sign_Extend.v";
